[2026-07-31T10:53:41.368+0000] {processor.py:161} INFO - Started process (PID=148) to work on /home/airflow/.local/lib/python3.12/site-packages/airflow/example_dags/example_python_decorator.py
[2026-07-31T10:53:41.371+0000] {processor.py:830} INFO - Processing file /home/airflow/.local/lib/python3.12/site-packages/airflow/example_dags/example_python_decorator.py for tasks to queue
[2026-07-31T10:53:41.381+0000] {logging_mixin.py:188} INFO - [2026-07-31T10:53:41.380+0000] {dagbag.py:545} INFO - Filling up the DagBag from /home/airflow/.local/lib/python3.12/site-packages/airflow/example_dags/example_python_decorator.py
[2026-07-31T10:53:41.557+0000] {processor.py:840} INFO - DAG(s) 'example_python_decorator' retrieved from /home/airflow/.local/lib/python3.12/site-packages/airflow/example_dags/example_python_decorator.py
[2026-07-31T10:53:42.525+0000] {logging_mixin.py:188} INFO - [2026-07-31T10:53:42.524+0000] {dag.py:3089} INFO - Sync 1 DAGs
[2026-07-31T10:53:42.577+0000] {logging_mixin.py:188} INFO - [2026-07-31T10:53:42.576+0000] {dag.py:3947} INFO - Setting next_dagrun for example_python_decorator to None, run_after=None
[2026-07-31T10:53:42.661+0000] {processor.py:183} INFO - Processing /home/airflow/.local/lib/python3.12/site-packages/airflow/example_dags/example_python_decorator.py took 1.331 seconds
[2026-07-31T10:55:05.512+0000] {processor.py:161} INFO - Started process (PID=217) to work on /home/airflow/.local/lib/python3.12/site-packages/airflow/example_dags/example_python_decorator.py
[2026-07-31T10:55:05.526+0000] {processor.py:830} INFO - Processing file /home/airflow/.local/lib/python3.12/site-packages/airflow/example_dags/example_python_decorator.py for tasks to queue
[2026-07-31T10:55:05.557+0000] {logging_mixin.py:188} INFO - [2026-07-31T10:55:05.555+0000] {dagbag.py:545} INFO - Filling up the DagBag from /home/airflow/.local/lib/python3.12/site-packages/airflow/example_dags/example_python_decorator.py
[2026-07-31T10:55:05.929+0000] {processor.py:840} INFO - DAG(s) 'example_python_decorator' retrieved from /home/airflow/.local/lib/python3.12/site-packages/airflow/example_dags/example_python_decorator.py
[2026-07-31T10:55:06.153+0000] {logging_mixin.py:188} INFO - [2026-07-31T10:55:06.152+0000] {dag.py:3089} INFO - Sync 1 DAGs
[2026-07-31T10:55:06.314+0000] {logging_mixin.py:188} INFO - [2026-07-31T10:55:06.313+0000] {dag.py:3947} INFO - Setting next_dagrun for example_python_decorator to None, run_after=None
[2026-07-31T10:55:06.494+0000] {processor.py:183} INFO - Processing /home/airflow/.local/lib/python3.12/site-packages/airflow/example_dags/example_python_decorator.py took 1.133 seconds
[2026-07-31T10:55:37.201+0000] {processor.py:161} INFO - Started process (PID=275) to work on /home/airflow/.local/lib/python3.12/site-packages/airflow/example_dags/example_python_decorator.py
[2026-07-31T10:55:37.204+0000] {processor.py:830} INFO - Processing file /home/airflow/.local/lib/python3.12/site-packages/airflow/example_dags/example_python_decorator.py for tasks to queue
[2026-07-31T10:55:37.208+0000] {logging_mixin.py:188} INFO - [2026-07-31T10:55:37.207+0000] {dagbag.py:545} INFO - Filling up the DagBag from /home/airflow/.local/lib/python3.12/site-packages/airflow/example_dags/example_python_decorator.py
[2026-07-31T10:55:37.239+0000] {processor.py:840} INFO - DAG(s) 'example_python_decorator' retrieved from /home/airflow/.local/lib/python3.12/site-packages/airflow/example_dags/example_python_decorator.py
[2026-07-31T10:55:37.291+0000] {logging_mixin.py:188} INFO - [2026-07-31T10:55:37.290+0000] {dag.py:3089} INFO - Sync 1 DAGs
[2026-07-31T10:55:37.328+0000] {logging_mixin.py:188} INFO - [2026-07-31T10:55:37.328+0000] {dag.py:3947} INFO - Setting next_dagrun for example_python_decorator to None, run_after=None
[2026-07-31T10:55:37.368+0000] {processor.py:183} INFO - Processing /home/airflow/.local/lib/python3.12/site-packages/airflow/example_dags/example_python_decorator.py took 0.179 seconds
[2026-07-31T10:56:10.711+0000] {processor.py:161} INFO - Started process (PID=333) to work on /home/airflow/.local/lib/python3.12/site-packages/airflow/example_dags/example_python_decorator.py
[2026-07-31T10:56:10.722+0000] {processor.py:830} INFO - Processing file /home/airflow/.local/lib/python3.12/site-packages/airflow/example_dags/example_python_decorator.py for tasks to queue
[2026-07-31T10:56:10.746+0000] {logging_mixin.py:188} INFO - [2026-07-31T10:56:10.736+0000] {dagbag.py:545} INFO - Filling up the DagBag from /home/airflow/.local/lib/python3.12/site-packages/airflow/example_dags/example_python_decorator.py
[2026-07-31T10:56:10.846+0000] {processor.py:840} INFO - DAG(s) 'example_python_decorator' retrieved from /home/airflow/.local/lib/python3.12/site-packages/airflow/example_dags/example_python_decorator.py
[2026-07-31T10:56:10.953+0000] {logging_mixin.py:188} INFO - [2026-07-31T10:56:10.952+0000] {dag.py:3089} INFO - Sync 1 DAGs
[2026-07-31T10:56:10.996+0000] {logging_mixin.py:188} INFO - [2026-07-31T10:56:10.995+0000] {dag.py:3947} INFO - Setting next_dagrun for example_python_decorator to None, run_after=None
[2026-07-31T10:56:11.275+0000] {processor.py:183} INFO - Processing /home/airflow/.local/lib/python3.12/site-packages/airflow/example_dags/example_python_decorator.py took 0.639 seconds
[2026-07-31T10:56:41.709+0000] {processor.py:161} INFO - Started process (PID=389) to work on /home/airflow/.local/lib/python3.12/site-packages/airflow/example_dags/example_python_decorator.py
[2026-07-31T10:56:41.714+0000] {processor.py:830} INFO - Processing file /home/airflow/.local/lib/python3.12/site-packages/airflow/example_dags/example_python_decorator.py for tasks to queue
[2026-07-31T10:56:41.719+0000] {logging_mixin.py:188} INFO - [2026-07-31T10:56:41.718+0000] {dagbag.py:545} INFO - Filling up the DagBag from /home/airflow/.local/lib/python3.12/site-packages/airflow/example_dags/example_python_decorator.py
[2026-07-31T10:56:41.780+0000] {processor.py:840} INFO - DAG(s) 'example_python_decorator' retrieved from /home/airflow/.local/lib/python3.12/site-packages/airflow/example_dags/example_python_decorator.py
[2026-07-31T10:56:41.860+0000] {logging_mixin.py:188} INFO - [2026-07-31T10:56:41.860+0000] {dag.py:3089} INFO - Sync 1 DAGs
[2026-07-31T10:56:41.895+0000] {logging_mixin.py:188} INFO - [2026-07-31T10:56:41.895+0000] {dag.py:3947} INFO - Setting next_dagrun for example_python_decorator to None, run_after=None
[2026-07-31T10:56:41.936+0000] {processor.py:183} INFO - Processing /home/airflow/.local/lib/python3.12/site-packages/airflow/example_dags/example_python_decorator.py took 0.258 seconds
[2026-07-31T10:57:12.272+0000] {processor.py:161} INFO - Started process (PID=447) to work on /home/airflow/.local/lib/python3.12/site-packages/airflow/example_dags/example_python_decorator.py
[2026-07-31T10:57:12.274+0000] {processor.py:830} INFO - Processing file /home/airflow/.local/lib/python3.12/site-packages/airflow/example_dags/example_python_decorator.py for tasks to queue
[2026-07-31T10:57:12.276+0000] {logging_mixin.py:188} INFO - [2026-07-31T10:57:12.276+0000] {dagbag.py:545} INFO - Filling up the DagBag from /home/airflow/.local/lib/python3.12/site-packages/airflow/example_dags/example_python_decorator.py
[2026-07-31T10:57:12.294+0000] {processor.py:840} INFO - DAG(s) 'example_python_decorator' retrieved from /home/airflow/.local/lib/python3.12/site-packages/airflow/example_dags/example_python_decorator.py
[2026-07-31T10:57:12.349+0000] {logging_mixin.py:188} INFO - [2026-07-31T10:57:12.349+0000] {dag.py:3089} INFO - Sync 1 DAGs
[2026-07-31T10:57:12.383+0000] {logging_mixin.py:188} INFO - [2026-07-31T10:57:12.382+0000] {dag.py:3947} INFO - Setting next_dagrun for example_python_decorator to None, run_after=None
[2026-07-31T10:57:12.441+0000] {processor.py:183} INFO - Processing /home/airflow/.local/lib/python3.12/site-packages/airflow/example_dags/example_python_decorator.py took 0.177 seconds
[2026-07-31T10:57:43.454+0000] {processor.py:161} INFO - Started process (PID=504) to work on /home/airflow/.local/lib/python3.12/site-packages/airflow/example_dags/example_python_decorator.py
[2026-07-31T10:57:43.457+0000] {processor.py:830} INFO - Processing file /home/airflow/.local/lib/python3.12/site-packages/airflow/example_dags/example_python_decorator.py for tasks to queue
[2026-07-31T10:57:43.460+0000] {logging_mixin.py:188} INFO - [2026-07-31T10:57:43.460+0000] {dagbag.py:545} INFO - Filling up the DagBag from /home/airflow/.local/lib/python3.12/site-packages/airflow/example_dags/example_python_decorator.py
[2026-07-31T10:57:43.484+0000] {processor.py:840} INFO - DAG(s) 'example_python_decorator' retrieved from /home/airflow/.local/lib/python3.12/site-packages/airflow/example_dags/example_python_decorator.py
[2026-07-31T10:57:43.523+0000] {logging_mixin.py:188} INFO - [2026-07-31T10:57:43.523+0000] {dag.py:3089} INFO - Sync 1 DAGs
[2026-07-31T10:57:43.548+0000] {logging_mixin.py:188} INFO - [2026-07-31T10:57:43.548+0000] {dag.py:3947} INFO - Setting next_dagrun for example_python_decorator to None, run_after=None
[2026-07-31T10:57:43.590+0000] {processor.py:183} INFO - Processing /home/airflow/.local/lib/python3.12/site-packages/airflow/example_dags/example_python_decorator.py took 0.147 seconds
[2026-07-31T10:58:14.342+0000] {processor.py:161} INFO - Started process (PID=562) to work on /home/airflow/.local/lib/python3.12/site-packages/airflow/example_dags/example_python_decorator.py
[2026-07-31T10:58:14.358+0000] {processor.py:830} INFO - Processing file /home/airflow/.local/lib/python3.12/site-packages/airflow/example_dags/example_python_decorator.py for tasks to queue
[2026-07-31T10:58:14.404+0000] {logging_mixin.py:188} INFO - [2026-07-31T10:58:14.401+0000] {dagbag.py:545} INFO - Filling up the DagBag from /home/airflow/.local/lib/python3.12/site-packages/airflow/example_dags/example_python_decorator.py
[2026-07-31T10:58:14.942+0000] {processor.py:840} INFO - DAG(s) 'example_python_decorator' retrieved from /home/airflow/.local/lib/python3.12/site-packages/airflow/example_dags/example_python_decorator.py
[2026-07-31T10:58:15.174+0000] {logging_mixin.py:188} INFO - [2026-07-31T10:58:15.173+0000] {dag.py:3089} INFO - Sync 1 DAGs
[2026-07-31T10:58:15.331+0000] {logging_mixin.py:188} INFO - [2026-07-31T10:58:15.330+0000] {dag.py:3947} INFO - Setting next_dagrun for example_python_decorator to None, run_after=None
[2026-07-31T10:58:15.456+0000] {processor.py:183} INFO - Processing /home/airflow/.local/lib/python3.12/site-packages/airflow/example_dags/example_python_decorator.py took 1.204 seconds
[2026-07-31T10:58:45.679+0000] {processor.py:161} INFO - Started process (PID=620) to work on /home/airflow/.local/lib/python3.12/site-packages/airflow/example_dags/example_python_decorator.py
[2026-07-31T10:58:45.684+0000] {processor.py:830} INFO - Processing file /home/airflow/.local/lib/python3.12/site-packages/airflow/example_dags/example_python_decorator.py for tasks to queue
[2026-07-31T10:58:45.695+0000] {logging_mixin.py:188} INFO - [2026-07-31T10:58:45.694+0000] {dagbag.py:545} INFO - Filling up the DagBag from /home/airflow/.local/lib/python3.12/site-packages/airflow/example_dags/example_python_decorator.py
[2026-07-31T10:58:45.762+0000] {processor.py:840} INFO - DAG(s) 'example_python_decorator' retrieved from /home/airflow/.local/lib/python3.12/site-packages/airflow/example_dags/example_python_decorator.py
[2026-07-31T10:58:45.842+0000] {logging_mixin.py:188} INFO - [2026-07-31T10:58:45.842+0000] {dag.py:3089} INFO - Sync 1 DAGs
[2026-07-31T10:58:45.874+0000] {logging_mixin.py:188} INFO - [2026-07-31T10:58:45.874+0000] {dag.py:3947} INFO - Setting next_dagrun for example_python_decorator to None, run_after=None
[2026-07-31T10:58:45.923+0000] {processor.py:183} INFO - Processing /home/airflow/.local/lib/python3.12/site-packages/airflow/example_dags/example_python_decorator.py took 0.271 seconds
[2026-07-31T10:59:16.490+0000] {processor.py:161} INFO - Started process (PID=678) to work on /home/airflow/.local/lib/python3.12/site-packages/airflow/example_dags/example_python_decorator.py
[2026-07-31T10:59:16.492+0000] {processor.py:830} INFO - Processing file /home/airflow/.local/lib/python3.12/site-packages/airflow/example_dags/example_python_decorator.py for tasks to queue
[2026-07-31T10:59:16.497+0000] {logging_mixin.py:188} INFO - [2026-07-31T10:59:16.496+0000] {dagbag.py:545} INFO - Filling up the DagBag from /home/airflow/.local/lib/python3.12/site-packages/airflow/example_dags/example_python_decorator.py
[2026-07-31T10:59:16.523+0000] {processor.py:840} INFO - DAG(s) 'example_python_decorator' retrieved from /home/airflow/.local/lib/python3.12/site-packages/airflow/example_dags/example_python_decorator.py
[2026-07-31T10:59:16.563+0000] {logging_mixin.py:188} INFO - [2026-07-31T10:59:16.562+0000] {dag.py:3089} INFO - Sync 1 DAGs
[2026-07-31T10:59:16.587+0000] {logging_mixin.py:188} INFO - [2026-07-31T10:59:16.587+0000] {dag.py:3947} INFO - Setting next_dagrun for example_python_decorator to None, run_after=None
[2026-07-31T10:59:16.622+0000] {processor.py:183} INFO - Processing /home/airflow/.local/lib/python3.12/site-packages/airflow/example_dags/example_python_decorator.py took 0.146 seconds
[2026-07-31T10:59:46.876+0000] {processor.py:161} INFO - Started process (PID=736) to work on /home/airflow/.local/lib/python3.12/site-packages/airflow/example_dags/example_python_decorator.py
[2026-07-31T10:59:46.878+0000] {processor.py:830} INFO - Processing file /home/airflow/.local/lib/python3.12/site-packages/airflow/example_dags/example_python_decorator.py for tasks to queue
[2026-07-31T10:59:46.881+0000] {logging_mixin.py:188} INFO - [2026-07-31T10:59:46.881+0000] {dagbag.py:545} INFO - Filling up the DagBag from /home/airflow/.local/lib/python3.12/site-packages/airflow/example_dags/example_python_decorator.py
[2026-07-31T10:59:46.904+0000] {processor.py:840} INFO - DAG(s) 'example_python_decorator' retrieved from /home/airflow/.local/lib/python3.12/site-packages/airflow/example_dags/example_python_decorator.py
[2026-07-31T10:59:46.935+0000] {logging_mixin.py:188} INFO - [2026-07-31T10:59:46.935+0000] {dag.py:3089} INFO - Sync 1 DAGs
[2026-07-31T10:59:46.953+0000] {logging_mixin.py:188} INFO - [2026-07-31T10:59:46.952+0000] {dag.py:3947} INFO - Setting next_dagrun for example_python_decorator to None, run_after=None
[2026-07-31T10:59:46.980+0000] {processor.py:183} INFO - Processing /home/airflow/.local/lib/python3.12/site-packages/airflow/example_dags/example_python_decorator.py took 0.113 seconds
[2026-07-31T11:00:17.310+0000] {processor.py:161} INFO - Started process (PID=794) to work on /home/airflow/.local/lib/python3.12/site-packages/airflow/example_dags/example_python_decorator.py
[2026-07-31T11:00:17.316+0000] {processor.py:830} INFO - Processing file /home/airflow/.local/lib/python3.12/site-packages/airflow/example_dags/example_python_decorator.py for tasks to queue
[2026-07-31T11:00:17.321+0000] {logging_mixin.py:188} INFO - [2026-07-31T11:00:17.320+0000] {dagbag.py:545} INFO - Filling up the DagBag from /home/airflow/.local/lib/python3.12/site-packages/airflow/example_dags/example_python_decorator.py
[2026-07-31T11:00:17.385+0000] {processor.py:840} INFO - DAG(s) 'example_python_decorator' retrieved from /home/airflow/.local/lib/python3.12/site-packages/airflow/example_dags/example_python_decorator.py
[2026-07-31T11:00:17.497+0000] {logging_mixin.py:188} INFO - [2026-07-31T11:00:17.496+0000] {dag.py:3089} INFO - Sync 1 DAGs
[2026-07-31T11:00:17.616+0000] {logging_mixin.py:188} INFO - [2026-07-31T11:00:17.604+0000] {dag.py:3947} INFO - Setting next_dagrun for example_python_decorator to None, run_after=None
[2026-07-31T11:00:17.767+0000] {processor.py:183} INFO - Processing /home/airflow/.local/lib/python3.12/site-packages/airflow/example_dags/example_python_decorator.py took 0.471 seconds
[2026-07-31T11:00:47.947+0000] {processor.py:161} INFO - Started process (PID=850) to work on /home/airflow/.local/lib/python3.12/site-packages/airflow/example_dags/example_python_decorator.py
[2026-07-31T11:00:47.950+0000] {processor.py:830} INFO - Processing file /home/airflow/.local/lib/python3.12/site-packages/airflow/example_dags/example_python_decorator.py for tasks to queue
[2026-07-31T11:00:47.956+0000] {logging_mixin.py:188} INFO - [2026-07-31T11:00:47.956+0000] {dagbag.py:545} INFO - Filling up the DagBag from /home/airflow/.local/lib/python3.12/site-packages/airflow/example_dags/example_python_decorator.py
[2026-07-31T11:00:47.980+0000] {processor.py:840} INFO - DAG(s) 'example_python_decorator' retrieved from /home/airflow/.local/lib/python3.12/site-packages/airflow/example_dags/example_python_decorator.py
[2026-07-31T11:00:48.020+0000] {logging_mixin.py:188} INFO - [2026-07-31T11:00:48.020+0000] {dag.py:3089} INFO - Sync 1 DAGs
[2026-07-31T11:00:48.040+0000] {logging_mixin.py:188} INFO - [2026-07-31T11:00:48.039+0000] {dag.py:3947} INFO - Setting next_dagrun for example_python_decorator to None, run_after=None
[2026-07-31T11:00:48.085+0000] {processor.py:183} INFO - Processing /home/airflow/.local/lib/python3.12/site-packages/airflow/example_dags/example_python_decorator.py took 0.160 seconds
[2026-07-31T11:01:18.564+0000] {processor.py:161} INFO - Started process (PID=908) to work on /home/airflow/.local/lib/python3.12/site-packages/airflow/example_dags/example_python_decorator.py
[2026-07-31T11:01:18.566+0000] {processor.py:830} INFO - Processing file /home/airflow/.local/lib/python3.12/site-packages/airflow/example_dags/example_python_decorator.py for tasks to queue
[2026-07-31T11:01:18.569+0000] {logging_mixin.py:188} INFO - [2026-07-31T11:01:18.569+0000] {dagbag.py:545} INFO - Filling up the DagBag from /home/airflow/.local/lib/python3.12/site-packages/airflow/example_dags/example_python_decorator.py
[2026-07-31T11:01:18.589+0000] {processor.py:840} INFO - DAG(s) 'example_python_decorator' retrieved from /home/airflow/.local/lib/python3.12/site-packages/airflow/example_dags/example_python_decorator.py
[2026-07-31T11:01:18.619+0000] {logging_mixin.py:188} INFO - [2026-07-31T11:01:18.619+0000] {dag.py:3089} INFO - Sync 1 DAGs
[2026-07-31T11:01:18.635+0000] {logging_mixin.py:188} INFO - [2026-07-31T11:01:18.634+0000] {dag.py:3947} INFO - Setting next_dagrun for example_python_decorator to None, run_after=None
[2026-07-31T11:01:18.661+0000] {processor.py:183} INFO - Processing /home/airflow/.local/lib/python3.12/site-packages/airflow/example_dags/example_python_decorator.py took 0.105 seconds
[2026-07-31T11:01:49.444+0000] {processor.py:161} INFO - Started process (PID=966) to work on /home/airflow/.local/lib/python3.12/site-packages/airflow/example_dags/example_python_decorator.py
[2026-07-31T11:01:49.446+0000] {processor.py:830} INFO - Processing file /home/airflow/.local/lib/python3.12/site-packages/airflow/example_dags/example_python_decorator.py for tasks to queue
[2026-07-31T11:01:49.451+0000] {logging_mixin.py:188} INFO - [2026-07-31T11:01:49.450+0000] {dagbag.py:545} INFO - Filling up the DagBag from /home/airflow/.local/lib/python3.12/site-packages/airflow/example_dags/example_python_decorator.py
[2026-07-31T11:01:49.495+0000] {processor.py:840} INFO - DAG(s) 'example_python_decorator' retrieved from /home/airflow/.local/lib/python3.12/site-packages/airflow/example_dags/example_python_decorator.py
[2026-07-31T11:01:49.559+0000] {logging_mixin.py:188} INFO - [2026-07-31T11:01:49.557+0000] {dag.py:3089} INFO - Sync 1 DAGs
[2026-07-31T11:01:49.603+0000] {logging_mixin.py:188} INFO - [2026-07-31T11:01:49.602+0000] {dag.py:3947} INFO - Setting next_dagrun for example_python_decorator to None, run_after=None
[2026-07-31T11:01:49.700+0000] {processor.py:183} INFO - Processing /home/airflow/.local/lib/python3.12/site-packages/airflow/example_dags/example_python_decorator.py took 0.279 seconds
[2026-07-31T11:02:19.790+0000] {processor.py:161} INFO - Started process (PID=1024) to work on /home/airflow/.local/lib/python3.12/site-packages/airflow/example_dags/example_python_decorator.py
[2026-07-31T11:02:19.792+0000] {processor.py:830} INFO - Processing file /home/airflow/.local/lib/python3.12/site-packages/airflow/example_dags/example_python_decorator.py for tasks to queue
[2026-07-31T11:02:19.796+0000] {logging_mixin.py:188} INFO - [2026-07-31T11:02:19.795+0000] {dagbag.py:545} INFO - Filling up the DagBag from /home/airflow/.local/lib/python3.12/site-packages/airflow/example_dags/example_python_decorator.py
[2026-07-31T11:02:19.814+0000] {processor.py:840} INFO - DAG(s) 'example_python_decorator' retrieved from /home/airflow/.local/lib/python3.12/site-packages/airflow/example_dags/example_python_decorator.py
[2026-07-31T11:02:19.846+0000] {logging_mixin.py:188} INFO - [2026-07-31T11:02:19.846+0000] {dag.py:3089} INFO - Sync 1 DAGs
[2026-07-31T11:02:19.865+0000] {logging_mixin.py:188} INFO - [2026-07-31T11:02:19.864+0000] {dag.py:3947} INFO - Setting next_dagrun for example_python_decorator to None, run_after=None
[2026-07-31T11:02:19.900+0000] {processor.py:183} INFO - Processing /home/airflow/.local/lib/python3.12/site-packages/airflow/example_dags/example_python_decorator.py took 0.117 seconds
[2026-07-31T11:02:57.016+0000] {processor.py:161} INFO - Started process (PID=1082) to work on /home/airflow/.local/lib/python3.12/site-packages/airflow/example_dags/example_python_decorator.py
[2026-07-31T11:02:57.021+0000] {processor.py:830} INFO - Processing file /home/airflow/.local/lib/python3.12/site-packages/airflow/example_dags/example_python_decorator.py for tasks to queue
[2026-07-31T11:02:57.030+0000] {logging_mixin.py:188} INFO - [2026-07-31T11:02:57.029+0000] {dagbag.py:545} INFO - Filling up the DagBag from /home/airflow/.local/lib/python3.12/site-packages/airflow/example_dags/example_python_decorator.py
[2026-07-31T11:02:57.182+0000] {processor.py:840} INFO - DAG(s) 'example_python_decorator' retrieved from /home/airflow/.local/lib/python3.12/site-packages/airflow/example_dags/example_python_decorator.py
[2026-07-31T11:02:57.350+0000] {logging_mixin.py:188} INFO - [2026-07-31T11:02:57.349+0000] {dag.py:3089} INFO - Sync 1 DAGs
[2026-07-31T11:02:57.479+0000] {logging_mixin.py:188} INFO - [2026-07-31T11:02:57.479+0000] {dag.py:3947} INFO - Setting next_dagrun for example_python_decorator to None, run_after=None
[2026-07-31T11:02:57.581+0000] {processor.py:183} INFO - Processing /home/airflow/.local/lib/python3.12/site-packages/airflow/example_dags/example_python_decorator.py took 0.599 seconds
[2026-07-31T11:03:28.543+0000] {processor.py:161} INFO - Started process (PID=1139) to work on /home/airflow/.local/lib/python3.12/site-packages/airflow/example_dags/example_python_decorator.py
[2026-07-31T11:03:28.549+0000] {processor.py:830} INFO - Processing file /home/airflow/.local/lib/python3.12/site-packages/airflow/example_dags/example_python_decorator.py for tasks to queue
[2026-07-31T11:03:28.563+0000] {logging_mixin.py:188} INFO - [2026-07-31T11:03:28.562+0000] {dagbag.py:545} INFO - Filling up the DagBag from /home/airflow/.local/lib/python3.12/site-packages/airflow/example_dags/example_python_decorator.py
[2026-07-31T11:03:28.663+0000] {processor.py:840} INFO - DAG(s) 'example_python_decorator' retrieved from /home/airflow/.local/lib/python3.12/site-packages/airflow/example_dags/example_python_decorator.py
[2026-07-31T11:03:28.797+0000] {logging_mixin.py:188} INFO - [2026-07-31T11:03:28.796+0000] {dag.py:3089} INFO - Sync 1 DAGs
[2026-07-31T11:03:28.856+0000] {logging_mixin.py:188} INFO - [2026-07-31T11:03:28.855+0000] {dag.py:3947} INFO - Setting next_dagrun for example_python_decorator to None, run_after=None
[2026-07-31T11:03:28.938+0000] {processor.py:183} INFO - Processing /home/airflow/.local/lib/python3.12/site-packages/airflow/example_dags/example_python_decorator.py took 0.438 seconds
[2026-07-31T11:04:01.932+0000] {processor.py:161} INFO - Started process (PID=1199) to work on /home/airflow/.local/lib/python3.12/site-packages/airflow/example_dags/example_python_decorator.py
[2026-07-31T11:04:01.936+0000] {processor.py:830} INFO - Processing file /home/airflow/.local/lib/python3.12/site-packages/airflow/example_dags/example_python_decorator.py for tasks to queue
[2026-07-31T11:04:01.945+0000] {logging_mixin.py:188} INFO - [2026-07-31T11:04:01.943+0000] {dagbag.py:545} INFO - Filling up the DagBag from /home/airflow/.local/lib/python3.12/site-packages/airflow/example_dags/example_python_decorator.py
[2026-07-31T11:04:02.012+0000] {processor.py:840} INFO - DAG(s) 'example_python_decorator' retrieved from /home/airflow/.local/lib/python3.12/site-packages/airflow/example_dags/example_python_decorator.py
[2026-07-31T11:04:02.077+0000] {logging_mixin.py:188} INFO - [2026-07-31T11:04:02.076+0000] {dag.py:3089} INFO - Sync 1 DAGs
[2026-07-31T11:04:02.135+0000] {logging_mixin.py:188} INFO - [2026-07-31T11:04:02.134+0000] {dag.py:3947} INFO - Setting next_dagrun for example_python_decorator to None, run_after=None
[2026-07-31T11:04:02.208+0000] {processor.py:183} INFO - Processing /home/airflow/.local/lib/python3.12/site-packages/airflow/example_dags/example_python_decorator.py took 0.314 seconds
[2026-07-31T11:04:40.411+0000] {processor.py:161} INFO - Started process (PID=1263) to work on /home/airflow/.local/lib/python3.12/site-packages/airflow/example_dags/example_python_decorator.py
[2026-07-31T11:04:40.423+0000] {processor.py:830} INFO - Processing file /home/airflow/.local/lib/python3.12/site-packages/airflow/example_dags/example_python_decorator.py for tasks to queue
[2026-07-31T11:04:40.454+0000] {logging_mixin.py:188} INFO - [2026-07-31T11:04:40.453+0000] {dagbag.py:545} INFO - Filling up the DagBag from /home/airflow/.local/lib/python3.12/site-packages/airflow/example_dags/example_python_decorator.py
[2026-07-31T11:04:40.621+0000] {processor.py:840} INFO - DAG(s) 'example_python_decorator' retrieved from /home/airflow/.local/lib/python3.12/site-packages/airflow/example_dags/example_python_decorator.py
[2026-07-31T11:04:40.860+0000] {logging_mixin.py:188} INFO - [2026-07-31T11:04:40.859+0000] {dag.py:3089} INFO - Sync 1 DAGs
[2026-07-31T11:04:41.242+0000] {logging_mixin.py:188} INFO - [2026-07-31T11:04:41.241+0000] {dag.py:3947} INFO - Setting next_dagrun for example_python_decorator to None, run_after=None
[2026-07-31T11:04:41.420+0000] {processor.py:183} INFO - Processing /home/airflow/.local/lib/python3.12/site-packages/airflow/example_dags/example_python_decorator.py took 1.074 seconds
[2026-07-31T11:05:43.959+0000] {processor.py:161} INFO - Started process (PID=1331) to work on /home/airflow/.local/lib/python3.12/site-packages/airflow/example_dags/example_python_decorator.py
[2026-07-31T11:05:43.962+0000] {processor.py:830} INFO - Processing file /home/airflow/.local/lib/python3.12/site-packages/airflow/example_dags/example_python_decorator.py for tasks to queue
[2026-07-31T11:05:43.969+0000] {logging_mixin.py:188} INFO - [2026-07-31T11:05:43.968+0000] {dagbag.py:545} INFO - Filling up the DagBag from /home/airflow/.local/lib/python3.12/site-packages/airflow/example_dags/example_python_decorator.py
[2026-07-31T11:05:44.050+0000] {processor.py:840} INFO - DAG(s) 'example_python_decorator' retrieved from /home/airflow/.local/lib/python3.12/site-packages/airflow/example_dags/example_python_decorator.py
[2026-07-31T11:05:44.153+0000] {logging_mixin.py:188} INFO - [2026-07-31T11:05:44.152+0000] {dag.py:3089} INFO - Sync 1 DAGs
[2026-07-31T11:05:44.197+0000] {logging_mixin.py:188} INFO - [2026-07-31T11:05:44.196+0000] {dag.py:3947} INFO - Setting next_dagrun for example_python_decorator to None, run_after=None
[2026-07-31T11:05:44.279+0000] {processor.py:183} INFO - Processing /home/airflow/.local/lib/python3.12/site-packages/airflow/example_dags/example_python_decorator.py took 0.339 seconds
[2026-07-31T11:06:26.882+0000] {processor.py:161} INFO - Started process (PID=1395) to work on /home/airflow/.local/lib/python3.12/site-packages/airflow/example_dags/example_python_decorator.py
[2026-07-31T11:06:26.886+0000] {processor.py:830} INFO - Processing file /home/airflow/.local/lib/python3.12/site-packages/airflow/example_dags/example_python_decorator.py for tasks to queue
[2026-07-31T11:06:26.911+0000] {logging_mixin.py:188} INFO - [2026-07-31T11:06:26.904+0000] {dagbag.py:545} INFO - Filling up the DagBag from /home/airflow/.local/lib/python3.12/site-packages/airflow/example_dags/example_python_decorator.py
[2026-07-31T11:06:27.023+0000] {processor.py:840} INFO - DAG(s) 'example_python_decorator' retrieved from /home/airflow/.local/lib/python3.12/site-packages/airflow/example_dags/example_python_decorator.py
[2026-07-31T11:06:27.116+0000] {logging_mixin.py:188} INFO - [2026-07-31T11:06:27.115+0000] {dag.py:3089} INFO - Sync 1 DAGs
[2026-07-31T11:06:27.159+0000] {logging_mixin.py:188} INFO - [2026-07-31T11:06:27.159+0000] {dag.py:3947} INFO - Setting next_dagrun for example_python_decorator to None, run_after=None
[2026-07-31T11:06:27.236+0000] {processor.py:183} INFO - Processing /home/airflow/.local/lib/python3.12/site-packages/airflow/example_dags/example_python_decorator.py took 0.376 seconds
[2026-07-31T11:06:57.474+0000] {processor.py:161} INFO - Started process (PID=1454) to work on /home/airflow/.local/lib/python3.12/site-packages/airflow/example_dags/example_python_decorator.py
[2026-07-31T11:06:57.476+0000] {processor.py:830} INFO - Processing file /home/airflow/.local/lib/python3.12/site-packages/airflow/example_dags/example_python_decorator.py for tasks to queue
[2026-07-31T11:06:57.482+0000] {logging_mixin.py:188} INFO - [2026-07-31T11:06:57.481+0000] {dagbag.py:545} INFO - Filling up the DagBag from /home/airflow/.local/lib/python3.12/site-packages/airflow/example_dags/example_python_decorator.py
[2026-07-31T11:06:57.512+0000] {processor.py:840} INFO - DAG(s) 'example_python_decorator' retrieved from /home/airflow/.local/lib/python3.12/site-packages/airflow/example_dags/example_python_decorator.py
[2026-07-31T11:06:57.563+0000] {logging_mixin.py:188} INFO - [2026-07-31T11:06:57.563+0000] {dag.py:3089} INFO - Sync 1 DAGs
[2026-07-31T11:06:57.607+0000] {logging_mixin.py:188} INFO - [2026-07-31T11:06:57.606+0000] {dag.py:3947} INFO - Setting next_dagrun for example_python_decorator to None, run_after=None
[2026-07-31T11:06:57.704+0000] {processor.py:183} INFO - Processing /home/airflow/.local/lib/python3.12/site-packages/airflow/example_dags/example_python_decorator.py took 0.244 seconds
[2026-07-31T11:08:26.122+0000] {processor.py:161} INFO - Started process (PID=1524) to work on /home/airflow/.local/lib/python3.12/site-packages/airflow/example_dags/example_python_decorator.py
[2026-07-31T11:08:26.127+0000] {processor.py:830} INFO - Processing file /home/airflow/.local/lib/python3.12/site-packages/airflow/example_dags/example_python_decorator.py for tasks to queue
[2026-07-31T11:08:26.136+0000] {logging_mixin.py:188} INFO - [2026-07-31T11:08:26.135+0000] {dagbag.py:545} INFO - Filling up the DagBag from /home/airflow/.local/lib/python3.12/site-packages/airflow/example_dags/example_python_decorator.py
[2026-07-31T11:08:26.214+0000] {processor.py:840} INFO - DAG(s) 'example_python_decorator' retrieved from /home/airflow/.local/lib/python3.12/site-packages/airflow/example_dags/example_python_decorator.py
[2026-07-31T11:08:26.355+0000] {logging_mixin.py:188} INFO - [2026-07-31T11:08:26.354+0000] {dag.py:3089} INFO - Sync 1 DAGs
[2026-07-31T11:08:26.413+0000] {logging_mixin.py:188} INFO - [2026-07-31T11:08:26.412+0000] {dag.py:3947} INFO - Setting next_dagrun for example_python_decorator to None, run_after=None
[2026-07-31T11:08:26.557+0000] {processor.py:183} INFO - Processing /home/airflow/.local/lib/python3.12/site-packages/airflow/example_dags/example_python_decorator.py took 0.462 seconds
[2026-07-31T11:10:00.226+0000] {processor.py:161} INFO - Started process (PID=1619) to work on /home/airflow/.local/lib/python3.12/site-packages/airflow/example_dags/example_python_decorator.py
[2026-07-31T11:10:00.231+0000] {processor.py:830} INFO - Processing file /home/airflow/.local/lib/python3.12/site-packages/airflow/example_dags/example_python_decorator.py for tasks to queue
[2026-07-31T11:10:00.251+0000] {logging_mixin.py:188} INFO - [2026-07-31T11:10:00.250+0000] {dagbag.py:545} INFO - Filling up the DagBag from /home/airflow/.local/lib/python3.12/site-packages/airflow/example_dags/example_python_decorator.py
[2026-07-31T11:10:00.396+0000] {processor.py:840} INFO - DAG(s) 'example_python_decorator' retrieved from /home/airflow/.local/lib/python3.12/site-packages/airflow/example_dags/example_python_decorator.py
[2026-07-31T11:10:00.572+0000] {logging_mixin.py:188} INFO - [2026-07-31T11:10:00.571+0000] {dag.py:3089} INFO - Sync 1 DAGs
[2026-07-31T11:10:00.713+0000] {logging_mixin.py:188} INFO - [2026-07-31T11:10:00.712+0000] {dag.py:3947} INFO - Setting next_dagrun for example_python_decorator to None, run_after=None
[2026-07-31T11:10:00.821+0000] {processor.py:183} INFO - Processing /home/airflow/.local/lib/python3.12/site-packages/airflow/example_dags/example_python_decorator.py took 0.674 seconds
[2026-07-31T11:10:41.511+0000] {processor.py:161} INFO - Started process (PID=1676) to work on /home/airflow/.local/lib/python3.12/site-packages/airflow/example_dags/example_python_decorator.py
[2026-07-31T11:10:41.525+0000] {processor.py:830} INFO - Processing file /home/airflow/.local/lib/python3.12/site-packages/airflow/example_dags/example_python_decorator.py for tasks to queue
[2026-07-31T11:10:41.543+0000] {logging_mixin.py:188} INFO - [2026-07-31T11:10:41.541+0000] {dagbag.py:545} INFO - Filling up the DagBag from /home/airflow/.local/lib/python3.12/site-packages/airflow/example_dags/example_python_decorator.py
[2026-07-31T11:10:41.777+0000] {processor.py:840} INFO - DAG(s) 'example_python_decorator' retrieved from /home/airflow/.local/lib/python3.12/site-packages/airflow/example_dags/example_python_decorator.py
[2026-07-31T11:10:41.977+0000] {logging_mixin.py:188} INFO - [2026-07-31T11:10:41.974+0000] {dag.py:3089} INFO - Sync 1 DAGs
[2026-07-31T11:10:43.351+0000] {logging_mixin.py:188} INFO - [2026-07-31T11:10:43.336+0000] {dag.py:3947} INFO - Setting next_dagrun for example_python_decorator to None, run_after=None
[2026-07-31T11:10:43.541+0000] {processor.py:183} INFO - Processing /home/airflow/.local/lib/python3.12/site-packages/airflow/example_dags/example_python_decorator.py took 2.086 seconds
[2026-07-31T11:12:15.564+0000] {processor.py:161} INFO - Started process (PID=1770) to work on /home/airflow/.local/lib/python3.12/site-packages/airflow/example_dags/example_python_decorator.py
[2026-07-31T11:12:15.567+0000] {processor.py:830} INFO - Processing file /home/airflow/.local/lib/python3.12/site-packages/airflow/example_dags/example_python_decorator.py for tasks to queue
[2026-07-31T11:12:15.572+0000] {logging_mixin.py:188} INFO - [2026-07-31T11:12:15.571+0000] {dagbag.py:545} INFO - Filling up the DagBag from /home/airflow/.local/lib/python3.12/site-packages/airflow/example_dags/example_python_decorator.py
[2026-07-31T11:12:15.645+0000] {processor.py:840} INFO - DAG(s) 'example_python_decorator' retrieved from /home/airflow/.local/lib/python3.12/site-packages/airflow/example_dags/example_python_decorator.py
[2026-07-31T11:12:15.745+0000] {logging_mixin.py:188} INFO - [2026-07-31T11:12:15.745+0000] {dag.py:3089} INFO - Sync 1 DAGs
[2026-07-31T11:12:15.786+0000] {logging_mixin.py:188} INFO - [2026-07-31T11:12:15.786+0000] {dag.py:3947} INFO - Setting next_dagrun for example_python_decorator to None, run_after=None
[2026-07-31T11:12:15.836+0000] {processor.py:183} INFO - Processing /home/airflow/.local/lib/python3.12/site-packages/airflow/example_dags/example_python_decorator.py took 0.291 seconds
[2026-07-31T11:12:48.443+0000] {processor.py:161} INFO - Started process (PID=1827) to work on /home/airflow/.local/lib/python3.12/site-packages/airflow/example_dags/example_python_decorator.py
[2026-07-31T11:12:48.455+0000] {processor.py:830} INFO - Processing file /home/airflow/.local/lib/python3.12/site-packages/airflow/example_dags/example_python_decorator.py for tasks to queue
[2026-07-31T11:12:48.464+0000] {logging_mixin.py:188} INFO - [2026-07-31T11:12:48.462+0000] {dagbag.py:545} INFO - Filling up the DagBag from /home/airflow/.local/lib/python3.12/site-packages/airflow/example_dags/example_python_decorator.py
[2026-07-31T11:12:48.589+0000] {processor.py:840} INFO - DAG(s) 'example_python_decorator' retrieved from /home/airflow/.local/lib/python3.12/site-packages/airflow/example_dags/example_python_decorator.py
[2026-07-31T11:12:48.689+0000] {logging_mixin.py:188} INFO - [2026-07-31T11:12:48.688+0000] {dag.py:3089} INFO - Sync 1 DAGs
[2026-07-31T11:12:48.836+0000] {logging_mixin.py:188} INFO - [2026-07-31T11:12:48.835+0000] {dag.py:3947} INFO - Setting next_dagrun for example_python_decorator to None, run_after=None
[2026-07-31T11:12:48.996+0000] {processor.py:183} INFO - Processing /home/airflow/.local/lib/python3.12/site-packages/airflow/example_dags/example_python_decorator.py took 0.594 seconds
[2026-07-31T11:13:20.916+0000] {processor.py:161} INFO - Started process (PID=1887) to work on /home/airflow/.local/lib/python3.12/site-packages/airflow/example_dags/example_python_decorator.py
[2026-07-31T11:13:20.924+0000] {processor.py:830} INFO - Processing file /home/airflow/.local/lib/python3.12/site-packages/airflow/example_dags/example_python_decorator.py for tasks to queue
[2026-07-31T11:13:20.941+0000] {logging_mixin.py:188} INFO - [2026-07-31T11:13:20.939+0000] {dagbag.py:545} INFO - Filling up the DagBag from /home/airflow/.local/lib/python3.12/site-packages/airflow/example_dags/example_python_decorator.py
[2026-07-31T11:13:21.096+0000] {processor.py:840} INFO - DAG(s) 'example_python_decorator' retrieved from /home/airflow/.local/lib/python3.12/site-packages/airflow/example_dags/example_python_decorator.py
[2026-07-31T11:13:21.264+0000] {logging_mixin.py:188} INFO - [2026-07-31T11:13:21.263+0000] {dag.py:3089} INFO - Sync 1 DAGs
[2026-07-31T11:13:21.401+0000] {logging_mixin.py:188} INFO - [2026-07-31T11:13:21.400+0000] {dag.py:3947} INFO - Setting next_dagrun for example_python_decorator to None, run_after=None
[2026-07-31T11:13:21.684+0000] {processor.py:183} INFO - Processing /home/airflow/.local/lib/python3.12/site-packages/airflow/example_dags/example_python_decorator.py took 0.825 seconds
[2026-07-31T11:14:09.125+0000] {processor.py:161} INFO - Started process (PID=1954) to work on /home/airflow/.local/lib/python3.12/site-packages/airflow/example_dags/example_python_decorator.py
[2026-07-31T11:14:09.132+0000] {processor.py:830} INFO - Processing file /home/airflow/.local/lib/python3.12/site-packages/airflow/example_dags/example_python_decorator.py for tasks to queue
[2026-07-31T11:14:09.140+0000] {logging_mixin.py:188} INFO - [2026-07-31T11:14:09.139+0000] {dagbag.py:545} INFO - Filling up the DagBag from /home/airflow/.local/lib/python3.12/site-packages/airflow/example_dags/example_python_decorator.py
[2026-07-31T11:14:09.219+0000] {processor.py:840} INFO - DAG(s) 'example_python_decorator' retrieved from /home/airflow/.local/lib/python3.12/site-packages/airflow/example_dags/example_python_decorator.py
[2026-07-31T11:14:09.377+0000] {logging_mixin.py:188} INFO - [2026-07-31T11:14:09.377+0000] {dag.py:3089} INFO - Sync 1 DAGs
[2026-07-31T11:14:09.641+0000] {logging_mixin.py:188} INFO - [2026-07-31T11:14:09.640+0000] {dag.py:3947} INFO - Setting next_dagrun for example_python_decorator to None, run_after=None
[2026-07-31T11:14:09.777+0000] {processor.py:183} INFO - Processing /home/airflow/.local/lib/python3.12/site-packages/airflow/example_dags/example_python_decorator.py took 0.684 seconds
[2026-07-31T11:14:43.217+0000] {processor.py:161} INFO - Started process (PID=2012) to work on /home/airflow/.local/lib/python3.12/site-packages/airflow/example_dags/example_python_decorator.py
[2026-07-31T11:14:43.221+0000] {processor.py:830} INFO - Processing file /home/airflow/.local/lib/python3.12/site-packages/airflow/example_dags/example_python_decorator.py for tasks to queue
[2026-07-31T11:14:43.233+0000] {logging_mixin.py:188} INFO - [2026-07-31T11:14:43.231+0000] {dagbag.py:545} INFO - Filling up the DagBag from /home/airflow/.local/lib/python3.12/site-packages/airflow/example_dags/example_python_decorator.py
[2026-07-31T11:14:43.299+0000] {processor.py:840} INFO - DAG(s) 'example_python_decorator' retrieved from /home/airflow/.local/lib/python3.12/site-packages/airflow/example_dags/example_python_decorator.py
[2026-07-31T11:14:43.417+0000] {logging_mixin.py:188} INFO - [2026-07-31T11:14:43.416+0000] {dag.py:3089} INFO - Sync 1 DAGs
[2026-07-31T11:14:43.502+0000] {logging_mixin.py:188} INFO - [2026-07-31T11:14:43.502+0000] {dag.py:3947} INFO - Setting next_dagrun for example_python_decorator to None, run_after=None
[2026-07-31T11:14:43.588+0000] {processor.py:183} INFO - Processing /home/airflow/.local/lib/python3.12/site-packages/airflow/example_dags/example_python_decorator.py took 0.396 seconds
[2026-07-31T11:15:14.215+0000] {processor.py:161} INFO - Started process (PID=2071) to work on /home/airflow/.local/lib/python3.12/site-packages/airflow/example_dags/example_python_decorator.py
[2026-07-31T11:15:14.219+0000] {processor.py:830} INFO - Processing file /home/airflow/.local/lib/python3.12/site-packages/airflow/example_dags/example_python_decorator.py for tasks to queue
[2026-07-31T11:15:14.228+0000] {logging_mixin.py:188} INFO - [2026-07-31T11:15:14.226+0000] {dagbag.py:545} INFO - Filling up the DagBag from /home/airflow/.local/lib/python3.12/site-packages/airflow/example_dags/example_python_decorator.py
[2026-07-31T11:15:14.281+0000] {processor.py:840} INFO - DAG(s) 'example_python_decorator' retrieved from /home/airflow/.local/lib/python3.12/site-packages/airflow/example_dags/example_python_decorator.py
[2026-07-31T11:15:14.393+0000] {logging_mixin.py:188} INFO - [2026-07-31T11:15:14.392+0000] {dag.py:3089} INFO - Sync 1 DAGs
[2026-07-31T11:15:14.462+0000] {logging_mixin.py:188} INFO - [2026-07-31T11:15:14.461+0000] {dag.py:3947} INFO - Setting next_dagrun for example_python_decorator to None, run_after=None
[2026-07-31T11:15:14.561+0000] {processor.py:183} INFO - Processing /home/airflow/.local/lib/python3.12/site-packages/airflow/example_dags/example_python_decorator.py took 0.376 seconds
[2026-07-31T11:15:45.303+0000] {processor.py:161} INFO - Started process (PID=2127) to work on /home/airflow/.local/lib/python3.12/site-packages/airflow/example_dags/example_python_decorator.py
[2026-07-31T11:15:45.306+0000] {processor.py:830} INFO - Processing file /home/airflow/.local/lib/python3.12/site-packages/airflow/example_dags/example_python_decorator.py for tasks to queue
[2026-07-31T11:15:45.314+0000] {logging_mixin.py:188} INFO - [2026-07-31T11:15:45.313+0000] {dagbag.py:545} INFO - Filling up the DagBag from /home/airflow/.local/lib/python3.12/site-packages/airflow/example_dags/example_python_decorator.py
[2026-07-31T11:15:45.366+0000] {processor.py:840} INFO - DAG(s) 'example_python_decorator' retrieved from /home/airflow/.local/lib/python3.12/site-packages/airflow/example_dags/example_python_decorator.py
[2026-07-31T11:15:45.446+0000] {logging_mixin.py:188} INFO - [2026-07-31T11:15:45.445+0000] {dag.py:3089} INFO - Sync 1 DAGs
[2026-07-31T11:15:45.493+0000] {logging_mixin.py:188} INFO - [2026-07-31T11:15:45.493+0000] {dag.py:3947} INFO - Setting next_dagrun for example_python_decorator to None, run_after=None
[2026-07-31T11:15:45.568+0000] {processor.py:183} INFO - Processing /home/airflow/.local/lib/python3.12/site-packages/airflow/example_dags/example_python_decorator.py took 0.285 seconds
[2026-07-31T11:16:15.767+0000] {processor.py:161} INFO - Started process (PID=2186) to work on /home/airflow/.local/lib/python3.12/site-packages/airflow/example_dags/example_python_decorator.py
[2026-07-31T11:16:15.769+0000] {processor.py:830} INFO - Processing file /home/airflow/.local/lib/python3.12/site-packages/airflow/example_dags/example_python_decorator.py for tasks to queue
[2026-07-31T11:16:15.773+0000] {logging_mixin.py:188} INFO - [2026-07-31T11:16:15.772+0000] {dagbag.py:545} INFO - Filling up the DagBag from /home/airflow/.local/lib/python3.12/site-packages/airflow/example_dags/example_python_decorator.py
[2026-07-31T11:16:15.809+0000] {processor.py:840} INFO - DAG(s) 'example_python_decorator' retrieved from /home/airflow/.local/lib/python3.12/site-packages/airflow/example_dags/example_python_decorator.py
[2026-07-31T11:16:15.873+0000] {logging_mixin.py:188} INFO - [2026-07-31T11:16:15.872+0000] {dag.py:3089} INFO - Sync 1 DAGs
[2026-07-31T11:16:15.917+0000] {logging_mixin.py:188} INFO - [2026-07-31T11:16:15.916+0000] {dag.py:3947} INFO - Setting next_dagrun for example_python_decorator to None, run_after=None
[2026-07-31T11:16:15.997+0000] {processor.py:183} INFO - Processing /home/airflow/.local/lib/python3.12/site-packages/airflow/example_dags/example_python_decorator.py took 0.243 seconds
[2026-07-31T11:16:47.754+0000] {processor.py:161} INFO - Started process (PID=2244) to work on /home/airflow/.local/lib/python3.12/site-packages/airflow/example_dags/example_python_decorator.py
[2026-07-31T11:16:47.758+0000] {processor.py:830} INFO - Processing file /home/airflow/.local/lib/python3.12/site-packages/airflow/example_dags/example_python_decorator.py for tasks to queue
[2026-07-31T11:16:47.768+0000] {logging_mixin.py:188} INFO - [2026-07-31T11:16:47.766+0000] {dagbag.py:545} INFO - Filling up the DagBag from /home/airflow/.local/lib/python3.12/site-packages/airflow/example_dags/example_python_decorator.py
[2026-07-31T11:16:47.854+0000] {processor.py:840} INFO - DAG(s) 'example_python_decorator' retrieved from /home/airflow/.local/lib/python3.12/site-packages/airflow/example_dags/example_python_decorator.py
[2026-07-31T11:16:47.941+0000] {logging_mixin.py:188} INFO - [2026-07-31T11:16:47.940+0000] {dag.py:3089} INFO - Sync 1 DAGs
[2026-07-31T11:16:47.980+0000] {logging_mixin.py:188} INFO - [2026-07-31T11:16:47.980+0000] {dag.py:3947} INFO - Setting next_dagrun for example_python_decorator to None, run_after=None
[2026-07-31T11:16:48.036+0000] {processor.py:183} INFO - Processing /home/airflow/.local/lib/python3.12/site-packages/airflow/example_dags/example_python_decorator.py took 0.305 seconds
[2026-07-31T11:17:24.818+0000] {processor.py:161} INFO - Started process (PID=2310) to work on /home/airflow/.local/lib/python3.12/site-packages/airflow/example_dags/example_python_decorator.py
[2026-07-31T11:17:24.821+0000] {processor.py:830} INFO - Processing file /home/airflow/.local/lib/python3.12/site-packages/airflow/example_dags/example_python_decorator.py for tasks to queue
[2026-07-31T11:17:24.828+0000] {logging_mixin.py:188} INFO - [2026-07-31T11:17:24.827+0000] {dagbag.py:545} INFO - Filling up the DagBag from /home/airflow/.local/lib/python3.12/site-packages/airflow/example_dags/example_python_decorator.py
[2026-07-31T11:17:24.868+0000] {processor.py:840} INFO - DAG(s) 'example_python_decorator' retrieved from /home/airflow/.local/lib/python3.12/site-packages/airflow/example_dags/example_python_decorator.py
[2026-07-31T11:17:24.966+0000] {logging_mixin.py:188} INFO - [2026-07-31T11:17:24.965+0000] {dag.py:3089} INFO - Sync 1 DAGs
[2026-07-31T11:17:25.045+0000] {logging_mixin.py:188} INFO - [2026-07-31T11:17:25.044+0000] {dag.py:3947} INFO - Setting next_dagrun for example_python_decorator to None, run_after=None
[2026-07-31T11:17:25.138+0000] {processor.py:183} INFO - Processing /home/airflow/.local/lib/python3.12/site-packages/airflow/example_dags/example_python_decorator.py took 0.354 seconds
[2026-07-31T11:18:07.620+0000] {processor.py:161} INFO - Started process (PID=2368) to work on /home/airflow/.local/lib/python3.12/site-packages/airflow/example_dags/example_python_decorator.py
[2026-07-31T11:18:07.626+0000] {processor.py:830} INFO - Processing file /home/airflow/.local/lib/python3.12/site-packages/airflow/example_dags/example_python_decorator.py for tasks to queue
[2026-07-31T11:18:07.634+0000] {logging_mixin.py:188} INFO - [2026-07-31T11:18:07.633+0000] {dagbag.py:545} INFO - Filling up the DagBag from /home/airflow/.local/lib/python3.12/site-packages/airflow/example_dags/example_python_decorator.py
[2026-07-31T11:18:07.692+0000] {processor.py:840} INFO - DAG(s) 'example_python_decorator' retrieved from /home/airflow/.local/lib/python3.12/site-packages/airflow/example_dags/example_python_decorator.py
[2026-07-31T11:18:07.808+0000] {logging_mixin.py:188} INFO - [2026-07-31T11:18:07.807+0000] {dag.py:3089} INFO - Sync 1 DAGs
[2026-07-31T11:18:07.905+0000] {logging_mixin.py:188} INFO - [2026-07-31T11:18:07.899+0000] {dag.py:3947} INFO - Setting next_dagrun for example_python_decorator to None, run_after=None
[2026-07-31T11:18:07.966+0000] {processor.py:183} INFO - Processing /home/airflow/.local/lib/python3.12/site-packages/airflow/example_dags/example_python_decorator.py took 0.370 seconds
[2026-07-31T11:18:38.090+0000] {processor.py:161} INFO - Started process (PID=2425) to work on /home/airflow/.local/lib/python3.12/site-packages/airflow/example_dags/example_python_decorator.py
[2026-07-31T11:18:38.094+0000] {processor.py:830} INFO - Processing file /home/airflow/.local/lib/python3.12/site-packages/airflow/example_dags/example_python_decorator.py for tasks to queue
[2026-07-31T11:18:38.099+0000] {logging_mixin.py:188} INFO - [2026-07-31T11:18:38.098+0000] {dagbag.py:545} INFO - Filling up the DagBag from /home/airflow/.local/lib/python3.12/site-packages/airflow/example_dags/example_python_decorator.py
[2026-07-31T11:18:38.137+0000] {processor.py:840} INFO - DAG(s) 'example_python_decorator' retrieved from /home/airflow/.local/lib/python3.12/site-packages/airflow/example_dags/example_python_decorator.py
[2026-07-31T11:18:38.197+0000] {logging_mixin.py:188} INFO - [2026-07-31T11:18:38.196+0000] {dag.py:3089} INFO - Sync 1 DAGs
[2026-07-31T11:18:38.232+0000] {logging_mixin.py:188} INFO - [2026-07-31T11:18:38.231+0000] {dag.py:3947} INFO - Setting next_dagrun for example_python_decorator to None, run_after=None
[2026-07-31T11:18:38.278+0000] {processor.py:183} INFO - Processing /home/airflow/.local/lib/python3.12/site-packages/airflow/example_dags/example_python_decorator.py took 0.201 seconds
[2026-07-31T11:19:08.705+0000] {processor.py:161} INFO - Started process (PID=2483) to work on /home/airflow/.local/lib/python3.12/site-packages/airflow/example_dags/example_python_decorator.py
[2026-07-31T11:19:08.709+0000] {processor.py:830} INFO - Processing file /home/airflow/.local/lib/python3.12/site-packages/airflow/example_dags/example_python_decorator.py for tasks to queue
[2026-07-31T11:19:08.715+0000] {logging_mixin.py:188} INFO - [2026-07-31T11:19:08.714+0000] {dagbag.py:545} INFO - Filling up the DagBag from /home/airflow/.local/lib/python3.12/site-packages/airflow/example_dags/example_python_decorator.py
[2026-07-31T11:19:08.752+0000] {processor.py:840} INFO - DAG(s) 'example_python_decorator' retrieved from /home/airflow/.local/lib/python3.12/site-packages/airflow/example_dags/example_python_decorator.py
[2026-07-31T11:19:08.808+0000] {logging_mixin.py:188} INFO - [2026-07-31T11:19:08.808+0000] {dag.py:3089} INFO - Sync 1 DAGs
[2026-07-31T11:19:08.847+0000] {logging_mixin.py:188} INFO - [2026-07-31T11:19:08.847+0000] {dag.py:3947} INFO - Setting next_dagrun for example_python_decorator to None, run_after=None
[2026-07-31T11:19:08.912+0000] {processor.py:183} INFO - Processing /home/airflow/.local/lib/python3.12/site-packages/airflow/example_dags/example_python_decorator.py took 0.226 seconds
[2026-07-31T11:19:41.348+0000] {processor.py:161} INFO - Started process (PID=2541) to work on /home/airflow/.local/lib/python3.12/site-packages/airflow/example_dags/example_python_decorator.py
[2026-07-31T11:19:41.351+0000] {processor.py:830} INFO - Processing file /home/airflow/.local/lib/python3.12/site-packages/airflow/example_dags/example_python_decorator.py for tasks to queue
[2026-07-31T11:19:41.359+0000] {logging_mixin.py:188} INFO - [2026-07-31T11:19:41.357+0000] {dagbag.py:545} INFO - Filling up the DagBag from /home/airflow/.local/lib/python3.12/site-packages/airflow/example_dags/example_python_decorator.py
[2026-07-31T11:19:41.437+0000] {processor.py:840} INFO - DAG(s) 'example_python_decorator' retrieved from /home/airflow/.local/lib/python3.12/site-packages/airflow/example_dags/example_python_decorator.py
[2026-07-31T11:19:41.561+0000] {logging_mixin.py:188} INFO - [2026-07-31T11:19:41.560+0000] {dag.py:3089} INFO - Sync 1 DAGs
[2026-07-31T11:19:41.614+0000] {logging_mixin.py:188} INFO - [2026-07-31T11:19:41.613+0000] {dag.py:3947} INFO - Setting next_dagrun for example_python_decorator to None, run_after=None
[2026-07-31T11:19:41.689+0000] {processor.py:183} INFO - Processing /home/airflow/.local/lib/python3.12/site-packages/airflow/example_dags/example_python_decorator.py took 0.364 seconds
[2026-07-31T11:20:30.247+0000] {processor.py:161} INFO - Started process (PID=2607) to work on /home/airflow/.local/lib/python3.12/site-packages/airflow/example_dags/example_python_decorator.py
[2026-07-31T11:20:30.251+0000] {processor.py:830} INFO - Processing file /home/airflow/.local/lib/python3.12/site-packages/airflow/example_dags/example_python_decorator.py for tasks to queue
[2026-07-31T11:20:30.264+0000] {logging_mixin.py:188} INFO - [2026-07-31T11:20:30.263+0000] {dagbag.py:545} INFO - Filling up the DagBag from /home/airflow/.local/lib/python3.12/site-packages/airflow/example_dags/example_python_decorator.py
[2026-07-31T11:20:30.382+0000] {processor.py:840} INFO - DAG(s) 'example_python_decorator' retrieved from /home/airflow/.local/lib/python3.12/site-packages/airflow/example_dags/example_python_decorator.py
[2026-07-31T11:20:30.583+0000] {logging_mixin.py:188} INFO - [2026-07-31T11:20:30.579+0000] {dag.py:3089} INFO - Sync 1 DAGs
[2026-07-31T11:20:30.727+0000] {logging_mixin.py:188} INFO - [2026-07-31T11:20:30.726+0000] {dag.py:3947} INFO - Setting next_dagrun for example_python_decorator to None, run_after=None
[2026-07-31T11:20:30.993+0000] {processor.py:183} INFO - Processing /home/airflow/.local/lib/python3.12/site-packages/airflow/example_dags/example_python_decorator.py took 0.775 seconds
[2026-07-31T11:21:01.433+0000] {processor.py:161} INFO - Started process (PID=2665) to work on /home/airflow/.local/lib/python3.12/site-packages/airflow/example_dags/example_python_decorator.py
[2026-07-31T11:21:01.436+0000] {processor.py:830} INFO - Processing file /home/airflow/.local/lib/python3.12/site-packages/airflow/example_dags/example_python_decorator.py for tasks to queue
[2026-07-31T11:21:01.440+0000] {logging_mixin.py:188} INFO - [2026-07-31T11:21:01.439+0000] {dagbag.py:545} INFO - Filling up the DagBag from /home/airflow/.local/lib/python3.12/site-packages/airflow/example_dags/example_python_decorator.py
[2026-07-31T11:21:01.469+0000] {processor.py:840} INFO - DAG(s) 'example_python_decorator' retrieved from /home/airflow/.local/lib/python3.12/site-packages/airflow/example_dags/example_python_decorator.py
[2026-07-31T11:21:01.517+0000] {logging_mixin.py:188} INFO - [2026-07-31T11:21:01.517+0000] {dag.py:3089} INFO - Sync 1 DAGs
[2026-07-31T11:21:01.550+0000] {logging_mixin.py:188} INFO - [2026-07-31T11:21:01.550+0000] {dag.py:3947} INFO - Setting next_dagrun for example_python_decorator to None, run_after=None
[2026-07-31T11:21:01.614+0000] {processor.py:183} INFO - Processing /home/airflow/.local/lib/python3.12/site-packages/airflow/example_dags/example_python_decorator.py took 0.195 seconds
[2026-07-31T11:21:32.408+0000] {processor.py:161} INFO - Started process (PID=2723) to work on /home/airflow/.local/lib/python3.12/site-packages/airflow/example_dags/example_python_decorator.py
[2026-07-31T11:21:32.411+0000] {processor.py:830} INFO - Processing file /home/airflow/.local/lib/python3.12/site-packages/airflow/example_dags/example_python_decorator.py for tasks to queue
[2026-07-31T11:21:32.417+0000] {logging_mixin.py:188} INFO - [2026-07-31T11:21:32.416+0000] {dagbag.py:545} INFO - Filling up the DagBag from /home/airflow/.local/lib/python3.12/site-packages/airflow/example_dags/example_python_decorator.py
[2026-07-31T11:21:32.449+0000] {processor.py:840} INFO - DAG(s) 'example_python_decorator' retrieved from /home/airflow/.local/lib/python3.12/site-packages/airflow/example_dags/example_python_decorator.py
[2026-07-31T11:21:32.507+0000] {logging_mixin.py:188} INFO - [2026-07-31T11:21:32.506+0000] {dag.py:3089} INFO - Sync 1 DAGs
[2026-07-31T11:21:32.536+0000] {logging_mixin.py:188} INFO - [2026-07-31T11:21:32.536+0000] {dag.py:3947} INFO - Setting next_dagrun for example_python_decorator to None, run_after=None
[2026-07-31T11:21:32.585+0000] {processor.py:183} INFO - Processing /home/airflow/.local/lib/python3.12/site-packages/airflow/example_dags/example_python_decorator.py took 0.194 seconds
[2026-07-31T11:22:03.051+0000] {processor.py:161} INFO - Started process (PID=2782) to work on /home/airflow/.local/lib/python3.12/site-packages/airflow/example_dags/example_python_decorator.py
[2026-07-31T11:22:03.054+0000] {processor.py:830} INFO - Processing file /home/airflow/.local/lib/python3.12/site-packages/airflow/example_dags/example_python_decorator.py for tasks to queue
[2026-07-31T11:22:03.060+0000] {logging_mixin.py:188} INFO - [2026-07-31T11:22:03.059+0000] {dagbag.py:545} INFO - Filling up the DagBag from /home/airflow/.local/lib/python3.12/site-packages/airflow/example_dags/example_python_decorator.py
[2026-07-31T11:22:03.101+0000] {processor.py:840} INFO - DAG(s) 'example_python_decorator' retrieved from /home/airflow/.local/lib/python3.12/site-packages/airflow/example_dags/example_python_decorator.py
[2026-07-31T11:22:03.163+0000] {logging_mixin.py:188} INFO - [2026-07-31T11:22:03.162+0000] {dag.py:3089} INFO - Sync 1 DAGs
[2026-07-31T11:22:03.194+0000] {logging_mixin.py:188} INFO - [2026-07-31T11:22:03.193+0000] {dag.py:3947} INFO - Setting next_dagrun for example_python_decorator to None, run_after=None
[2026-07-31T11:22:03.247+0000] {processor.py:183} INFO - Processing /home/airflow/.local/lib/python3.12/site-packages/airflow/example_dags/example_python_decorator.py took 0.213 seconds
[2026-07-31T11:22:33.404+0000] {processor.py:161} INFO - Started process (PID=2840) to work on /home/airflow/.local/lib/python3.12/site-packages/airflow/example_dags/example_python_decorator.py
[2026-07-31T11:22:33.407+0000] {processor.py:830} INFO - Processing file /home/airflow/.local/lib/python3.12/site-packages/airflow/example_dags/example_python_decorator.py for tasks to queue
[2026-07-31T11:22:33.416+0000] {logging_mixin.py:188} INFO - [2026-07-31T11:22:33.415+0000] {dagbag.py:545} INFO - Filling up the DagBag from /home/airflow/.local/lib/python3.12/site-packages/airflow/example_dags/example_python_decorator.py
[2026-07-31T11:22:33.467+0000] {processor.py:840} INFO - DAG(s) 'example_python_decorator' retrieved from /home/airflow/.local/lib/python3.12/site-packages/airflow/example_dags/example_python_decorator.py
[2026-07-31T11:22:33.541+0000] {logging_mixin.py:188} INFO - [2026-07-31T11:22:33.540+0000] {dag.py:3089} INFO - Sync 1 DAGs
[2026-07-31T11:22:33.580+0000] {logging_mixin.py:188} INFO - [2026-07-31T11:22:33.579+0000] {dag.py:3947} INFO - Setting next_dagrun for example_python_decorator to None, run_after=None
[2026-07-31T11:22:33.630+0000] {processor.py:183} INFO - Processing /home/airflow/.local/lib/python3.12/site-packages/airflow/example_dags/example_python_decorator.py took 0.256 seconds
[2026-07-31T11:24:49.530+0000] {processor.py:161} INFO - Started process (PID=2938) to work on /home/airflow/.local/lib/python3.12/site-packages/airflow/example_dags/example_python_decorator.py
[2026-07-31T11:24:49.595+0000] {processor.py:830} INFO - Processing file /home/airflow/.local/lib/python3.12/site-packages/airflow/example_dags/example_python_decorator.py for tasks to queue
[2026-07-31T11:24:49.635+0000] {logging_mixin.py:188} INFO - [2026-07-31T11:24:49.634+0000] {dagbag.py:545} INFO - Filling up the DagBag from /home/airflow/.local/lib/python3.12/site-packages/airflow/example_dags/example_python_decorator.py
[2026-07-31T11:24:50.081+0000] {processor.py:840} INFO - DAG(s) 'example_python_decorator' retrieved from /home/airflow/.local/lib/python3.12/site-packages/airflow/example_dags/example_python_decorator.py
[2026-07-31T11:24:50.483+0000] {logging_mixin.py:188} INFO - [2026-07-31T11:24:50.482+0000] {dag.py:3089} INFO - Sync 1 DAGs
[2026-07-31T11:24:50.815+0000] {logging_mixin.py:188} INFO - [2026-07-31T11:24:50.814+0000] {dag.py:3947} INFO - Setting next_dagrun for example_python_decorator to None, run_after=None
[2026-07-31T11:24:51.016+0000] {processor.py:183} INFO - Processing /home/airflow/.local/lib/python3.12/site-packages/airflow/example_dags/example_python_decorator.py took 1.605 seconds
[2026-07-31T11:25:44.183+0000] {processor.py:161} INFO - Started process (PID=3001) to work on /home/airflow/.local/lib/python3.12/site-packages/airflow/example_dags/example_python_decorator.py
[2026-07-31T11:25:44.222+0000] {processor.py:830} INFO - Processing file /home/airflow/.local/lib/python3.12/site-packages/airflow/example_dags/example_python_decorator.py for tasks to queue
[2026-07-31T11:25:44.368+0000] {logging_mixin.py:188} INFO - [2026-07-31T11:25:44.366+0000] {dagbag.py:545} INFO - Filling up the DagBag from /home/airflow/.local/lib/python3.12/site-packages/airflow/example_dags/example_python_decorator.py
[2026-07-31T11:25:44.522+0000] {processor.py:840} INFO - DAG(s) 'example_python_decorator' retrieved from /home/airflow/.local/lib/python3.12/site-packages/airflow/example_dags/example_python_decorator.py
[2026-07-31T11:25:44.798+0000] {logging_mixin.py:188} INFO - [2026-07-31T11:25:44.797+0000] {dag.py:3089} INFO - Sync 1 DAGs
[2026-07-31T11:25:44.920+0000] {logging_mixin.py:188} INFO - [2026-07-31T11:25:44.920+0000] {dag.py:3947} INFO - Setting next_dagrun for example_python_decorator to None, run_after=None
[2026-07-31T11:25:45.105+0000] {processor.py:183} INFO - Processing /home/airflow/.local/lib/python3.12/site-packages/airflow/example_dags/example_python_decorator.py took 1.017 seconds
[2026-07-31T11:27:02.973+0000] {processor.py:161} INFO - Started process (PID=3078) to work on /home/airflow/.local/lib/python3.12/site-packages/airflow/example_dags/example_python_decorator.py
[2026-07-31T11:27:02.977+0000] {processor.py:830} INFO - Processing file /home/airflow/.local/lib/python3.12/site-packages/airflow/example_dags/example_python_decorator.py for tasks to queue
[2026-07-31T11:27:02.988+0000] {logging_mixin.py:188} INFO - [2026-07-31T11:27:02.986+0000] {dagbag.py:545} INFO - Filling up the DagBag from /home/airflow/.local/lib/python3.12/site-packages/airflow/example_dags/example_python_decorator.py
[2026-07-31T11:27:03.092+0000] {processor.py:840} INFO - DAG(s) 'example_python_decorator' retrieved from /home/airflow/.local/lib/python3.12/site-packages/airflow/example_dags/example_python_decorator.py
[2026-07-31T11:27:03.236+0000] {logging_mixin.py:188} INFO - [2026-07-31T11:27:03.235+0000] {dag.py:3089} INFO - Sync 1 DAGs
[2026-07-31T11:27:03.316+0000] {logging_mixin.py:188} INFO - [2026-07-31T11:27:03.315+0000] {dag.py:3947} INFO - Setting next_dagrun for example_python_decorator to None, run_after=None
[2026-07-31T11:27:03.437+0000] {processor.py:183} INFO - Processing /home/airflow/.local/lib/python3.12/site-packages/airflow/example_dags/example_python_decorator.py took 0.518 seconds
[2026-07-31T11:27:34.076+0000] {processor.py:161} INFO - Started process (PID=3134) to work on /home/airflow/.local/lib/python3.12/site-packages/airflow/example_dags/example_python_decorator.py
[2026-07-31T11:27:34.079+0000] {processor.py:830} INFO - Processing file /home/airflow/.local/lib/python3.12/site-packages/airflow/example_dags/example_python_decorator.py for tasks to queue
[2026-07-31T11:27:34.089+0000] {logging_mixin.py:188} INFO - [2026-07-31T11:27:34.085+0000] {dagbag.py:545} INFO - Filling up the DagBag from /home/airflow/.local/lib/python3.12/site-packages/airflow/example_dags/example_python_decorator.py
[2026-07-31T11:27:34.120+0000] {processor.py:840} INFO - DAG(s) 'example_python_decorator' retrieved from /home/airflow/.local/lib/python3.12/site-packages/airflow/example_dags/example_python_decorator.py
[2026-07-31T11:27:34.188+0000] {logging_mixin.py:188} INFO - [2026-07-31T11:27:34.188+0000] {dag.py:3089} INFO - Sync 1 DAGs
[2026-07-31T11:27:34.228+0000] {logging_mixin.py:188} INFO - [2026-07-31T11:27:34.227+0000] {dag.py:3947} INFO - Setting next_dagrun for example_python_decorator to None, run_after=None
[2026-07-31T11:27:34.280+0000] {processor.py:183} INFO - Processing /home/airflow/.local/lib/python3.12/site-packages/airflow/example_dags/example_python_decorator.py took 0.233 seconds
[2026-07-31T11:28:05.105+0000] {processor.py:161} INFO - Started process (PID=3193) to work on /home/airflow/.local/lib/python3.12/site-packages/airflow/example_dags/example_python_decorator.py
[2026-07-31T11:28:05.108+0000] {processor.py:830} INFO - Processing file /home/airflow/.local/lib/python3.12/site-packages/airflow/example_dags/example_python_decorator.py for tasks to queue
[2026-07-31T11:28:05.113+0000] {logging_mixin.py:188} INFO - [2026-07-31T11:28:05.112+0000] {dagbag.py:545} INFO - Filling up the DagBag from /home/airflow/.local/lib/python3.12/site-packages/airflow/example_dags/example_python_decorator.py
[2026-07-31T11:28:05.144+0000] {processor.py:840} INFO - DAG(s) 'example_python_decorator' retrieved from /home/airflow/.local/lib/python3.12/site-packages/airflow/example_dags/example_python_decorator.py
[2026-07-31T11:28:05.193+0000] {logging_mixin.py:188} INFO - [2026-07-31T11:28:05.192+0000] {dag.py:3089} INFO - Sync 1 DAGs
[2026-07-31T11:28:05.231+0000] {logging_mixin.py:188} INFO - [2026-07-31T11:28:05.230+0000] {dag.py:3947} INFO - Setting next_dagrun for example_python_decorator to None, run_after=None
[2026-07-31T11:28:05.264+0000] {processor.py:183} INFO - Processing /home/airflow/.local/lib/python3.12/site-packages/airflow/example_dags/example_python_decorator.py took 0.208 seconds
[2026-07-31T11:28:35.708+0000] {processor.py:161} INFO - Started process (PID=3251) to work on /home/airflow/.local/lib/python3.12/site-packages/airflow/example_dags/example_python_decorator.py
[2026-07-31T11:28:35.711+0000] {processor.py:830} INFO - Processing file /home/airflow/.local/lib/python3.12/site-packages/airflow/example_dags/example_python_decorator.py for tasks to queue
[2026-07-31T11:28:35.717+0000] {logging_mixin.py:188} INFO - [2026-07-31T11:28:35.716+0000] {dagbag.py:545} INFO - Filling up the DagBag from /home/airflow/.local/lib/python3.12/site-packages/airflow/example_dags/example_python_decorator.py
[2026-07-31T11:28:35.749+0000] {processor.py:840} INFO - DAG(s) 'example_python_decorator' retrieved from /home/airflow/.local/lib/python3.12/site-packages/airflow/example_dags/example_python_decorator.py
[2026-07-31T11:28:35.801+0000] {logging_mixin.py:188} INFO - [2026-07-31T11:28:35.801+0000] {dag.py:3089} INFO - Sync 1 DAGs
[2026-07-31T11:28:35.828+0000] {logging_mixin.py:188} INFO - [2026-07-31T11:28:35.828+0000] {dag.py:3947} INFO - Setting next_dagrun for example_python_decorator to None, run_after=None
[2026-07-31T11:28:35.883+0000] {processor.py:183} INFO - Processing /home/airflow/.local/lib/python3.12/site-packages/airflow/example_dags/example_python_decorator.py took 0.193 seconds
[2026-07-31T11:29:06.161+0000] {processor.py:161} INFO - Started process (PID=3309) to work on /home/airflow/.local/lib/python3.12/site-packages/airflow/example_dags/example_python_decorator.py
[2026-07-31T11:29:06.168+0000] {processor.py:830} INFO - Processing file /home/airflow/.local/lib/python3.12/site-packages/airflow/example_dags/example_python_decorator.py for tasks to queue
[2026-07-31T11:29:06.176+0000] {logging_mixin.py:188} INFO - [2026-07-31T11:29:06.175+0000] {dagbag.py:545} INFO - Filling up the DagBag from /home/airflow/.local/lib/python3.12/site-packages/airflow/example_dags/example_python_decorator.py
[2026-07-31T11:29:06.291+0000] {processor.py:840} INFO - DAG(s) 'example_python_decorator' retrieved from /home/airflow/.local/lib/python3.12/site-packages/airflow/example_dags/example_python_decorator.py
[2026-07-31T11:29:06.437+0000] {logging_mixin.py:188} INFO - [2026-07-31T11:29:06.437+0000] {dag.py:3089} INFO - Sync 1 DAGs
[2026-07-31T11:29:06.534+0000] {logging_mixin.py:188} INFO - [2026-07-31T11:29:06.534+0000] {dag.py:3947} INFO - Setting next_dagrun for example_python_decorator to None, run_after=None
[2026-07-31T11:29:06.698+0000] {processor.py:183} INFO - Processing /home/airflow/.local/lib/python3.12/site-packages/airflow/example_dags/example_python_decorator.py took 0.579 seconds
[2026-07-31T11:30:09.232+0000] {processor.py:161} INFO - Started process (PID=3385) to work on /home/airflow/.local/lib/python3.12/site-packages/airflow/example_dags/example_python_decorator.py
[2026-07-31T11:30:09.240+0000] {processor.py:830} INFO - Processing file /home/airflow/.local/lib/python3.12/site-packages/airflow/example_dags/example_python_decorator.py for tasks to queue
[2026-07-31T11:30:09.254+0000] {logging_mixin.py:188} INFO - [2026-07-31T11:30:09.251+0000] {dagbag.py:545} INFO - Filling up the DagBag from /home/airflow/.local/lib/python3.12/site-packages/airflow/example_dags/example_python_decorator.py
[2026-07-31T11:30:09.360+0000] {processor.py:840} INFO - DAG(s) 'example_python_decorator' retrieved from /home/airflow/.local/lib/python3.12/site-packages/airflow/example_dags/example_python_decorator.py
[2026-07-31T11:30:09.486+0000] {logging_mixin.py:188} INFO - [2026-07-31T11:30:09.485+0000] {dag.py:3089} INFO - Sync 1 DAGs
[2026-07-31T11:30:09.620+0000] {logging_mixin.py:188} INFO - [2026-07-31T11:30:09.617+0000] {dag.py:3947} INFO - Setting next_dagrun for example_python_decorator to None, run_after=None
[2026-07-31T11:30:10.050+0000] {processor.py:183} INFO - Processing /home/airflow/.local/lib/python3.12/site-packages/airflow/example_dags/example_python_decorator.py took 0.858 seconds
[2026-07-31T11:30:41.254+0000] {processor.py:161} INFO - Started process (PID=3443) to work on /home/airflow/.local/lib/python3.12/site-packages/airflow/example_dags/example_python_decorator.py
[2026-07-31T11:30:41.258+0000] {processor.py:830} INFO - Processing file /home/airflow/.local/lib/python3.12/site-packages/airflow/example_dags/example_python_decorator.py for tasks to queue
[2026-07-31T11:30:41.266+0000] {logging_mixin.py:188} INFO - [2026-07-31T11:30:41.265+0000] {dagbag.py:545} INFO - Filling up the DagBag from /home/airflow/.local/lib/python3.12/site-packages/airflow/example_dags/example_python_decorator.py
[2026-07-31T11:30:41.358+0000] {processor.py:840} INFO - DAG(s) 'example_python_decorator' retrieved from /home/airflow/.local/lib/python3.12/site-packages/airflow/example_dags/example_python_decorator.py
[2026-07-31T11:30:41.481+0000] {logging_mixin.py:188} INFO - [2026-07-31T11:30:41.480+0000] {dag.py:3089} INFO - Sync 1 DAGs
[2026-07-31T11:30:41.569+0000] {logging_mixin.py:188} INFO - [2026-07-31T11:30:41.568+0000] {dag.py:3947} INFO - Setting next_dagrun for example_python_decorator to None, run_after=None
[2026-07-31T11:30:41.658+0000] {processor.py:183} INFO - Processing /home/airflow/.local/lib/python3.12/site-packages/airflow/example_dags/example_python_decorator.py took 0.429 seconds
[2026-07-31T11:31:12.187+0000] {processor.py:161} INFO - Started process (PID=3501) to work on /home/airflow/.local/lib/python3.12/site-packages/airflow/example_dags/example_python_decorator.py
[2026-07-31T11:31:12.191+0000] {processor.py:830} INFO - Processing file /home/airflow/.local/lib/python3.12/site-packages/airflow/example_dags/example_python_decorator.py for tasks to queue
[2026-07-31T11:31:12.203+0000] {logging_mixin.py:188} INFO - [2026-07-31T11:31:12.202+0000] {dagbag.py:545} INFO - Filling up the DagBag from /home/airflow/.local/lib/python3.12/site-packages/airflow/example_dags/example_python_decorator.py
[2026-07-31T11:31:12.263+0000] {processor.py:840} INFO - DAG(s) 'example_python_decorator' retrieved from /home/airflow/.local/lib/python3.12/site-packages/airflow/example_dags/example_python_decorator.py
[2026-07-31T11:31:12.372+0000] {logging_mixin.py:188} INFO - [2026-07-31T11:31:12.371+0000] {dag.py:3089} INFO - Sync 1 DAGs
[2026-07-31T11:31:12.424+0000] {logging_mixin.py:188} INFO - [2026-07-31T11:31:12.423+0000] {dag.py:3947} INFO - Setting next_dagrun for example_python_decorator to None, run_after=None
[2026-07-31T11:31:12.537+0000] {processor.py:183} INFO - Processing /home/airflow/.local/lib/python3.12/site-packages/airflow/example_dags/example_python_decorator.py took 0.373 seconds
[2026-07-31T11:31:42.691+0000] {processor.py:161} INFO - Started process (PID=3559) to work on /home/airflow/.local/lib/python3.12/site-packages/airflow/example_dags/example_python_decorator.py
[2026-07-31T11:31:42.694+0000] {processor.py:830} INFO - Processing file /home/airflow/.local/lib/python3.12/site-packages/airflow/example_dags/example_python_decorator.py for tasks to queue
[2026-07-31T11:31:42.699+0000] {logging_mixin.py:188} INFO - [2026-07-31T11:31:42.698+0000] {dagbag.py:545} INFO - Filling up the DagBag from /home/airflow/.local/lib/python3.12/site-packages/airflow/example_dags/example_python_decorator.py
[2026-07-31T11:31:42.738+0000] {processor.py:840} INFO - DAG(s) 'example_python_decorator' retrieved from /home/airflow/.local/lib/python3.12/site-packages/airflow/example_dags/example_python_decorator.py
[2026-07-31T11:31:42.794+0000] {logging_mixin.py:188} INFO - [2026-07-31T11:31:42.794+0000] {dag.py:3089} INFO - Sync 1 DAGs
[2026-07-31T11:31:42.825+0000] {logging_mixin.py:188} INFO - [2026-07-31T11:31:42.825+0000] {dag.py:3947} INFO - Setting next_dagrun for example_python_decorator to None, run_after=None
[2026-07-31T11:31:42.884+0000] {processor.py:183} INFO - Processing /home/airflow/.local/lib/python3.12/site-packages/airflow/example_dags/example_python_decorator.py took 0.212 seconds
[2026-07-31T11:32:14.242+0000] {processor.py:161} INFO - Started process (PID=3623) to work on /home/airflow/.local/lib/python3.12/site-packages/airflow/example_dags/example_python_decorator.py
[2026-07-31T11:32:14.255+0000] {processor.py:830} INFO - Processing file /home/airflow/.local/lib/python3.12/site-packages/airflow/example_dags/example_python_decorator.py for tasks to queue
[2026-07-31T11:32:14.280+0000] {logging_mixin.py:188} INFO - [2026-07-31T11:32:14.279+0000] {dagbag.py:545} INFO - Filling up the DagBag from /home/airflow/.local/lib/python3.12/site-packages/airflow/example_dags/example_python_decorator.py
[2026-07-31T11:32:14.371+0000] {processor.py:840} INFO - DAG(s) 'example_python_decorator' retrieved from /home/airflow/.local/lib/python3.12/site-packages/airflow/example_dags/example_python_decorator.py
[2026-07-31T11:32:14.527+0000] {logging_mixin.py:188} INFO - [2026-07-31T11:32:14.527+0000] {dag.py:3089} INFO - Sync 1 DAGs
[2026-07-31T11:32:14.585+0000] {logging_mixin.py:188} INFO - [2026-07-31T11:32:14.584+0000] {dag.py:3947} INFO - Setting next_dagrun for example_python_decorator to None, run_after=None
[2026-07-31T11:32:14.668+0000] {processor.py:183} INFO - Processing /home/airflow/.local/lib/python3.12/site-packages/airflow/example_dags/example_python_decorator.py took 0.459 seconds
[2026-07-31T11:33:05.754+0000] {processor.py:161} INFO - Started process (PID=3687) to work on /home/airflow/.local/lib/python3.12/site-packages/airflow/example_dags/example_python_decorator.py
[2026-07-31T11:33:05.769+0000] {processor.py:830} INFO - Processing file /home/airflow/.local/lib/python3.12/site-packages/airflow/example_dags/example_python_decorator.py for tasks to queue
[2026-07-31T11:33:05.792+0000] {logging_mixin.py:188} INFO - [2026-07-31T11:33:05.791+0000] {dagbag.py:545} INFO - Filling up the DagBag from /home/airflow/.local/lib/python3.12/site-packages/airflow/example_dags/example_python_decorator.py
[2026-07-31T11:33:06.058+0000] {processor.py:840} INFO - DAG(s) 'example_python_decorator' retrieved from /home/airflow/.local/lib/python3.12/site-packages/airflow/example_dags/example_python_decorator.py
[2026-07-31T11:33:06.293+0000] {logging_mixin.py:188} INFO - [2026-07-31T11:33:06.292+0000] {dag.py:3089} INFO - Sync 1 DAGs
[2026-07-31T11:33:06.517+0000] {logging_mixin.py:188} INFO - [2026-07-31T11:33:06.516+0000] {dag.py:3947} INFO - Setting next_dagrun for example_python_decorator to None, run_after=None
[2026-07-31T11:33:06.672+0000] {processor.py:183} INFO - Processing /home/airflow/.local/lib/python3.12/site-packages/airflow/example_dags/example_python_decorator.py took 0.945 seconds
[2026-07-31T11:34:37.298+0000] {processor.py:161} INFO - Started process (PID=3768) to work on /home/airflow/.local/lib/python3.12/site-packages/airflow/example_dags/example_python_decorator.py
[2026-07-31T11:34:37.302+0000] {processor.py:830} INFO - Processing file /home/airflow/.local/lib/python3.12/site-packages/airflow/example_dags/example_python_decorator.py for tasks to queue
[2026-07-31T11:34:37.310+0000] {logging_mixin.py:188} INFO - [2026-07-31T11:34:37.309+0000] {dagbag.py:545} INFO - Filling up the DagBag from /home/airflow/.local/lib/python3.12/site-packages/airflow/example_dags/example_python_decorator.py
[2026-07-31T11:34:37.365+0000] {processor.py:840} INFO - DAG(s) 'example_python_decorator' retrieved from /home/airflow/.local/lib/python3.12/site-packages/airflow/example_dags/example_python_decorator.py
[2026-07-31T11:34:37.479+0000] {logging_mixin.py:188} INFO - [2026-07-31T11:34:37.478+0000] {dag.py:3089} INFO - Sync 1 DAGs
[2026-07-31T11:34:37.515+0000] {logging_mixin.py:188} INFO - [2026-07-31T11:34:37.514+0000] {dag.py:3947} INFO - Setting next_dagrun for example_python_decorator to None, run_after=None
[2026-07-31T11:34:37.564+0000] {processor.py:183} INFO - Processing /home/airflow/.local/lib/python3.12/site-packages/airflow/example_dags/example_python_decorator.py took 0.286 seconds
[2026-07-31T11:35:07.638+0000] {processor.py:161} INFO - Started process (PID=3826) to work on /home/airflow/.local/lib/python3.12/site-packages/airflow/example_dags/example_python_decorator.py
[2026-07-31T11:35:07.640+0000] {processor.py:830} INFO - Processing file /home/airflow/.local/lib/python3.12/site-packages/airflow/example_dags/example_python_decorator.py for tasks to queue
[2026-07-31T11:35:07.644+0000] {logging_mixin.py:188} INFO - [2026-07-31T11:35:07.643+0000] {dagbag.py:545} INFO - Filling up the DagBag from /home/airflow/.local/lib/python3.12/site-packages/airflow/example_dags/example_python_decorator.py
[2026-07-31T11:35:07.668+0000] {processor.py:840} INFO - DAG(s) 'example_python_decorator' retrieved from /home/airflow/.local/lib/python3.12/site-packages/airflow/example_dags/example_python_decorator.py
[2026-07-31T11:35:07.755+0000] {logging_mixin.py:188} INFO - [2026-07-31T11:35:07.755+0000] {dag.py:3089} INFO - Sync 1 DAGs
[2026-07-31T11:35:07.793+0000] {logging_mixin.py:188} INFO - [2026-07-31T11:35:07.792+0000] {dag.py:3947} INFO - Setting next_dagrun for example_python_decorator to None, run_after=None
[2026-07-31T11:35:07.845+0000] {processor.py:183} INFO - Processing /home/airflow/.local/lib/python3.12/site-packages/airflow/example_dags/example_python_decorator.py took 0.218 seconds
[2026-07-31T11:35:39.850+0000] {processor.py:161} INFO - Started process (PID=3885) to work on /home/airflow/.local/lib/python3.12/site-packages/airflow/example_dags/example_python_decorator.py
[2026-07-31T11:35:39.853+0000] {processor.py:830} INFO - Processing file /home/airflow/.local/lib/python3.12/site-packages/airflow/example_dags/example_python_decorator.py for tasks to queue
[2026-07-31T11:35:39.857+0000] {logging_mixin.py:188} INFO - [2026-07-31T11:35:39.856+0000] {dagbag.py:545} INFO - Filling up the DagBag from /home/airflow/.local/lib/python3.12/site-packages/airflow/example_dags/example_python_decorator.py
[2026-07-31T11:35:39.892+0000] {processor.py:840} INFO - DAG(s) 'example_python_decorator' retrieved from /home/airflow/.local/lib/python3.12/site-packages/airflow/example_dags/example_python_decorator.py
[2026-07-31T11:35:39.959+0000] {logging_mixin.py:188} INFO - [2026-07-31T11:35:39.959+0000] {dag.py:3089} INFO - Sync 1 DAGs
[2026-07-31T11:35:39.993+0000] {logging_mixin.py:188} INFO - [2026-07-31T11:35:39.992+0000] {dag.py:3947} INFO - Setting next_dagrun for example_python_decorator to None, run_after=None
[2026-07-31T11:35:40.048+0000] {processor.py:183} INFO - Processing /home/airflow/.local/lib/python3.12/site-packages/airflow/example_dags/example_python_decorator.py took 0.210 seconds
[2026-07-31T11:36:10.353+0000] {processor.py:161} INFO - Started process (PID=3944) to work on /home/airflow/.local/lib/python3.12/site-packages/airflow/example_dags/example_python_decorator.py
[2026-07-31T11:36:10.355+0000] {processor.py:830} INFO - Processing file /home/airflow/.local/lib/python3.12/site-packages/airflow/example_dags/example_python_decorator.py for tasks to queue
[2026-07-31T11:36:10.359+0000] {logging_mixin.py:188} INFO - [2026-07-31T11:36:10.358+0000] {dagbag.py:545} INFO - Filling up the DagBag from /home/airflow/.local/lib/python3.12/site-packages/airflow/example_dags/example_python_decorator.py
[2026-07-31T11:36:10.385+0000] {processor.py:840} INFO - DAG(s) 'example_python_decorator' retrieved from /home/airflow/.local/lib/python3.12/site-packages/airflow/example_dags/example_python_decorator.py
[2026-07-31T11:36:10.440+0000] {logging_mixin.py:188} INFO - [2026-07-31T11:36:10.438+0000] {dag.py:3089} INFO - Sync 1 DAGs
[2026-07-31T11:36:10.475+0000] {logging_mixin.py:188} INFO - [2026-07-31T11:36:10.474+0000] {dag.py:3947} INFO - Setting next_dagrun for example_python_decorator to None, run_after=None
[2026-07-31T11:36:10.535+0000] {processor.py:183} INFO - Processing /home/airflow/.local/lib/python3.12/site-packages/airflow/example_dags/example_python_decorator.py took 0.193 seconds
[2026-07-31T11:36:44.466+0000] {processor.py:161} INFO - Started process (PID=4011) to work on /home/airflow/.local/lib/python3.12/site-packages/airflow/example_dags/example_python_decorator.py
[2026-07-31T11:36:44.469+0000] {processor.py:830} INFO - Processing file /home/airflow/.local/lib/python3.12/site-packages/airflow/example_dags/example_python_decorator.py for tasks to queue
[2026-07-31T11:36:44.475+0000] {logging_mixin.py:188} INFO - [2026-07-31T11:36:44.474+0000] {dagbag.py:545} INFO - Filling up the DagBag from /home/airflow/.local/lib/python3.12/site-packages/airflow/example_dags/example_python_decorator.py
[2026-07-31T11:36:44.514+0000] {processor.py:840} INFO - DAG(s) 'example_python_decorator' retrieved from /home/airflow/.local/lib/python3.12/site-packages/airflow/example_dags/example_python_decorator.py
[2026-07-31T11:36:44.581+0000] {logging_mixin.py:188} INFO - [2026-07-31T11:36:44.581+0000] {dag.py:3089} INFO - Sync 1 DAGs
[2026-07-31T11:36:44.630+0000] {logging_mixin.py:188} INFO - [2026-07-31T11:36:44.630+0000] {dag.py:3947} INFO - Setting next_dagrun for example_python_decorator to None, run_after=None
[2026-07-31T11:36:44.692+0000] {processor.py:183} INFO - Processing /home/airflow/.local/lib/python3.12/site-packages/airflow/example_dags/example_python_decorator.py took 0.241 seconds
[2026-07-31T11:37:15.444+0000] {processor.py:161} INFO - Started process (PID=4069) to work on /home/airflow/.local/lib/python3.12/site-packages/airflow/example_dags/example_python_decorator.py
[2026-07-31T11:37:15.446+0000] {processor.py:830} INFO - Processing file /home/airflow/.local/lib/python3.12/site-packages/airflow/example_dags/example_python_decorator.py for tasks to queue
[2026-07-31T11:37:15.449+0000] {logging_mixin.py:188} INFO - [2026-07-31T11:37:15.449+0000] {dagbag.py:545} INFO - Filling up the DagBag from /home/airflow/.local/lib/python3.12/site-packages/airflow/example_dags/example_python_decorator.py
[2026-07-31T11:37:15.479+0000] {processor.py:840} INFO - DAG(s) 'example_python_decorator' retrieved from /home/airflow/.local/lib/python3.12/site-packages/airflow/example_dags/example_python_decorator.py
[2026-07-31T11:37:15.532+0000] {logging_mixin.py:188} INFO - [2026-07-31T11:37:15.531+0000] {dag.py:3089} INFO - Sync 1 DAGs
[2026-07-31T11:37:15.560+0000] {logging_mixin.py:188} INFO - [2026-07-31T11:37:15.560+0000] {dag.py:3947} INFO - Setting next_dagrun for example_python_decorator to None, run_after=None
[2026-07-31T11:37:15.609+0000] {processor.py:183} INFO - Processing /home/airflow/.local/lib/python3.12/site-packages/airflow/example_dags/example_python_decorator.py took 0.176 seconds
[2026-07-31T11:37:45.778+0000] {processor.py:161} INFO - Started process (PID=4124) to work on /home/airflow/.local/lib/python3.12/site-packages/airflow/example_dags/example_python_decorator.py
[2026-07-31T11:37:45.782+0000] {processor.py:830} INFO - Processing file /home/airflow/.local/lib/python3.12/site-packages/airflow/example_dags/example_python_decorator.py for tasks to queue
[2026-07-31T11:37:45.787+0000] {logging_mixin.py:188} INFO - [2026-07-31T11:37:45.786+0000] {dagbag.py:545} INFO - Filling up the DagBag from /home/airflow/.local/lib/python3.12/site-packages/airflow/example_dags/example_python_decorator.py
[2026-07-31T11:37:45.841+0000] {processor.py:840} INFO - DAG(s) 'example_python_decorator' retrieved from /home/airflow/.local/lib/python3.12/site-packages/airflow/example_dags/example_python_decorator.py
[2026-07-31T11:37:45.912+0000] {logging_mixin.py:188} INFO - [2026-07-31T11:37:45.912+0000] {dag.py:3089} INFO - Sync 1 DAGs
[2026-07-31T11:37:45.948+0000] {logging_mixin.py:188} INFO - [2026-07-31T11:37:45.948+0000] {dag.py:3947} INFO - Setting next_dagrun for example_python_decorator to None, run_after=None
[2026-07-31T11:37:45.987+0000] {processor.py:183} INFO - Processing /home/airflow/.local/lib/python3.12/site-packages/airflow/example_dags/example_python_decorator.py took 0.234 seconds
[2026-07-31T11:38:16.934+0000] {processor.py:161} INFO - Started process (PID=4182) to work on /home/airflow/.local/lib/python3.12/site-packages/airflow/example_dags/example_python_decorator.py
[2026-07-31T11:38:16.937+0000] {processor.py:830} INFO - Processing file /home/airflow/.local/lib/python3.12/site-packages/airflow/example_dags/example_python_decorator.py for tasks to queue
[2026-07-31T11:38:16.941+0000] {logging_mixin.py:188} INFO - [2026-07-31T11:38:16.940+0000] {dagbag.py:545} INFO - Filling up the DagBag from /home/airflow/.local/lib/python3.12/site-packages/airflow/example_dags/example_python_decorator.py
[2026-07-31T11:38:16.968+0000] {processor.py:840} INFO - DAG(s) 'example_python_decorator' retrieved from /home/airflow/.local/lib/python3.12/site-packages/airflow/example_dags/example_python_decorator.py
[2026-07-31T11:38:17.005+0000] {logging_mixin.py:188} INFO - [2026-07-31T11:38:17.004+0000] {dag.py:3089} INFO - Sync 1 DAGs
[2026-07-31T11:38:17.030+0000] {logging_mixin.py:188} INFO - [2026-07-31T11:38:17.029+0000] {dag.py:3947} INFO - Setting next_dagrun for example_python_decorator to None, run_after=None
[2026-07-31T11:38:17.074+0000] {processor.py:183} INFO - Processing /home/airflow/.local/lib/python3.12/site-packages/airflow/example_dags/example_python_decorator.py took 0.149 seconds
[2026-07-31T11:38:47.639+0000] {processor.py:161} INFO - Started process (PID=4241) to work on /home/airflow/.local/lib/python3.12/site-packages/airflow/example_dags/example_python_decorator.py
[2026-07-31T11:38:47.646+0000] {processor.py:830} INFO - Processing file /home/airflow/.local/lib/python3.12/site-packages/airflow/example_dags/example_python_decorator.py for tasks to queue
[2026-07-31T11:38:47.651+0000] {logging_mixin.py:188} INFO - [2026-07-31T11:38:47.650+0000] {dagbag.py:545} INFO - Filling up the DagBag from /home/airflow/.local/lib/python3.12/site-packages/airflow/example_dags/example_python_decorator.py
[2026-07-31T11:38:47.700+0000] {processor.py:840} INFO - DAG(s) 'example_python_decorator' retrieved from /home/airflow/.local/lib/python3.12/site-packages/airflow/example_dags/example_python_decorator.py
[2026-07-31T11:38:47.787+0000] {logging_mixin.py:188} INFO - [2026-07-31T11:38:47.787+0000] {dag.py:3089} INFO - Sync 1 DAGs
[2026-07-31T11:38:47.821+0000] {logging_mixin.py:188} INFO - [2026-07-31T11:38:47.820+0000] {dag.py:3947} INFO - Setting next_dagrun for example_python_decorator to None, run_after=None
[2026-07-31T11:38:47.894+0000] {processor.py:183} INFO - Processing /home/airflow/.local/lib/python3.12/site-packages/airflow/example_dags/example_python_decorator.py took 0.271 seconds
[2026-07-31T11:39:18.103+0000] {processor.py:161} INFO - Started process (PID=4299) to work on /home/airflow/.local/lib/python3.12/site-packages/airflow/example_dags/example_python_decorator.py
[2026-07-31T11:39:18.106+0000] {processor.py:830} INFO - Processing file /home/airflow/.local/lib/python3.12/site-packages/airflow/example_dags/example_python_decorator.py for tasks to queue
[2026-07-31T11:39:18.112+0000] {logging_mixin.py:188} INFO - [2026-07-31T11:39:18.111+0000] {dagbag.py:545} INFO - Filling up the DagBag from /home/airflow/.local/lib/python3.12/site-packages/airflow/example_dags/example_python_decorator.py
[2026-07-31T11:39:18.156+0000] {processor.py:840} INFO - DAG(s) 'example_python_decorator' retrieved from /home/airflow/.local/lib/python3.12/site-packages/airflow/example_dags/example_python_decorator.py
[2026-07-31T11:39:18.210+0000] {logging_mixin.py:188} INFO - [2026-07-31T11:39:18.209+0000] {dag.py:3089} INFO - Sync 1 DAGs
[2026-07-31T11:39:18.256+0000] {logging_mixin.py:188} INFO - [2026-07-31T11:39:18.256+0000] {dag.py:3947} INFO - Setting next_dagrun for example_python_decorator to None, run_after=None
[2026-07-31T11:39:18.292+0000] {processor.py:183} INFO - Processing /home/airflow/.local/lib/python3.12/site-packages/airflow/example_dags/example_python_decorator.py took 0.208 seconds
[2026-07-31T11:39:48.471+0000] {processor.py:161} INFO - Started process (PID=4357) to work on /home/airflow/.local/lib/python3.12/site-packages/airflow/example_dags/example_python_decorator.py
[2026-07-31T11:39:48.472+0000] {processor.py:830} INFO - Processing file /home/airflow/.local/lib/python3.12/site-packages/airflow/example_dags/example_python_decorator.py for tasks to queue
[2026-07-31T11:39:48.475+0000] {logging_mixin.py:188} INFO - [2026-07-31T11:39:48.475+0000] {dagbag.py:545} INFO - Filling up the DagBag from /home/airflow/.local/lib/python3.12/site-packages/airflow/example_dags/example_python_decorator.py
[2026-07-31T11:39:48.493+0000] {processor.py:840} INFO - DAG(s) 'example_python_decorator' retrieved from /home/airflow/.local/lib/python3.12/site-packages/airflow/example_dags/example_python_decorator.py
[2026-07-31T11:39:48.524+0000] {logging_mixin.py:188} INFO - [2026-07-31T11:39:48.523+0000] {dag.py:3089} INFO - Sync 1 DAGs
[2026-07-31T11:39:48.542+0000] {logging_mixin.py:188} INFO - [2026-07-31T11:39:48.542+0000] {dag.py:3947} INFO - Setting next_dagrun for example_python_decorator to None, run_after=None
[2026-07-31T11:39:48.571+0000] {processor.py:183} INFO - Processing /home/airflow/.local/lib/python3.12/site-packages/airflow/example_dags/example_python_decorator.py took 0.108 seconds
[2026-07-31T11:40:19.058+0000] {processor.py:161} INFO - Started process (PID=4415) to work on /home/airflow/.local/lib/python3.12/site-packages/airflow/example_dags/example_python_decorator.py
[2026-07-31T11:40:19.060+0000] {processor.py:830} INFO - Processing file /home/airflow/.local/lib/python3.12/site-packages/airflow/example_dags/example_python_decorator.py for tasks to queue
[2026-07-31T11:40:19.065+0000] {logging_mixin.py:188} INFO - [2026-07-31T11:40:19.064+0000] {dagbag.py:545} INFO - Filling up the DagBag from /home/airflow/.local/lib/python3.12/site-packages/airflow/example_dags/example_python_decorator.py
[2026-07-31T11:40:19.091+0000] {processor.py:840} INFO - DAG(s) 'example_python_decorator' retrieved from /home/airflow/.local/lib/python3.12/site-packages/airflow/example_dags/example_python_decorator.py
[2026-07-31T11:40:19.122+0000] {logging_mixin.py:188} INFO - [2026-07-31T11:40:19.122+0000] {dag.py:3089} INFO - Sync 1 DAGs
[2026-07-31T11:40:19.140+0000] {logging_mixin.py:188} INFO - [2026-07-31T11:40:19.140+0000] {dag.py:3947} INFO - Setting next_dagrun for example_python_decorator to None, run_after=None
[2026-07-31T11:40:19.166+0000] {processor.py:183} INFO - Processing /home/airflow/.local/lib/python3.12/site-packages/airflow/example_dags/example_python_decorator.py took 0.116 seconds
[2026-07-31T11:40:49.536+0000] {processor.py:161} INFO - Started process (PID=4473) to work on /home/airflow/.local/lib/python3.12/site-packages/airflow/example_dags/example_python_decorator.py
[2026-07-31T11:40:49.539+0000] {processor.py:830} INFO - Processing file /home/airflow/.local/lib/python3.12/site-packages/airflow/example_dags/example_python_decorator.py for tasks to queue
[2026-07-31T11:40:49.545+0000] {logging_mixin.py:188} INFO - [2026-07-31T11:40:49.544+0000] {dagbag.py:545} INFO - Filling up the DagBag from /home/airflow/.local/lib/python3.12/site-packages/airflow/example_dags/example_python_decorator.py
[2026-07-31T11:40:49.586+0000] {processor.py:840} INFO - DAG(s) 'example_python_decorator' retrieved from /home/airflow/.local/lib/python3.12/site-packages/airflow/example_dags/example_python_decorator.py
[2026-07-31T11:40:49.636+0000] {logging_mixin.py:188} INFO - [2026-07-31T11:40:49.636+0000] {dag.py:3089} INFO - Sync 1 DAGs
[2026-07-31T11:40:49.667+0000] {logging_mixin.py:188} INFO - [2026-07-31T11:40:49.667+0000] {dag.py:3947} INFO - Setting next_dagrun for example_python_decorator to None, run_after=None
[2026-07-31T11:40:49.719+0000] {processor.py:183} INFO - Processing /home/airflow/.local/lib/python3.12/site-packages/airflow/example_dags/example_python_decorator.py took 0.200 seconds
