[2026-07-31T10:53:32.508+0000] {processor.py:161} INFO - Started process (PID=143) to work on /home/airflow/.local/lib/python3.12/site-packages/airflow/example_dags/example_dag_decorator.py
[2026-07-31T10:53:32.515+0000] {processor.py:830} INFO - Processing file /home/airflow/.local/lib/python3.12/site-packages/airflow/example_dags/example_dag_decorator.py for tasks to queue
[2026-07-31T10:53:32.532+0000] {logging_mixin.py:188} INFO - [2026-07-31T10:53:32.531+0000] {dagbag.py:545} INFO - Filling up the DagBag from /home/airflow/.local/lib/python3.12/site-packages/airflow/example_dags/example_dag_decorator.py
[2026-07-31T10:53:38.338+0000] {processor.py:840} INFO - DAG(s) 'example_dag_decorator' retrieved from /home/airflow/.local/lib/python3.12/site-packages/airflow/example_dags/example_dag_decorator.py
[2026-07-31T10:53:39.440+0000] {logging_mixin.py:188} INFO - [2026-07-31T10:53:39.440+0000] {dag.py:3089} INFO - Sync 1 DAGs
[2026-07-31T10:53:39.639+0000] {logging_mixin.py:188} INFO - [2026-07-31T10:53:39.638+0000] {dag.py:3947} INFO - Setting next_dagrun for example_dag_decorator to None, run_after=None
[2026-07-31T10:53:39.927+0000] {processor.py:183} INFO - Processing /home/airflow/.local/lib/python3.12/site-packages/airflow/example_dags/example_dag_decorator.py took 7.447 seconds
[2026-07-31T10:54:47.603+0000] {processor.py:161} INFO - Started process (PID=206) to work on /home/airflow/.local/lib/python3.12/site-packages/airflow/example_dags/example_dag_decorator.py
[2026-07-31T10:54:47.610+0000] {processor.py:830} INFO - Processing file /home/airflow/.local/lib/python3.12/site-packages/airflow/example_dags/example_dag_decorator.py for tasks to queue
[2026-07-31T10:54:47.626+0000] {logging_mixin.py:188} INFO - [2026-07-31T10:54:47.625+0000] {dagbag.py:545} INFO - Filling up the DagBag from /home/airflow/.local/lib/python3.12/site-packages/airflow/example_dags/example_dag_decorator.py
[2026-07-31T10:55:02.670+0000] {processor.py:840} INFO - DAG(s) 'example_dag_decorator' retrieved from /home/airflow/.local/lib/python3.12/site-packages/airflow/example_dags/example_dag_decorator.py
[2026-07-31T10:55:04.607+0000] {logging_mixin.py:188} INFO - [2026-07-31T10:55:04.606+0000] {dag.py:3089} INFO - Sync 1 DAGs
[2026-07-31T10:55:04.778+0000] {logging_mixin.py:188} INFO - [2026-07-31T10:55:04.767+0000] {dag.py:3947} INFO - Setting next_dagrun for example_dag_decorator to None, run_after=None
[2026-07-31T10:55:05.187+0000] {processor.py:183} INFO - Processing /home/airflow/.local/lib/python3.12/site-packages/airflow/example_dags/example_dag_decorator.py took 17.726 seconds
[2026-07-31T10:55:35.456+0000] {processor.py:161} INFO - Started process (PID=274) to work on /home/airflow/.local/lib/python3.12/site-packages/airflow/example_dags/example_dag_decorator.py
[2026-07-31T10:55:35.459+0000] {processor.py:830} INFO - Processing file /home/airflow/.local/lib/python3.12/site-packages/airflow/example_dags/example_dag_decorator.py for tasks to queue
[2026-07-31T10:55:35.465+0000] {logging_mixin.py:188} INFO - [2026-07-31T10:55:35.464+0000] {dagbag.py:545} INFO - Filling up the DagBag from /home/airflow/.local/lib/python3.12/site-packages/airflow/example_dags/example_dag_decorator.py
[2026-07-31T10:55:36.165+0000] {processor.py:840} INFO - DAG(s) 'example_dag_decorator' retrieved from /home/airflow/.local/lib/python3.12/site-packages/airflow/example_dags/example_dag_decorator.py
[2026-07-31T10:55:36.223+0000] {logging_mixin.py:188} INFO - [2026-07-31T10:55:36.222+0000] {dag.py:3089} INFO - Sync 1 DAGs
[2026-07-31T10:55:36.248+0000] {logging_mixin.py:188} INFO - [2026-07-31T10:55:36.247+0000] {dag.py:3947} INFO - Setting next_dagrun for example_dag_decorator to None, run_after=None
[2026-07-31T10:55:36.288+0000] {processor.py:183} INFO - Processing /home/airflow/.local/lib/python3.12/site-packages/airflow/example_dags/example_dag_decorator.py took 0.856 seconds
[2026-07-31T10:56:08.206+0000] {processor.py:161} INFO - Started process (PID=332) to work on /home/airflow/.local/lib/python3.12/site-packages/airflow/example_dags/example_dag_decorator.py
[2026-07-31T10:56:08.237+0000] {processor.py:830} INFO - Processing file /home/airflow/.local/lib/python3.12/site-packages/airflow/example_dags/example_dag_decorator.py for tasks to queue
[2026-07-31T10:56:08.260+0000] {logging_mixin.py:188} INFO - [2026-07-31T10:56:08.259+0000] {dagbag.py:545} INFO - Filling up the DagBag from /home/airflow/.local/lib/python3.12/site-packages/airflow/example_dags/example_dag_decorator.py
[2026-07-31T10:56:09.266+0000] {processor.py:840} INFO - DAG(s) 'example_dag_decorator' retrieved from /home/airflow/.local/lib/python3.12/site-packages/airflow/example_dags/example_dag_decorator.py
[2026-07-31T10:56:10.046+0000] {logging_mixin.py:188} INFO - [2026-07-31T10:56:10.045+0000] {dag.py:3089} INFO - Sync 1 DAGs
[2026-07-31T10:56:10.195+0000] {logging_mixin.py:188} INFO - [2026-07-31T10:56:10.184+0000] {dag.py:3947} INFO - Setting next_dagrun for example_dag_decorator to None, run_after=None
[2026-07-31T10:56:10.438+0000] {processor.py:183} INFO - Processing /home/airflow/.local/lib/python3.12/site-packages/airflow/example_dags/example_dag_decorator.py took 2.300 seconds
[2026-07-31T10:56:40.891+0000] {processor.py:161} INFO - Started process (PID=388) to work on /home/airflow/.local/lib/python3.12/site-packages/airflow/example_dags/example_dag_decorator.py
[2026-07-31T10:56:40.893+0000] {processor.py:830} INFO - Processing file /home/airflow/.local/lib/python3.12/site-packages/airflow/example_dags/example_dag_decorator.py for tasks to queue
[2026-07-31T10:56:40.898+0000] {logging_mixin.py:188} INFO - [2026-07-31T10:56:40.897+0000] {dagbag.py:545} INFO - Filling up the DagBag from /home/airflow/.local/lib/python3.12/site-packages/airflow/example_dags/example_dag_decorator.py
[2026-07-31T10:56:41.179+0000] {processor.py:840} INFO - DAG(s) 'example_dag_decorator' retrieved from /home/airflow/.local/lib/python3.12/site-packages/airflow/example_dags/example_dag_decorator.py
[2026-07-31T10:56:41.491+0000] {logging_mixin.py:188} INFO - [2026-07-31T10:56:41.490+0000] {dag.py:3089} INFO - Sync 1 DAGs
[2026-07-31T10:56:41.526+0000] {logging_mixin.py:188} INFO - [2026-07-31T10:56:41.526+0000] {dag.py:3947} INFO - Setting next_dagrun for example_dag_decorator to None, run_after=None
[2026-07-31T10:56:41.590+0000] {processor.py:183} INFO - Processing /home/airflow/.local/lib/python3.12/site-packages/airflow/example_dags/example_dag_decorator.py took 0.710 seconds
[2026-07-31T10:57:12.272+0000] {processor.py:161} INFO - Started process (PID=446) to work on /home/airflow/.local/lib/python3.12/site-packages/airflow/example_dags/example_dag_decorator.py
[2026-07-31T10:57:12.274+0000] {processor.py:830} INFO - Processing file /home/airflow/.local/lib/python3.12/site-packages/airflow/example_dags/example_dag_decorator.py for tasks to queue
[2026-07-31T10:57:12.276+0000] {logging_mixin.py:188} INFO - [2026-07-31T10:57:12.276+0000] {dagbag.py:545} INFO - Filling up the DagBag from /home/airflow/.local/lib/python3.12/site-packages/airflow/example_dags/example_dag_decorator.py
[2026-07-31T10:57:12.893+0000] {processor.py:840} INFO - DAG(s) 'example_dag_decorator' retrieved from /home/airflow/.local/lib/python3.12/site-packages/airflow/example_dags/example_dag_decorator.py
[2026-07-31T10:57:13.396+0000] {logging_mixin.py:188} INFO - [2026-07-31T10:57:13.395+0000] {dag.py:3089} INFO - Sync 1 DAGs
[2026-07-31T10:57:13.421+0000] {logging_mixin.py:188} INFO - [2026-07-31T10:57:13.421+0000] {dag.py:3947} INFO - Setting next_dagrun for example_dag_decorator to None, run_after=None
[2026-07-31T10:57:13.500+0000] {processor.py:183} INFO - Processing /home/airflow/.local/lib/python3.12/site-packages/airflow/example_dags/example_dag_decorator.py took 1.236 seconds
[2026-07-31T10:57:43.640+0000] {processor.py:161} INFO - Started process (PID=505) to work on /home/airflow/.local/lib/python3.12/site-packages/airflow/example_dags/example_dag_decorator.py
[2026-07-31T10:57:43.642+0000] {processor.py:830} INFO - Processing file /home/airflow/.local/lib/python3.12/site-packages/airflow/example_dags/example_dag_decorator.py for tasks to queue
[2026-07-31T10:57:43.645+0000] {logging_mixin.py:188} INFO - [2026-07-31T10:57:43.644+0000] {dagbag.py:545} INFO - Filling up the DagBag from /home/airflow/.local/lib/python3.12/site-packages/airflow/example_dags/example_dag_decorator.py
[2026-07-31T10:57:43.867+0000] {processor.py:840} INFO - DAG(s) 'example_dag_decorator' retrieved from /home/airflow/.local/lib/python3.12/site-packages/airflow/example_dags/example_dag_decorator.py
[2026-07-31T10:57:44.084+0000] {logging_mixin.py:188} INFO - [2026-07-31T10:57:44.083+0000] {dag.py:3089} INFO - Sync 1 DAGs
[2026-07-31T10:57:44.106+0000] {logging_mixin.py:188} INFO - [2026-07-31T10:57:44.106+0000] {dag.py:3947} INFO - Setting next_dagrun for example_dag_decorator to None, run_after=None
[2026-07-31T10:57:44.151+0000] {processor.py:183} INFO - Processing /home/airflow/.local/lib/python3.12/site-packages/airflow/example_dags/example_dag_decorator.py took 0.521 seconds
[2026-07-31T10:58:15.285+0000] {processor.py:161} INFO - Started process (PID=563) to work on /home/airflow/.local/lib/python3.12/site-packages/airflow/example_dags/example_dag_decorator.py
[2026-07-31T10:58:15.290+0000] {processor.py:830} INFO - Processing file /home/airflow/.local/lib/python3.12/site-packages/airflow/example_dags/example_dag_decorator.py for tasks to queue
[2026-07-31T10:58:15.313+0000] {logging_mixin.py:188} INFO - [2026-07-31T10:58:15.312+0000] {dagbag.py:545} INFO - Filling up the DagBag from /home/airflow/.local/lib/python3.12/site-packages/airflow/example_dags/example_dag_decorator.py
[2026-07-31T10:58:16.731+0000] {processor.py:840} INFO - DAG(s) 'example_dag_decorator' retrieved from /home/airflow/.local/lib/python3.12/site-packages/airflow/example_dags/example_dag_decorator.py
[2026-07-31T10:58:17.353+0000] {logging_mixin.py:188} INFO - [2026-07-31T10:58:17.353+0000] {dag.py:3089} INFO - Sync 1 DAGs
[2026-07-31T10:58:17.375+0000] {logging_mixin.py:188} INFO - [2026-07-31T10:58:17.375+0000] {dag.py:3947} INFO - Setting next_dagrun for example_dag_decorator to None, run_after=None
[2026-07-31T10:58:17.417+0000] {processor.py:183} INFO - Processing /home/airflow/.local/lib/python3.12/site-packages/airflow/example_dags/example_dag_decorator.py took 2.164 seconds
[2026-07-31T10:58:47.690+0000] {processor.py:161} INFO - Started process (PID=622) to work on /home/airflow/.local/lib/python3.12/site-packages/airflow/example_dags/example_dag_decorator.py
[2026-07-31T10:58:47.693+0000] {processor.py:830} INFO - Processing file /home/airflow/.local/lib/python3.12/site-packages/airflow/example_dags/example_dag_decorator.py for tasks to queue
[2026-07-31T10:58:47.697+0000] {logging_mixin.py:188} INFO - [2026-07-31T10:58:47.696+0000] {dagbag.py:545} INFO - Filling up the DagBag from /home/airflow/.local/lib/python3.12/site-packages/airflow/example_dags/example_dag_decorator.py
[2026-07-31T10:58:47.938+0000] {processor.py:840} INFO - DAG(s) 'example_dag_decorator' retrieved from /home/airflow/.local/lib/python3.12/site-packages/airflow/example_dags/example_dag_decorator.py
[2026-07-31T10:58:48.479+0000] {logging_mixin.py:188} INFO - [2026-07-31T10:58:48.479+0000] {dag.py:3089} INFO - Sync 1 DAGs
[2026-07-31T10:58:48.505+0000] {logging_mixin.py:188} INFO - [2026-07-31T10:58:48.505+0000] {dag.py:3947} INFO - Setting next_dagrun for example_dag_decorator to None, run_after=None
[2026-07-31T10:58:48.554+0000] {processor.py:183} INFO - Processing /home/airflow/.local/lib/python3.12/site-packages/airflow/example_dags/example_dag_decorator.py took 0.879 seconds
[2026-07-31T10:59:19.026+0000] {processor.py:161} INFO - Started process (PID=682) to work on /home/airflow/.local/lib/python3.12/site-packages/airflow/example_dags/example_dag_decorator.py
[2026-07-31T10:59:19.028+0000] {processor.py:830} INFO - Processing file /home/airflow/.local/lib/python3.12/site-packages/airflow/example_dags/example_dag_decorator.py for tasks to queue
[2026-07-31T10:59:19.032+0000] {logging_mixin.py:188} INFO - [2026-07-31T10:59:19.032+0000] {dagbag.py:545} INFO - Filling up the DagBag from /home/airflow/.local/lib/python3.12/site-packages/airflow/example_dags/example_dag_decorator.py
[2026-07-31T10:59:19.327+0000] {processor.py:840} INFO - DAG(s) 'example_dag_decorator' retrieved from /home/airflow/.local/lib/python3.12/site-packages/airflow/example_dags/example_dag_decorator.py
[2026-07-31T10:59:19.988+0000] {logging_mixin.py:188} INFO - [2026-07-31T10:59:19.987+0000] {dag.py:3089} INFO - Sync 1 DAGs
[2026-07-31T10:59:20.004+0000] {logging_mixin.py:188} INFO - [2026-07-31T10:59:20.003+0000] {dag.py:3947} INFO - Setting next_dagrun for example_dag_decorator to None, run_after=None
[2026-07-31T10:59:20.040+0000] {processor.py:183} INFO - Processing /home/airflow/.local/lib/python3.12/site-packages/airflow/example_dags/example_dag_decorator.py took 1.033 seconds
[2026-07-31T10:59:50.154+0000] {processor.py:161} INFO - Started process (PID=740) to work on /home/airflow/.local/lib/python3.12/site-packages/airflow/example_dags/example_dag_decorator.py
[2026-07-31T10:59:50.157+0000] {processor.py:830} INFO - Processing file /home/airflow/.local/lib/python3.12/site-packages/airflow/example_dags/example_dag_decorator.py for tasks to queue
[2026-07-31T10:59:50.162+0000] {logging_mixin.py:188} INFO - [2026-07-31T10:59:50.161+0000] {dagbag.py:545} INFO - Filling up the DagBag from /home/airflow/.local/lib/python3.12/site-packages/airflow/example_dags/example_dag_decorator.py
[2026-07-31T10:59:50.491+0000] {processor.py:840} INFO - DAG(s) 'example_dag_decorator' retrieved from /home/airflow/.local/lib/python3.12/site-packages/airflow/example_dags/example_dag_decorator.py
[2026-07-31T10:59:51.058+0000] {logging_mixin.py:188} INFO - [2026-07-31T10:59:51.057+0000] {dag.py:3089} INFO - Sync 1 DAGs
[2026-07-31T10:59:51.074+0000] {logging_mixin.py:188} INFO - [2026-07-31T10:59:51.073+0000] {dag.py:3947} INFO - Setting next_dagrun for example_dag_decorator to None, run_after=None
[2026-07-31T10:59:51.108+0000] {processor.py:183} INFO - Processing /home/airflow/.local/lib/python3.12/site-packages/airflow/example_dags/example_dag_decorator.py took 0.975 seconds
[2026-07-31T11:00:22.019+0000] {processor.py:161} INFO - Started process (PID=798) to work on /home/airflow/.local/lib/python3.12/site-packages/airflow/example_dags/example_dag_decorator.py
[2026-07-31T11:00:22.024+0000] {processor.py:830} INFO - Processing file /home/airflow/.local/lib/python3.12/site-packages/airflow/example_dags/example_dag_decorator.py for tasks to queue
[2026-07-31T11:00:22.059+0000] {logging_mixin.py:188} INFO - [2026-07-31T11:00:22.058+0000] {dagbag.py:545} INFO - Filling up the DagBag from /home/airflow/.local/lib/python3.12/site-packages/airflow/example_dags/example_dag_decorator.py
[2026-07-31T11:00:22.644+0000] {processor.py:840} INFO - DAG(s) 'example_dag_decorator' retrieved from /home/airflow/.local/lib/python3.12/site-packages/airflow/example_dags/example_dag_decorator.py
[2026-07-31T11:00:23.705+0000] {logging_mixin.py:188} INFO - [2026-07-31T11:00:23.704+0000] {dag.py:3089} INFO - Sync 1 DAGs
[2026-07-31T11:00:23.734+0000] {logging_mixin.py:188} INFO - [2026-07-31T11:00:23.733+0000] {dag.py:3947} INFO - Setting next_dagrun for example_dag_decorator to None, run_after=None
[2026-07-31T11:00:23.800+0000] {processor.py:183} INFO - Processing /home/airflow/.local/lib/python3.12/site-packages/airflow/example_dags/example_dag_decorator.py took 1.808 seconds
[2026-07-31T11:00:54.624+0000] {processor.py:161} INFO - Started process (PID=858) to work on /home/airflow/.local/lib/python3.12/site-packages/airflow/example_dags/example_dag_decorator.py
[2026-07-31T11:00:54.627+0000] {processor.py:830} INFO - Processing file /home/airflow/.local/lib/python3.12/site-packages/airflow/example_dags/example_dag_decorator.py for tasks to queue
[2026-07-31T11:00:54.631+0000] {logging_mixin.py:188} INFO - [2026-07-31T11:00:54.630+0000] {dagbag.py:545} INFO - Filling up the DagBag from /home/airflow/.local/lib/python3.12/site-packages/airflow/example_dags/example_dag_decorator.py
[2026-07-31T11:00:54.893+0000] {processor.py:840} INFO - DAG(s) 'example_dag_decorator' retrieved from /home/airflow/.local/lib/python3.12/site-packages/airflow/example_dags/example_dag_decorator.py
[2026-07-31T11:00:54.944+0000] {logging_mixin.py:188} INFO - [2026-07-31T11:00:54.944+0000] {dag.py:3089} INFO - Sync 1 DAGs
[2026-07-31T11:00:54.973+0000] {logging_mixin.py:188} INFO - [2026-07-31T11:00:54.972+0000] {dag.py:3947} INFO - Setting next_dagrun for example_dag_decorator to None, run_after=None
[2026-07-31T11:00:55.297+0000] {processor.py:183} INFO - Processing /home/airflow/.local/lib/python3.12/site-packages/airflow/example_dags/example_dag_decorator.py took 0.689 seconds
[2026-07-31T11:01:25.991+0000] {processor.py:161} INFO - Started process (PID=916) to work on /home/airflow/.local/lib/python3.12/site-packages/airflow/example_dags/example_dag_decorator.py
[2026-07-31T11:01:25.993+0000] {processor.py:830} INFO - Processing file /home/airflow/.local/lib/python3.12/site-packages/airflow/example_dags/example_dag_decorator.py for tasks to queue
[2026-07-31T11:01:25.996+0000] {logging_mixin.py:188} INFO - [2026-07-31T11:01:25.995+0000] {dagbag.py:545} INFO - Filling up the DagBag from /home/airflow/.local/lib/python3.12/site-packages/airflow/example_dags/example_dag_decorator.py
[2026-07-31T11:01:26.132+0000] {processor.py:840} INFO - DAG(s) 'example_dag_decorator' retrieved from /home/airflow/.local/lib/python3.12/site-packages/airflow/example_dags/example_dag_decorator.py
[2026-07-31T11:01:26.425+0000] {logging_mixin.py:188} INFO - [2026-07-31T11:01:26.425+0000] {dag.py:3089} INFO - Sync 1 DAGs
[2026-07-31T11:01:26.439+0000] {logging_mixin.py:188} INFO - [2026-07-31T11:01:26.438+0000] {dag.py:3947} INFO - Setting next_dagrun for example_dag_decorator to None, run_after=None
[2026-07-31T11:01:26.465+0000] {processor.py:183} INFO - Processing /home/airflow/.local/lib/python3.12/site-packages/airflow/example_dags/example_dag_decorator.py took 0.483 seconds
[2026-07-31T11:01:56.945+0000] {processor.py:161} INFO - Started process (PID=974) to work on /home/airflow/.local/lib/python3.12/site-packages/airflow/example_dags/example_dag_decorator.py
[2026-07-31T11:01:56.955+0000] {processor.py:830} INFO - Processing file /home/airflow/.local/lib/python3.12/site-packages/airflow/example_dags/example_dag_decorator.py for tasks to queue
[2026-07-31T11:01:56.967+0000] {logging_mixin.py:188} INFO - [2026-07-31T11:01:56.966+0000] {dagbag.py:545} INFO - Filling up the DagBag from /home/airflow/.local/lib/python3.12/site-packages/airflow/example_dags/example_dag_decorator.py
[2026-07-31T11:01:58.156+0000] {processor.py:840} INFO - DAG(s) 'example_dag_decorator' retrieved from /home/airflow/.local/lib/python3.12/site-packages/airflow/example_dags/example_dag_decorator.py
[2026-07-31T11:01:59.489+0000] {logging_mixin.py:188} INFO - [2026-07-31T11:01:59.488+0000] {dag.py:3089} INFO - Sync 1 DAGs
[2026-07-31T11:01:59.563+0000] {logging_mixin.py:188} INFO - [2026-07-31T11:01:59.563+0000] {dag.py:3947} INFO - Setting next_dagrun for example_dag_decorator to None, run_after=None
[2026-07-31T11:01:59.698+0000] {processor.py:183} INFO - Processing /home/airflow/.local/lib/python3.12/site-packages/airflow/example_dags/example_dag_decorator.py took 2.794 seconds
[2026-07-31T11:02:33.514+0000] {processor.py:161} INFO - Started process (PID=1035) to work on /home/airflow/.local/lib/python3.12/site-packages/airflow/example_dags/example_dag_decorator.py
[2026-07-31T11:02:33.590+0000] {processor.py:830} INFO - Processing file /home/airflow/.local/lib/python3.12/site-packages/airflow/example_dags/example_dag_decorator.py for tasks to queue
[2026-07-31T11:02:33.656+0000] {logging_mixin.py:188} INFO - [2026-07-31T11:02:33.655+0000] {dagbag.py:545} INFO - Filling up the DagBag from /home/airflow/.local/lib/python3.12/site-packages/airflow/example_dags/example_dag_decorator.py
[2026-07-31T11:02:36.989+0000] {processor.py:840} INFO - DAG(s) 'example_dag_decorator' retrieved from /home/airflow/.local/lib/python3.12/site-packages/airflow/example_dags/example_dag_decorator.py
[2026-07-31T11:02:38.930+0000] {logging_mixin.py:188} INFO - [2026-07-31T11:02:38.919+0000] {dag.py:3089} INFO - Sync 1 DAGs
[2026-07-31T11:02:39.064+0000] {logging_mixin.py:188} INFO - [2026-07-31T11:02:39.062+0000] {dag.py:3947} INFO - Setting next_dagrun for example_dag_decorator to None, run_after=None
[2026-07-31T11:02:39.278+0000] {processor.py:183} INFO - Processing /home/airflow/.local/lib/python3.12/site-packages/airflow/example_dags/example_dag_decorator.py took 5.915 seconds
[2026-07-31T11:03:09.570+0000] {processor.py:161} INFO - Started process (PID=1101) to work on /home/airflow/.local/lib/python3.12/site-packages/airflow/example_dags/example_dag_decorator.py
[2026-07-31T11:03:09.576+0000] {processor.py:830} INFO - Processing file /home/airflow/.local/lib/python3.12/site-packages/airflow/example_dags/example_dag_decorator.py for tasks to queue
[2026-07-31T11:03:09.583+0000] {logging_mixin.py:188} INFO - [2026-07-31T11:03:09.582+0000] {dagbag.py:545} INFO - Filling up the DagBag from /home/airflow/.local/lib/python3.12/site-packages/airflow/example_dags/example_dag_decorator.py
[2026-07-31T11:03:10.139+0000] {processor.py:840} INFO - DAG(s) 'example_dag_decorator' retrieved from /home/airflow/.local/lib/python3.12/site-packages/airflow/example_dags/example_dag_decorator.py
[2026-07-31T11:03:11.161+0000] {logging_mixin.py:188} INFO - [2026-07-31T11:03:11.160+0000] {dag.py:3089} INFO - Sync 1 DAGs
[2026-07-31T11:03:11.196+0000] {logging_mixin.py:188} INFO - [2026-07-31T11:03:11.195+0000] {dag.py:3947} INFO - Setting next_dagrun for example_dag_decorator to None, run_after=None
[2026-07-31T11:03:11.261+0000] {processor.py:183} INFO - Processing /home/airflow/.local/lib/python3.12/site-packages/airflow/example_dags/example_dag_decorator.py took 1.713 seconds
[2026-07-31T11:03:42.296+0000] {processor.py:161} INFO - Started process (PID=1162) to work on /home/airflow/.local/lib/python3.12/site-packages/airflow/example_dags/example_dag_decorator.py
[2026-07-31T11:03:42.299+0000] {processor.py:830} INFO - Processing file /home/airflow/.local/lib/python3.12/site-packages/airflow/example_dags/example_dag_decorator.py for tasks to queue
[2026-07-31T11:03:42.305+0000] {logging_mixin.py:188} INFO - [2026-07-31T11:03:42.304+0000] {dagbag.py:545} INFO - Filling up the DagBag from /home/airflow/.local/lib/python3.12/site-packages/airflow/example_dags/example_dag_decorator.py
[2026-07-31T11:03:42.693+0000] {processor.py:840} INFO - DAG(s) 'example_dag_decorator' retrieved from /home/airflow/.local/lib/python3.12/site-packages/airflow/example_dags/example_dag_decorator.py
[2026-07-31T11:03:43.301+0000] {logging_mixin.py:188} INFO - [2026-07-31T11:03:43.300+0000] {dag.py:3089} INFO - Sync 1 DAGs
[2026-07-31T11:03:43.325+0000] {logging_mixin.py:188} INFO - [2026-07-31T11:03:43.324+0000] {dag.py:3947} INFO - Setting next_dagrun for example_dag_decorator to None, run_after=None
[2026-07-31T11:03:43.371+0000] {processor.py:183} INFO - Processing /home/airflow/.local/lib/python3.12/site-packages/airflow/example_dags/example_dag_decorator.py took 1.089 seconds
[2026-07-31T11:04:14.654+0000] {processor.py:161} INFO - Started process (PID=1221) to work on /home/airflow/.local/lib/python3.12/site-packages/airflow/example_dags/example_dag_decorator.py
[2026-07-31T11:04:14.658+0000] {processor.py:830} INFO - Processing file /home/airflow/.local/lib/python3.12/site-packages/airflow/example_dags/example_dag_decorator.py for tasks to queue
[2026-07-31T11:04:14.668+0000] {logging_mixin.py:188} INFO - [2026-07-31T11:04:14.666+0000] {dagbag.py:545} INFO - Filling up the DagBag from /home/airflow/.local/lib/python3.12/site-packages/airflow/example_dags/example_dag_decorator.py
[2026-07-31T11:04:19.513+0000] {processor.py:840} INFO - DAG(s) 'example_dag_decorator' retrieved from /home/airflow/.local/lib/python3.12/site-packages/airflow/example_dags/example_dag_decorator.py
[2026-07-31T11:04:20.330+0000] {logging_mixin.py:188} INFO - [2026-07-31T11:04:20.329+0000] {dag.py:3089} INFO - Sync 1 DAGs
[2026-07-31T11:04:20.398+0000] {logging_mixin.py:188} INFO - [2026-07-31T11:04:20.397+0000] {dag.py:3947} INFO - Setting next_dagrun for example_dag_decorator to None, run_after=None
[2026-07-31T11:04:20.473+0000] {processor.py:183} INFO - Processing /home/airflow/.local/lib/python3.12/site-packages/airflow/example_dags/example_dag_decorator.py took 5.845 seconds
[2026-07-31T11:04:53.607+0000] {processor.py:161} INFO - Started process (PID=1278) to work on /home/airflow/.local/lib/python3.12/site-packages/airflow/example_dags/example_dag_decorator.py
[2026-07-31T11:04:53.613+0000] {processor.py:830} INFO - Processing file /home/airflow/.local/lib/python3.12/site-packages/airflow/example_dags/example_dag_decorator.py for tasks to queue
[2026-07-31T11:04:53.648+0000] {logging_mixin.py:188} INFO - [2026-07-31T11:04:53.646+0000] {dagbag.py:545} INFO - Filling up the DagBag from /home/airflow/.local/lib/python3.12/site-packages/airflow/example_dags/example_dag_decorator.py
[2026-07-31T11:04:56.918+0000] {processor.py:840} INFO - DAG(s) 'example_dag_decorator' retrieved from /home/airflow/.local/lib/python3.12/site-packages/airflow/example_dags/example_dag_decorator.py
[2026-07-31T11:05:23.278+0000] {logging_mixin.py:188} INFO - [2026-07-31T11:05:23.275+0000] {dag.py:3089} INFO - Sync 1 DAGs
[2026-07-31T11:05:23.429+0000] {logging_mixin.py:188} INFO - [2026-07-31T11:05:23.422+0000] {dag.py:3947} INFO - Setting next_dagrun for example_dag_decorator to None, run_after=None
[2026-07-31T11:05:23.643+0000] {processor.py:183} INFO - Processing /home/airflow/.local/lib/python3.12/site-packages/airflow/example_dags/example_dag_decorator.py took 30.115 seconds
[2026-07-31T11:05:54.251+0000] {processor.py:161} INFO - Started process (PID=1343) to work on /home/airflow/.local/lib/python3.12/site-packages/airflow/example_dags/example_dag_decorator.py
[2026-07-31T11:05:54.254+0000] {processor.py:830} INFO - Processing file /home/airflow/.local/lib/python3.12/site-packages/airflow/example_dags/example_dag_decorator.py for tasks to queue
[2026-07-31T11:05:54.269+0000] {logging_mixin.py:188} INFO - [2026-07-31T11:05:54.267+0000] {dagbag.py:545} INFO - Filling up the DagBag from /home/airflow/.local/lib/python3.12/site-packages/airflow/example_dags/example_dag_decorator.py
[2026-07-31T11:05:57.143+0000] {processor.py:840} INFO - DAG(s) 'example_dag_decorator' retrieved from /home/airflow/.local/lib/python3.12/site-packages/airflow/example_dags/example_dag_decorator.py
[2026-07-31T11:06:09.554+0000] {logging_mixin.py:188} INFO - [2026-07-31T11:06:09.549+0000] {dag.py:3089} INFO - Sync 1 DAGs
[2026-07-31T11:06:09.642+0000] {logging_mixin.py:188} INFO - [2026-07-31T11:06:09.641+0000] {dag.py:3947} INFO - Setting next_dagrun for example_dag_decorator to None, run_after=None
[2026-07-31T11:06:09.748+0000] {processor.py:183} INFO - Processing /home/airflow/.local/lib/python3.12/site-packages/airflow/example_dags/example_dag_decorator.py took 15.532 seconds
[2026-07-31T11:06:41.642+0000] {processor.py:161} INFO - Started process (PID=1403) to work on /home/airflow/.local/lib/python3.12/site-packages/airflow/example_dags/example_dag_decorator.py
[2026-07-31T11:06:41.814+0000] {processor.py:830} INFO - Processing file /home/airflow/.local/lib/python3.12/site-packages/airflow/example_dags/example_dag_decorator.py for tasks to queue
[2026-07-31T11:06:41.869+0000] {logging_mixin.py:188} INFO - [2026-07-31T11:06:41.847+0000] {dagbag.py:545} INFO - Filling up the DagBag from /home/airflow/.local/lib/python3.12/site-packages/airflow/example_dags/example_dag_decorator.py
[2026-07-31T11:06:45.390+0000] {processor.py:840} INFO - DAG(s) 'example_dag_decorator' retrieved from /home/airflow/.local/lib/python3.12/site-packages/airflow/example_dags/example_dag_decorator.py
[2026-07-31T11:06:46.351+0000] {logging_mixin.py:188} INFO - [2026-07-31T11:06:46.349+0000] {dag.py:3089} INFO - Sync 1 DAGs
[2026-07-31T11:06:46.430+0000] {logging_mixin.py:188} INFO - [2026-07-31T11:06:46.418+0000] {dag.py:3947} INFO - Setting next_dagrun for example_dag_decorator to None, run_after=None
[2026-07-31T11:06:46.528+0000] {processor.py:183} INFO - Processing /home/airflow/.local/lib/python3.12/site-packages/airflow/example_dags/example_dag_decorator.py took 5.499 seconds
[2026-07-31T11:08:01.656+0000] {processor.py:161} INFO - Started process (PID=1490) to work on /home/airflow/.local/lib/python3.12/site-packages/airflow/example_dags/example_dag_decorator.py
[2026-07-31T11:08:01.664+0000] {processor.py:830} INFO - Processing file /home/airflow/.local/lib/python3.12/site-packages/airflow/example_dags/example_dag_decorator.py for tasks to queue
[2026-07-31T11:08:01.692+0000] {logging_mixin.py:188} INFO - [2026-07-31T11:08:01.686+0000] {dagbag.py:545} INFO - Filling up the DagBag from /home/airflow/.local/lib/python3.12/site-packages/airflow/example_dags/example_dag_decorator.py
[2026-07-31T11:08:09.225+0000] {processor.py:840} INFO - DAG(s) 'example_dag_decorator' retrieved from /home/airflow/.local/lib/python3.12/site-packages/airflow/example_dags/example_dag_decorator.py
[2026-07-31T11:08:10.995+0000] {logging_mixin.py:188} INFO - [2026-07-31T11:08:10.979+0000] {dag.py:3089} INFO - Sync 1 DAGs
[2026-07-31T11:08:11.314+0000] {logging_mixin.py:188} INFO - [2026-07-31T11:08:11.313+0000] {dag.py:3947} INFO - Setting next_dagrun for example_dag_decorator to None, run_after=None
[2026-07-31T11:08:11.729+0000] {processor.py:183} INFO - Processing /home/airflow/.local/lib/python3.12/site-packages/airflow/example_dags/example_dag_decorator.py took 10.137 seconds
[2026-07-31T11:08:52.757+0000] {processor.py:161} INFO - Started process (PID=1568) to work on /home/airflow/.local/lib/python3.12/site-packages/airflow/example_dags/example_dag_decorator.py
[2026-07-31T11:08:52.761+0000] {processor.py:830} INFO - Processing file /home/airflow/.local/lib/python3.12/site-packages/airflow/example_dags/example_dag_decorator.py for tasks to queue
[2026-07-31T11:08:52.778+0000] {logging_mixin.py:188} INFO - [2026-07-31T11:08:52.777+0000] {dagbag.py:545} INFO - Filling up the DagBag from /home/airflow/.local/lib/python3.12/site-packages/airflow/example_dags/example_dag_decorator.py
[2026-07-31T11:09:08.099+0000] {processor.py:840} INFO - DAG(s) 'example_dag_decorator' retrieved from /home/airflow/.local/lib/python3.12/site-packages/airflow/example_dags/example_dag_decorator.py
[2026-07-31T11:09:08.965+0000] {logging_mixin.py:188} INFO - [2026-07-31T11:09:08.964+0000] {dag.py:3089} INFO - Sync 1 DAGs
[2026-07-31T11:09:09.013+0000] {logging_mixin.py:188} INFO - [2026-07-31T11:09:09.012+0000] {dag.py:3947} INFO - Setting next_dagrun for example_dag_decorator to None, run_after=None
[2026-07-31T11:09:09.180+0000] {processor.py:183} INFO - Processing /home/airflow/.local/lib/python3.12/site-packages/airflow/example_dags/example_dag_decorator.py took 16.524 seconds
[2026-07-31T11:10:13.504+0000] {processor.py:161} INFO - Started process (PID=1643) to work on /home/airflow/.local/lib/python3.12/site-packages/airflow/example_dags/example_dag_decorator.py
[2026-07-31T11:10:13.510+0000] {processor.py:830} INFO - Processing file /home/airflow/.local/lib/python3.12/site-packages/airflow/example_dags/example_dag_decorator.py for tasks to queue
[2026-07-31T11:10:13.518+0000] {logging_mixin.py:188} INFO - [2026-07-31T11:10:13.517+0000] {dagbag.py:545} INFO - Filling up the DagBag from /home/airflow/.local/lib/python3.12/site-packages/airflow/example_dags/example_dag_decorator.py
[2026-07-31T11:10:21.059+0000] {processor.py:840} INFO - DAG(s) 'example_dag_decorator' retrieved from /home/airflow/.local/lib/python3.12/site-packages/airflow/example_dags/example_dag_decorator.py
[2026-07-31T11:10:23.191+0000] {logging_mixin.py:188} INFO - [2026-07-31T11:10:23.190+0000] {dag.py:3089} INFO - Sync 1 DAGs
[2026-07-31T11:10:23.286+0000] {logging_mixin.py:188} INFO - [2026-07-31T11:10:23.286+0000] {dag.py:3947} INFO - Setting next_dagrun for example_dag_decorator to None, run_after=None
[2026-07-31T11:10:23.629+0000] {processor.py:183} INFO - Processing /home/airflow/.local/lib/python3.12/site-packages/airflow/example_dags/example_dag_decorator.py took 10.166 seconds
[2026-07-31T11:11:07.931+0000] {processor.py:161} INFO - Started process (PID=1715) to work on /home/airflow/.local/lib/python3.12/site-packages/airflow/example_dags/example_dag_decorator.py
[2026-07-31T11:11:07.935+0000] {processor.py:830} INFO - Processing file /home/airflow/.local/lib/python3.12/site-packages/airflow/example_dags/example_dag_decorator.py for tasks to queue
[2026-07-31T11:11:07.943+0000] {logging_mixin.py:188} INFO - [2026-07-31T11:11:07.942+0000] {dagbag.py:545} INFO - Filling up the DagBag from /home/airflow/.local/lib/python3.12/site-packages/airflow/example_dags/example_dag_decorator.py
[2026-07-31T11:11:24.616+0000] {processor.py:840} INFO - DAG(s) 'example_dag_decorator' retrieved from /home/airflow/.local/lib/python3.12/site-packages/airflow/example_dags/example_dag_decorator.py
[2026-07-31T11:11:25.761+0000] {logging_mixin.py:188} INFO - [2026-07-31T11:11:25.759+0000] {dag.py:3089} INFO - Sync 1 DAGs
[2026-07-31T11:11:25.816+0000] {logging_mixin.py:188} INFO - [2026-07-31T11:11:25.815+0000] {dag.py:3947} INFO - Setting next_dagrun for example_dag_decorator to None, run_after=None
[2026-07-31T11:11:25.917+0000] {processor.py:183} INFO - Processing /home/airflow/.local/lib/python3.12/site-packages/airflow/example_dags/example_dag_decorator.py took 18.015 seconds
[2026-07-31T11:12:20.645+0000] {processor.py:161} INFO - Started process (PID=1790) to work on /home/airflow/.local/lib/python3.12/site-packages/airflow/example_dags/example_dag_decorator.py
[2026-07-31T11:12:20.648+0000] {processor.py:830} INFO - Processing file /home/airflow/.local/lib/python3.12/site-packages/airflow/example_dags/example_dag_decorator.py for tasks to queue
[2026-07-31T11:12:20.656+0000] {logging_mixin.py:188} INFO - [2026-07-31T11:12:20.655+0000] {dagbag.py:545} INFO - Filling up the DagBag from /home/airflow/.local/lib/python3.12/site-packages/airflow/example_dags/example_dag_decorator.py
[2026-07-31T11:12:21.393+0000] {processor.py:840} INFO - DAG(s) 'example_dag_decorator' retrieved from /home/airflow/.local/lib/python3.12/site-packages/airflow/example_dags/example_dag_decorator.py
[2026-07-31T11:12:22.083+0000] {logging_mixin.py:188} INFO - [2026-07-31T11:12:22.083+0000] {dag.py:3089} INFO - Sync 1 DAGs
[2026-07-31T11:12:22.121+0000] {logging_mixin.py:188} INFO - [2026-07-31T11:12:22.120+0000] {dag.py:3947} INFO - Setting next_dagrun for example_dag_decorator to None, run_after=None
[2026-07-31T11:12:22.186+0000] {processor.py:183} INFO - Processing /home/airflow/.local/lib/python3.12/site-packages/airflow/example_dags/example_dag_decorator.py took 1.563 seconds
[2026-07-31T11:13:03.839+0000] {processor.py:161} INFO - Started process (PID=1851) to work on /home/airflow/.local/lib/python3.12/site-packages/airflow/example_dags/example_dag_decorator.py
[2026-07-31T11:13:03.846+0000] {processor.py:830} INFO - Processing file /home/airflow/.local/lib/python3.12/site-packages/airflow/example_dags/example_dag_decorator.py for tasks to queue
[2026-07-31T11:13:03.881+0000] {logging_mixin.py:188} INFO - [2026-07-31T11:13:03.879+0000] {dagbag.py:545} INFO - Filling up the DagBag from /home/airflow/.local/lib/python3.12/site-packages/airflow/example_dags/example_dag_decorator.py
[2026-07-31T11:13:07.122+0000] {processor.py:840} INFO - DAG(s) 'example_dag_decorator' retrieved from /home/airflow/.local/lib/python3.12/site-packages/airflow/example_dags/example_dag_decorator.py
[2026-07-31T11:13:08.593+0000] {logging_mixin.py:188} INFO - [2026-07-31T11:13:08.591+0000] {dag.py:3089} INFO - Sync 1 DAGs
[2026-07-31T11:13:08.743+0000] {logging_mixin.py:188} INFO - [2026-07-31T11:13:08.741+0000] {dag.py:3947} INFO - Setting next_dagrun for example_dag_decorator to None, run_after=None
[2026-07-31T11:13:08.945+0000] {processor.py:183} INFO - Processing /home/airflow/.local/lib/python3.12/site-packages/airflow/example_dags/example_dag_decorator.py took 5.162 seconds
[2026-07-31T11:13:43.058+0000] {processor.py:161} INFO - Started process (PID=1920) to work on /home/airflow/.local/lib/python3.12/site-packages/airflow/example_dags/example_dag_decorator.py
[2026-07-31T11:13:43.072+0000] {processor.py:830} INFO - Processing file /home/airflow/.local/lib/python3.12/site-packages/airflow/example_dags/example_dag_decorator.py for tasks to queue
[2026-07-31T11:13:43.089+0000] {logging_mixin.py:188} INFO - [2026-07-31T11:13:43.088+0000] {dagbag.py:545} INFO - Filling up the DagBag from /home/airflow/.local/lib/python3.12/site-packages/airflow/example_dags/example_dag_decorator.py
[2026-07-31T11:13:44.888+0000] {processor.py:840} INFO - DAG(s) 'example_dag_decorator' retrieved from /home/airflow/.local/lib/python3.12/site-packages/airflow/example_dags/example_dag_decorator.py
[2026-07-31T11:13:49.126+0000] {logging_mixin.py:188} INFO - [2026-07-31T11:13:49.125+0000] {dag.py:3089} INFO - Sync 1 DAGs
[2026-07-31T11:13:49.304+0000] {logging_mixin.py:188} INFO - [2026-07-31T11:13:49.303+0000] {dag.py:3947} INFO - Setting next_dagrun for example_dag_decorator to None, run_after=None
[2026-07-31T11:13:49.436+0000] {processor.py:183} INFO - Processing /home/airflow/.local/lib/python3.12/site-packages/airflow/example_dags/example_dag_decorator.py took 6.438 seconds
[2026-07-31T11:14:31.184+0000] {processor.py:161} INFO - Started process (PID=1982) to work on /home/airflow/.local/lib/python3.12/site-packages/airflow/example_dags/example_dag_decorator.py
[2026-07-31T11:14:31.188+0000] {processor.py:830} INFO - Processing file /home/airflow/.local/lib/python3.12/site-packages/airflow/example_dags/example_dag_decorator.py for tasks to queue
[2026-07-31T11:14:31.196+0000] {logging_mixin.py:188} INFO - [2026-07-31T11:14:31.195+0000] {dagbag.py:545} INFO - Filling up the DagBag from /home/airflow/.local/lib/python3.12/site-packages/airflow/example_dags/example_dag_decorator.py
[2026-07-31T11:14:32.604+0000] {processor.py:840} INFO - DAG(s) 'example_dag_decorator' retrieved from /home/airflow/.local/lib/python3.12/site-packages/airflow/example_dags/example_dag_decorator.py
[2026-07-31T11:14:33.504+0000] {logging_mixin.py:188} INFO - [2026-07-31T11:14:33.503+0000] {dag.py:3089} INFO - Sync 1 DAGs
[2026-07-31T11:14:33.543+0000] {logging_mixin.py:188} INFO - [2026-07-31T11:14:33.542+0000] {dag.py:3947} INFO - Setting next_dagrun for example_dag_decorator to None, run_after=None
[2026-07-31T11:14:33.621+0000] {processor.py:183} INFO - Processing /home/airflow/.local/lib/python3.12/site-packages/airflow/example_dags/example_dag_decorator.py took 2.484 seconds
[2026-07-31T11:15:04.210+0000] {processor.py:161} INFO - Started process (PID=2045) to work on /home/airflow/.local/lib/python3.12/site-packages/airflow/example_dags/example_dag_decorator.py
[2026-07-31T11:15:04.217+0000] {processor.py:830} INFO - Processing file /home/airflow/.local/lib/python3.12/site-packages/airflow/example_dags/example_dag_decorator.py for tasks to queue
[2026-07-31T11:15:04.236+0000] {logging_mixin.py:188} INFO - [2026-07-31T11:15:04.234+0000] {dagbag.py:545} INFO - Filling up the DagBag from /home/airflow/.local/lib/python3.12/site-packages/airflow/example_dags/example_dag_decorator.py
[2026-07-31T11:15:05.088+0000] {processor.py:840} INFO - DAG(s) 'example_dag_decorator' retrieved from /home/airflow/.local/lib/python3.12/site-packages/airflow/example_dags/example_dag_decorator.py
[2026-07-31T11:15:05.744+0000] {logging_mixin.py:188} INFO - [2026-07-31T11:15:05.743+0000] {dag.py:3089} INFO - Sync 1 DAGs
[2026-07-31T11:15:05.784+0000] {logging_mixin.py:188} INFO - [2026-07-31T11:15:05.784+0000] {dag.py:3947} INFO - Setting next_dagrun for example_dag_decorator to None, run_after=None
[2026-07-31T11:15:05.875+0000] {processor.py:183} INFO - Processing /home/airflow/.local/lib/python3.12/site-packages/airflow/example_dags/example_dag_decorator.py took 1.703 seconds
[2026-07-31T11:15:39.684+0000] {processor.py:161} INFO - Started process (PID=2111) to work on /home/airflow/.local/lib/python3.12/site-packages/airflow/example_dags/example_dag_decorator.py
[2026-07-31T11:15:39.688+0000] {processor.py:830} INFO - Processing file /home/airflow/.local/lib/python3.12/site-packages/airflow/example_dags/example_dag_decorator.py for tasks to queue
[2026-07-31T11:15:39.695+0000] {logging_mixin.py:188} INFO - [2026-07-31T11:15:39.694+0000] {dagbag.py:545} INFO - Filling up the DagBag from /home/airflow/.local/lib/python3.12/site-packages/airflow/example_dags/example_dag_decorator.py
[2026-07-31T11:15:40.743+0000] {processor.py:840} INFO - DAG(s) 'example_dag_decorator' retrieved from /home/airflow/.local/lib/python3.12/site-packages/airflow/example_dags/example_dag_decorator.py
[2026-07-31T11:15:41.493+0000] {logging_mixin.py:188} INFO - [2026-07-31T11:15:41.493+0000] {dag.py:3089} INFO - Sync 1 DAGs
[2026-07-31T11:15:41.536+0000] {logging_mixin.py:188} INFO - [2026-07-31T11:15:41.536+0000] {dag.py:3947} INFO - Setting next_dagrun for example_dag_decorator to None, run_after=None
[2026-07-31T11:15:41.637+0000] {processor.py:183} INFO - Processing /home/airflow/.local/lib/python3.12/site-packages/airflow/example_dags/example_dag_decorator.py took 1.988 seconds
[2026-07-31T11:16:12.492+0000] {processor.py:161} INFO - Started process (PID=2174) to work on /home/airflow/.local/lib/python3.12/site-packages/airflow/example_dags/example_dag_decorator.py
[2026-07-31T11:16:12.495+0000] {processor.py:830} INFO - Processing file /home/airflow/.local/lib/python3.12/site-packages/airflow/example_dags/example_dag_decorator.py for tasks to queue
[2026-07-31T11:16:12.505+0000] {logging_mixin.py:188} INFO - [2026-07-31T11:16:12.504+0000] {dagbag.py:545} INFO - Filling up the DagBag from /home/airflow/.local/lib/python3.12/site-packages/airflow/example_dags/example_dag_decorator.py
[2026-07-31T11:16:12.870+0000] {processor.py:840} INFO - DAG(s) 'example_dag_decorator' retrieved from /home/airflow/.local/lib/python3.12/site-packages/airflow/example_dags/example_dag_decorator.py
[2026-07-31T11:16:13.155+0000] {logging_mixin.py:188} INFO - [2026-07-31T11:16:13.154+0000] {dag.py:3089} INFO - Sync 1 DAGs
[2026-07-31T11:16:13.184+0000] {logging_mixin.py:188} INFO - [2026-07-31T11:16:13.184+0000] {dag.py:3947} INFO - Setting next_dagrun for example_dag_decorator to None, run_after=None
[2026-07-31T11:16:13.232+0000] {processor.py:183} INFO - Processing /home/airflow/.local/lib/python3.12/site-packages/airflow/example_dags/example_dag_decorator.py took 0.765 seconds
[2026-07-31T11:16:43.557+0000] {processor.py:161} INFO - Started process (PID=2232) to work on /home/airflow/.local/lib/python3.12/site-packages/airflow/example_dags/example_dag_decorator.py
[2026-07-31T11:16:43.560+0000] {processor.py:830} INFO - Processing file /home/airflow/.local/lib/python3.12/site-packages/airflow/example_dags/example_dag_decorator.py for tasks to queue
[2026-07-31T11:16:43.565+0000] {logging_mixin.py:188} INFO - [2026-07-31T11:16:43.564+0000] {dagbag.py:545} INFO - Filling up the DagBag from /home/airflow/.local/lib/python3.12/site-packages/airflow/example_dags/example_dag_decorator.py
[2026-07-31T11:16:43.913+0000] {processor.py:840} INFO - DAG(s) 'example_dag_decorator' retrieved from /home/airflow/.local/lib/python3.12/site-packages/airflow/example_dags/example_dag_decorator.py
[2026-07-31T11:16:44.256+0000] {logging_mixin.py:188} INFO - [2026-07-31T11:16:44.255+0000] {dag.py:3089} INFO - Sync 1 DAGs
[2026-07-31T11:16:44.294+0000] {logging_mixin.py:188} INFO - [2026-07-31T11:16:44.293+0000] {dag.py:3947} INFO - Setting next_dagrun for example_dag_decorator to None, run_after=None
[2026-07-31T11:16:44.357+0000] {processor.py:183} INFO - Processing /home/airflow/.local/lib/python3.12/site-packages/airflow/example_dags/example_dag_decorator.py took 0.819 seconds
[2026-07-31T11:17:15.754+0000] {processor.py:161} INFO - Started process (PID=2294) to work on /home/airflow/.local/lib/python3.12/site-packages/airflow/example_dags/example_dag_decorator.py
[2026-07-31T11:17:15.756+0000] {processor.py:830} INFO - Processing file /home/airflow/.local/lib/python3.12/site-packages/airflow/example_dags/example_dag_decorator.py for tasks to queue
[2026-07-31T11:17:15.761+0000] {logging_mixin.py:188} INFO - [2026-07-31T11:17:15.760+0000] {dagbag.py:545} INFO - Filling up the DagBag from /home/airflow/.local/lib/python3.12/site-packages/airflow/example_dags/example_dag_decorator.py
[2026-07-31T11:17:17.068+0000] {processor.py:840} INFO - DAG(s) 'example_dag_decorator' retrieved from /home/airflow/.local/lib/python3.12/site-packages/airflow/example_dags/example_dag_decorator.py
[2026-07-31T11:17:19.574+0000] {logging_mixin.py:188} INFO - [2026-07-31T11:17:19.571+0000] {dag.py:3089} INFO - Sync 1 DAGs
[2026-07-31T11:17:19.801+0000] {logging_mixin.py:188} INFO - [2026-07-31T11:17:19.799+0000] {dag.py:3947} INFO - Setting next_dagrun for example_dag_decorator to None, run_after=None
[2026-07-31T11:17:20.110+0000] {processor.py:183} INFO - Processing /home/airflow/.local/lib/python3.12/site-packages/airflow/example_dags/example_dag_decorator.py took 4.378 seconds
[2026-07-31T11:18:04.121+0000] {processor.py:161} INFO - Started process (PID=2364) to work on /home/airflow/.local/lib/python3.12/site-packages/airflow/example_dags/example_dag_decorator.py
[2026-07-31T11:18:04.135+0000] {processor.py:830} INFO - Processing file /home/airflow/.local/lib/python3.12/site-packages/airflow/example_dags/example_dag_decorator.py for tasks to queue
[2026-07-31T11:18:04.150+0000] {logging_mixin.py:188} INFO - [2026-07-31T11:18:04.149+0000] {dagbag.py:545} INFO - Filling up the DagBag from /home/airflow/.local/lib/python3.12/site-packages/airflow/example_dags/example_dag_decorator.py
[2026-07-31T11:18:06.645+0000] {processor.py:840} INFO - DAG(s) 'example_dag_decorator' retrieved from /home/airflow/.local/lib/python3.12/site-packages/airflow/example_dags/example_dag_decorator.py
[2026-07-31T11:18:07.835+0000] {logging_mixin.py:188} INFO - [2026-07-31T11:18:07.833+0000] {dag.py:3089} INFO - Sync 1 DAGs
[2026-07-31T11:18:07.907+0000] {logging_mixin.py:188} INFO - [2026-07-31T11:18:07.906+0000] {dag.py:3947} INFO - Setting next_dagrun for example_dag_decorator to None, run_after=None
[2026-07-31T11:18:07.973+0000] {processor.py:183} INFO - Processing /home/airflow/.local/lib/python3.12/site-packages/airflow/example_dags/example_dag_decorator.py took 3.917 seconds
[2026-07-31T11:18:38.364+0000] {processor.py:161} INFO - Started process (PID=2426) to work on /home/airflow/.local/lib/python3.12/site-packages/airflow/example_dags/example_dag_decorator.py
[2026-07-31T11:18:38.367+0000] {processor.py:830} INFO - Processing file /home/airflow/.local/lib/python3.12/site-packages/airflow/example_dags/example_dag_decorator.py for tasks to queue
[2026-07-31T11:18:38.372+0000] {logging_mixin.py:188} INFO - [2026-07-31T11:18:38.371+0000] {dagbag.py:545} INFO - Filling up the DagBag from /home/airflow/.local/lib/python3.12/site-packages/airflow/example_dags/example_dag_decorator.py
[2026-07-31T11:18:38.631+0000] {processor.py:840} INFO - DAG(s) 'example_dag_decorator' retrieved from /home/airflow/.local/lib/python3.12/site-packages/airflow/example_dags/example_dag_decorator.py
[2026-07-31T11:18:38.944+0000] {logging_mixin.py:188} INFO - [2026-07-31T11:18:38.943+0000] {dag.py:3089} INFO - Sync 1 DAGs
[2026-07-31T11:18:38.987+0000] {logging_mixin.py:188} INFO - [2026-07-31T11:18:38.987+0000] {dag.py:3947} INFO - Setting next_dagrun for example_dag_decorator to None, run_after=None
[2026-07-31T11:18:39.056+0000] {processor.py:183} INFO - Processing /home/airflow/.local/lib/python3.12/site-packages/airflow/example_dags/example_dag_decorator.py took 0.705 seconds
[2026-07-31T11:19:09.746+0000] {processor.py:161} INFO - Started process (PID=2484) to work on /home/airflow/.local/lib/python3.12/site-packages/airflow/example_dags/example_dag_decorator.py
[2026-07-31T11:19:09.749+0000] {processor.py:830} INFO - Processing file /home/airflow/.local/lib/python3.12/site-packages/airflow/example_dags/example_dag_decorator.py for tasks to queue
[2026-07-31T11:19:09.754+0000] {logging_mixin.py:188} INFO - [2026-07-31T11:19:09.754+0000] {dagbag.py:545} INFO - Filling up the DagBag from /home/airflow/.local/lib/python3.12/site-packages/airflow/example_dags/example_dag_decorator.py
[2026-07-31T11:19:10.056+0000] {processor.py:840} INFO - DAG(s) 'example_dag_decorator' retrieved from /home/airflow/.local/lib/python3.12/site-packages/airflow/example_dags/example_dag_decorator.py
[2026-07-31T11:19:10.342+0000] {logging_mixin.py:188} INFO - [2026-07-31T11:19:10.341+0000] {dag.py:3089} INFO - Sync 1 DAGs
[2026-07-31T11:19:10.367+0000] {logging_mixin.py:188} INFO - [2026-07-31T11:19:10.366+0000] {dag.py:3947} INFO - Setting next_dagrun for example_dag_decorator to None, run_after=None
[2026-07-31T11:19:10.418+0000] {processor.py:183} INFO - Processing /home/airflow/.local/lib/python3.12/site-packages/airflow/example_dags/example_dag_decorator.py took 0.689 seconds
[2026-07-31T11:19:41.883+0000] {processor.py:161} INFO - Started process (PID=2542) to work on /home/airflow/.local/lib/python3.12/site-packages/airflow/example_dags/example_dag_decorator.py
[2026-07-31T11:19:41.889+0000] {processor.py:830} INFO - Processing file /home/airflow/.local/lib/python3.12/site-packages/airflow/example_dags/example_dag_decorator.py for tasks to queue
[2026-07-31T11:19:41.899+0000] {logging_mixin.py:188} INFO - [2026-07-31T11:19:41.897+0000] {dagbag.py:545} INFO - Filling up the DagBag from /home/airflow/.local/lib/python3.12/site-packages/airflow/example_dags/example_dag_decorator.py
[2026-07-31T11:19:43.548+0000] {processor.py:840} INFO - DAG(s) 'example_dag_decorator' retrieved from /home/airflow/.local/lib/python3.12/site-packages/airflow/example_dags/example_dag_decorator.py
[2026-07-31T11:19:44.312+0000] {logging_mixin.py:188} INFO - [2026-07-31T11:19:44.311+0000] {dag.py:3089} INFO - Sync 1 DAGs
[2026-07-31T11:19:44.370+0000] {logging_mixin.py:188} INFO - [2026-07-31T11:19:44.369+0000] {dag.py:3947} INFO - Setting next_dagrun for example_dag_decorator to None, run_after=None
[2026-07-31T11:19:44.464+0000] {processor.py:183} INFO - Processing /home/airflow/.local/lib/python3.12/site-packages/airflow/example_dags/example_dag_decorator.py took 2.607 seconds
[2026-07-31T11:20:24.316+0000] {processor.py:161} INFO - Started process (PID=2602) to work on /home/airflow/.local/lib/python3.12/site-packages/airflow/example_dags/example_dag_decorator.py
[2026-07-31T11:20:24.332+0000] {processor.py:830} INFO - Processing file /home/airflow/.local/lib/python3.12/site-packages/airflow/example_dags/example_dag_decorator.py for tasks to queue
[2026-07-31T11:20:24.353+0000] {logging_mixin.py:188} INFO - [2026-07-31T11:20:24.352+0000] {dagbag.py:545} INFO - Filling up the DagBag from /home/airflow/.local/lib/python3.12/site-packages/airflow/example_dags/example_dag_decorator.py
[2026-07-31T11:20:28.416+0000] {processor.py:840} INFO - DAG(s) 'example_dag_decorator' retrieved from /home/airflow/.local/lib/python3.12/site-packages/airflow/example_dags/example_dag_decorator.py
[2026-07-31T11:20:31.260+0000] {logging_mixin.py:188} INFO - [2026-07-31T11:20:31.258+0000] {dag.py:3089} INFO - Sync 1 DAGs
[2026-07-31T11:20:31.346+0000] {logging_mixin.py:188} INFO - [2026-07-31T11:20:31.345+0000] {dag.py:3947} INFO - Setting next_dagrun for example_dag_decorator to None, run_after=None
[2026-07-31T11:20:31.491+0000] {processor.py:183} INFO - Processing /home/airflow/.local/lib/python3.12/site-packages/airflow/example_dags/example_dag_decorator.py took 7.295 seconds
[2026-07-31T11:21:01.738+0000] {processor.py:161} INFO - Started process (PID=2666) to work on /home/airflow/.local/lib/python3.12/site-packages/airflow/example_dags/example_dag_decorator.py
[2026-07-31T11:21:01.742+0000] {processor.py:830} INFO - Processing file /home/airflow/.local/lib/python3.12/site-packages/airflow/example_dags/example_dag_decorator.py for tasks to queue
[2026-07-31T11:21:01.752+0000] {logging_mixin.py:188} INFO - [2026-07-31T11:21:01.748+0000] {dagbag.py:545} INFO - Filling up the DagBag from /home/airflow/.local/lib/python3.12/site-packages/airflow/example_dags/example_dag_decorator.py
[2026-07-31T11:21:02.277+0000] {processor.py:840} INFO - DAG(s) 'example_dag_decorator' retrieved from /home/airflow/.local/lib/python3.12/site-packages/airflow/example_dags/example_dag_decorator.py
[2026-07-31T11:21:02.643+0000] {logging_mixin.py:188} INFO - [2026-07-31T11:21:02.643+0000] {dag.py:3089} INFO - Sync 1 DAGs
[2026-07-31T11:21:02.670+0000] {logging_mixin.py:188} INFO - [2026-07-31T11:21:02.669+0000] {dag.py:3947} INFO - Setting next_dagrun for example_dag_decorator to None, run_after=None
[2026-07-31T11:21:02.721+0000] {processor.py:183} INFO - Processing /home/airflow/.local/lib/python3.12/site-packages/airflow/example_dags/example_dag_decorator.py took 1.010 seconds
[2026-07-31T11:21:33.674+0000] {processor.py:161} INFO - Started process (PID=2724) to work on /home/airflow/.local/lib/python3.12/site-packages/airflow/example_dags/example_dag_decorator.py
[2026-07-31T11:21:33.676+0000] {processor.py:830} INFO - Processing file /home/airflow/.local/lib/python3.12/site-packages/airflow/example_dags/example_dag_decorator.py for tasks to queue
[2026-07-31T11:21:33.681+0000] {logging_mixin.py:188} INFO - [2026-07-31T11:21:33.681+0000] {dagbag.py:545} INFO - Filling up the DagBag from /home/airflow/.local/lib/python3.12/site-packages/airflow/example_dags/example_dag_decorator.py
[2026-07-31T11:21:33.982+0000] {processor.py:840} INFO - DAG(s) 'example_dag_decorator' retrieved from /home/airflow/.local/lib/python3.12/site-packages/airflow/example_dags/example_dag_decorator.py
[2026-07-31T11:21:34.310+0000] {logging_mixin.py:188} INFO - [2026-07-31T11:21:34.309+0000] {dag.py:3089} INFO - Sync 1 DAGs
[2026-07-31T11:21:34.342+0000] {logging_mixin.py:188} INFO - [2026-07-31T11:21:34.342+0000] {dag.py:3947} INFO - Setting next_dagrun for example_dag_decorator to None, run_after=None
[2026-07-31T11:21:34.402+0000] {processor.py:183} INFO - Processing /home/airflow/.local/lib/python3.12/site-packages/airflow/example_dags/example_dag_decorator.py took 0.744 seconds
[2026-07-31T11:22:05.118+0000] {processor.py:161} INFO - Started process (PID=2783) to work on /home/airflow/.local/lib/python3.12/site-packages/airflow/example_dags/example_dag_decorator.py
[2026-07-31T11:22:05.122+0000] {processor.py:830} INFO - Processing file /home/airflow/.local/lib/python3.12/site-packages/airflow/example_dags/example_dag_decorator.py for tasks to queue
[2026-07-31T11:22:05.130+0000] {logging_mixin.py:188} INFO - [2026-07-31T11:22:05.129+0000] {dagbag.py:545} INFO - Filling up the DagBag from /home/airflow/.local/lib/python3.12/site-packages/airflow/example_dags/example_dag_decorator.py
[2026-07-31T11:22:05.981+0000] {processor.py:840} INFO - DAG(s) 'example_dag_decorator' retrieved from /home/airflow/.local/lib/python3.12/site-packages/airflow/example_dags/example_dag_decorator.py
[2026-07-31T11:22:06.435+0000] {logging_mixin.py:188} INFO - [2026-07-31T11:22:06.434+0000] {dag.py:3089} INFO - Sync 1 DAGs
[2026-07-31T11:22:06.479+0000] {logging_mixin.py:188} INFO - [2026-07-31T11:22:06.478+0000] {dag.py:3947} INFO - Setting next_dagrun for example_dag_decorator to None, run_after=None
[2026-07-31T11:22:06.538+0000] {processor.py:183} INFO - Processing /home/airflow/.local/lib/python3.12/site-packages/airflow/example_dags/example_dag_decorator.py took 1.449 seconds
[2026-07-31T11:22:37.424+0000] {processor.py:161} INFO - Started process (PID=2849) to work on /home/airflow/.local/lib/python3.12/site-packages/airflow/example_dags/example_dag_decorator.py
[2026-07-31T11:22:37.430+0000] {processor.py:830} INFO - Processing file /home/airflow/.local/lib/python3.12/site-packages/airflow/example_dags/example_dag_decorator.py for tasks to queue
[2026-07-31T11:22:37.443+0000] {logging_mixin.py:188} INFO - [2026-07-31T11:22:37.438+0000] {dagbag.py:545} INFO - Filling up the DagBag from /home/airflow/.local/lib/python3.12/site-packages/airflow/example_dags/example_dag_decorator.py
[2026-07-31T11:22:38.456+0000] {processor.py:840} INFO - DAG(s) 'example_dag_decorator' retrieved from /home/airflow/.local/lib/python3.12/site-packages/airflow/example_dags/example_dag_decorator.py
[2026-07-31T11:22:39.293+0000] {logging_mixin.py:188} INFO - [2026-07-31T11:22:39.290+0000] {dag.py:3089} INFO - Sync 1 DAGs
[2026-07-31T11:22:39.363+0000] {logging_mixin.py:188} INFO - [2026-07-31T11:22:39.362+0000] {dag.py:3947} INFO - Setting next_dagrun for example_dag_decorator to None, run_after=None
[2026-07-31T11:22:39.623+0000] {processor.py:183} INFO - Processing /home/airflow/.local/lib/python3.12/site-packages/airflow/example_dags/example_dag_decorator.py took 2.234 seconds
[2026-07-31T11:24:39.350+0000] {processor.py:161} INFO - Started process (PID=2935) to work on /home/airflow/.local/lib/python3.12/site-packages/airflow/example_dags/example_dag_decorator.py
[2026-07-31T11:24:39.375+0000] {processor.py:830} INFO - Processing file /home/airflow/.local/lib/python3.12/site-packages/airflow/example_dags/example_dag_decorator.py for tasks to queue
[2026-07-31T11:24:39.444+0000] {logging_mixin.py:188} INFO - [2026-07-31T11:24:39.442+0000] {dagbag.py:545} INFO - Filling up the DagBag from /home/airflow/.local/lib/python3.12/site-packages/airflow/example_dags/example_dag_decorator.py
[2026-07-31T11:24:53.461+0000] {processor.py:840} INFO - DAG(s) 'example_dag_decorator' retrieved from /home/airflow/.local/lib/python3.12/site-packages/airflow/example_dags/example_dag_decorator.py
[2026-07-31T11:24:59.316+0000] {logging_mixin.py:188} INFO - [2026-07-31T11:24:59.283+0000] {dag.py:3089} INFO - Sync 1 DAGs
[2026-07-31T11:24:59.522+0000] {logging_mixin.py:188} INFO - [2026-07-31T11:24:59.521+0000] {dag.py:3947} INFO - Setting next_dagrun for example_dag_decorator to None, run_after=None
[2026-07-31T11:24:59.942+0000] {processor.py:183} INFO - Processing /home/airflow/.local/lib/python3.12/site-packages/airflow/example_dags/example_dag_decorator.py took 20.712 seconds
[2026-07-31T11:26:01.175+0000] {processor.py:161} INFO - Started process (PID=3022) to work on /home/airflow/.local/lib/python3.12/site-packages/airflow/example_dags/example_dag_decorator.py
[2026-07-31T11:26:01.187+0000] {processor.py:830} INFO - Processing file /home/airflow/.local/lib/python3.12/site-packages/airflow/example_dags/example_dag_decorator.py for tasks to queue
[2026-07-31T11:26:01.205+0000] {logging_mixin.py:188} INFO - [2026-07-31T11:26:01.203+0000] {dagbag.py:545} INFO - Filling up the DagBag from /home/airflow/.local/lib/python3.12/site-packages/airflow/example_dags/example_dag_decorator.py
[2026-07-31T11:26:03.568+0000] {processor.py:840} INFO - DAG(s) 'example_dag_decorator' retrieved from /home/airflow/.local/lib/python3.12/site-packages/airflow/example_dags/example_dag_decorator.py
[2026-07-31T11:26:06.305+0000] {logging_mixin.py:188} INFO - [2026-07-31T11:26:06.304+0000] {dag.py:3089} INFO - Sync 1 DAGs
[2026-07-31T11:26:06.474+0000] {logging_mixin.py:188} INFO - [2026-07-31T11:26:06.473+0000] {dag.py:3947} INFO - Setting next_dagrun for example_dag_decorator to None, run_after=None
[2026-07-31T11:26:06.896+0000] {processor.py:183} INFO - Processing /home/airflow/.local/lib/python3.12/site-packages/airflow/example_dags/example_dag_decorator.py took 5.876 seconds
[2026-07-31T11:27:00.525+0000] {processor.py:161} INFO - Started process (PID=3075) to work on /home/airflow/.local/lib/python3.12/site-packages/airflow/example_dags/example_dag_decorator.py
[2026-07-31T11:27:00.531+0000] {processor.py:830} INFO - Processing file /home/airflow/.local/lib/python3.12/site-packages/airflow/example_dags/example_dag_decorator.py for tasks to queue
[2026-07-31T11:27:00.545+0000] {logging_mixin.py:188} INFO - [2026-07-31T11:27:00.544+0000] {dagbag.py:545} INFO - Filling up the DagBag from /home/airflow/.local/lib/python3.12/site-packages/airflow/example_dags/example_dag_decorator.py
[2026-07-31T11:27:03.335+0000] {processor.py:840} INFO - DAG(s) 'example_dag_decorator' retrieved from /home/airflow/.local/lib/python3.12/site-packages/airflow/example_dags/example_dag_decorator.py
[2026-07-31T11:27:04.657+0000] {logging_mixin.py:188} INFO - [2026-07-31T11:27:04.656+0000] {dag.py:3089} INFO - Sync 1 DAGs
[2026-07-31T11:27:04.715+0000] {logging_mixin.py:188} INFO - [2026-07-31T11:27:04.714+0000] {dag.py:3947} INFO - Setting next_dagrun for example_dag_decorator to None, run_after=None
[2026-07-31T11:27:04.825+0000] {processor.py:183} INFO - Processing /home/airflow/.local/lib/python3.12/site-packages/airflow/example_dags/example_dag_decorator.py took 4.332 seconds
[2026-07-31T11:27:35.236+0000] {processor.py:161} INFO - Started process (PID=3137) to work on /home/airflow/.local/lib/python3.12/site-packages/airflow/example_dags/example_dag_decorator.py
[2026-07-31T11:27:35.240+0000] {processor.py:830} INFO - Processing file /home/airflow/.local/lib/python3.12/site-packages/airflow/example_dags/example_dag_decorator.py for tasks to queue
[2026-07-31T11:27:35.251+0000] {logging_mixin.py:188} INFO - [2026-07-31T11:27:35.250+0000] {dagbag.py:545} INFO - Filling up the DagBag from /home/airflow/.local/lib/python3.12/site-packages/airflow/example_dags/example_dag_decorator.py
[2026-07-31T11:27:35.687+0000] {processor.py:840} INFO - DAG(s) 'example_dag_decorator' retrieved from /home/airflow/.local/lib/python3.12/site-packages/airflow/example_dags/example_dag_decorator.py
[2026-07-31T11:27:36.057+0000] {logging_mixin.py:188} INFO - [2026-07-31T11:27:36.057+0000] {dag.py:3089} INFO - Sync 1 DAGs
[2026-07-31T11:27:36.094+0000] {logging_mixin.py:188} INFO - [2026-07-31T11:27:36.094+0000] {dag.py:3947} INFO - Setting next_dagrun for example_dag_decorator to None, run_after=None
[2026-07-31T11:27:36.154+0000] {processor.py:183} INFO - Processing /home/airflow/.local/lib/python3.12/site-packages/airflow/example_dags/example_dag_decorator.py took 0.993 seconds
[2026-07-31T11:28:06.431+0000] {processor.py:161} INFO - Started process (PID=3196) to work on /home/airflow/.local/lib/python3.12/site-packages/airflow/example_dags/example_dag_decorator.py
[2026-07-31T11:28:06.434+0000] {processor.py:830} INFO - Processing file /home/airflow/.local/lib/python3.12/site-packages/airflow/example_dags/example_dag_decorator.py for tasks to queue
[2026-07-31T11:28:06.445+0000] {logging_mixin.py:188} INFO - [2026-07-31T11:28:06.444+0000] {dagbag.py:545} INFO - Filling up the DagBag from /home/airflow/.local/lib/python3.12/site-packages/airflow/example_dags/example_dag_decorator.py
[2026-07-31T11:28:06.831+0000] {processor.py:840} INFO - DAG(s) 'example_dag_decorator' retrieved from /home/airflow/.local/lib/python3.12/site-packages/airflow/example_dags/example_dag_decorator.py
[2026-07-31T11:28:07.180+0000] {logging_mixin.py:188} INFO - [2026-07-31T11:28:07.179+0000] {dag.py:3089} INFO - Sync 1 DAGs
[2026-07-31T11:28:07.214+0000] {logging_mixin.py:188} INFO - [2026-07-31T11:28:07.214+0000] {dag.py:3947} INFO - Setting next_dagrun for example_dag_decorator to None, run_after=None
[2026-07-31T11:28:07.279+0000] {processor.py:183} INFO - Processing /home/airflow/.local/lib/python3.12/site-packages/airflow/example_dags/example_dag_decorator.py took 0.866 seconds
[2026-07-31T11:28:37.488+0000] {processor.py:161} INFO - Started process (PID=3264) to work on /home/airflow/.local/lib/python3.12/site-packages/airflow/example_dags/example_dag_decorator.py
[2026-07-31T11:28:37.491+0000] {processor.py:830} INFO - Processing file /home/airflow/.local/lib/python3.12/site-packages/airflow/example_dags/example_dag_decorator.py for tasks to queue
[2026-07-31T11:28:37.497+0000] {logging_mixin.py:188} INFO - [2026-07-31T11:28:37.496+0000] {dagbag.py:545} INFO - Filling up the DagBag from /home/airflow/.local/lib/python3.12/site-packages/airflow/example_dags/example_dag_decorator.py
[2026-07-31T11:28:38.110+0000] {processor.py:840} INFO - DAG(s) 'example_dag_decorator' retrieved from /home/airflow/.local/lib/python3.12/site-packages/airflow/example_dags/example_dag_decorator.py
[2026-07-31T11:28:38.311+0000] {logging_mixin.py:188} INFO - [2026-07-31T11:28:38.305+0000] {dag.py:3089} INFO - Sync 1 DAGs
[2026-07-31T11:28:38.383+0000] {logging_mixin.py:188} INFO - [2026-07-31T11:28:38.382+0000] {dag.py:3947} INFO - Setting next_dagrun for example_dag_decorator to None, run_after=None
[2026-07-31T11:28:38.481+0000] {processor.py:183} INFO - Processing /home/airflow/.local/lib/python3.12/site-packages/airflow/example_dags/example_dag_decorator.py took 1.014 seconds
[2026-07-31T11:29:08.799+0000] {processor.py:161} INFO - Started process (PID=3321) to work on /home/airflow/.local/lib/python3.12/site-packages/airflow/example_dags/example_dag_decorator.py
[2026-07-31T11:29:08.807+0000] {processor.py:830} INFO - Processing file /home/airflow/.local/lib/python3.12/site-packages/airflow/example_dags/example_dag_decorator.py for tasks to queue
[2026-07-31T11:29:08.819+0000] {logging_mixin.py:188} INFO - [2026-07-31T11:29:08.818+0000] {dagbag.py:545} INFO - Filling up the DagBag from /home/airflow/.local/lib/python3.12/site-packages/airflow/example_dags/example_dag_decorator.py
[2026-07-31T11:29:09.771+0000] {processor.py:840} INFO - DAG(s) 'example_dag_decorator' retrieved from /home/airflow/.local/lib/python3.12/site-packages/airflow/example_dags/example_dag_decorator.py
[2026-07-31T11:29:09.847+0000] {logging_mixin.py:188} INFO - [2026-07-31T11:29:09.847+0000] {dag.py:3089} INFO - Sync 1 DAGs
[2026-07-31T11:29:09.944+0000] {logging_mixin.py:188} INFO - [2026-07-31T11:29:09.943+0000] {dag.py:3947} INFO - Setting next_dagrun for example_dag_decorator to None, run_after=None
[2026-07-31T11:29:10.061+0000] {processor.py:183} INFO - Processing /home/airflow/.local/lib/python3.12/site-packages/airflow/example_dags/example_dag_decorator.py took 1.294 seconds
[2026-07-31T11:30:04.943+0000] {processor.py:161} INFO - Started process (PID=3382) to work on /home/airflow/.local/lib/python3.12/site-packages/airflow/example_dags/example_dag_decorator.py
[2026-07-31T11:30:04.974+0000] {processor.py:830} INFO - Processing file /home/airflow/.local/lib/python3.12/site-packages/airflow/example_dags/example_dag_decorator.py for tasks to queue
[2026-07-31T11:30:05.023+0000] {logging_mixin.py:188} INFO - [2026-07-31T11:30:05.022+0000] {dagbag.py:545} INFO - Filling up the DagBag from /home/airflow/.local/lib/python3.12/site-packages/airflow/example_dags/example_dag_decorator.py
[2026-07-31T11:30:11.409+0000] {processor.py:840} INFO - DAG(s) 'example_dag_decorator' retrieved from /home/airflow/.local/lib/python3.12/site-packages/airflow/example_dags/example_dag_decorator.py
[2026-07-31T11:30:11.854+0000] {logging_mixin.py:188} INFO - [2026-07-31T11:30:11.854+0000] {dag.py:3089} INFO - Sync 1 DAGs
[2026-07-31T11:30:12.163+0000] {logging_mixin.py:188} INFO - [2026-07-31T11:30:12.162+0000] {dag.py:3947} INFO - Setting next_dagrun for example_dag_decorator to None, run_after=None
[2026-07-31T11:30:12.409+0000] {processor.py:183} INFO - Processing /home/airflow/.local/lib/python3.12/site-packages/airflow/example_dags/example_dag_decorator.py took 7.688 seconds
[2026-07-31T11:30:42.839+0000] {processor.py:161} INFO - Started process (PID=3450) to work on /home/airflow/.local/lib/python3.12/site-packages/airflow/example_dags/example_dag_decorator.py
[2026-07-31T11:30:42.855+0000] {processor.py:830} INFO - Processing file /home/airflow/.local/lib/python3.12/site-packages/airflow/example_dags/example_dag_decorator.py for tasks to queue
[2026-07-31T11:30:42.881+0000] {logging_mixin.py:188} INFO - [2026-07-31T11:30:42.880+0000] {dagbag.py:545} INFO - Filling up the DagBag from /home/airflow/.local/lib/python3.12/site-packages/airflow/example_dags/example_dag_decorator.py
[2026-07-31T11:30:44.929+0000] {processor.py:840} INFO - DAG(s) 'example_dag_decorator' retrieved from /home/airflow/.local/lib/python3.12/site-packages/airflow/example_dags/example_dag_decorator.py
[2026-07-31T11:30:45.242+0000] {logging_mixin.py:188} INFO - [2026-07-31T11:30:45.241+0000] {dag.py:3089} INFO - Sync 1 DAGs
[2026-07-31T11:30:45.449+0000] {logging_mixin.py:188} INFO - [2026-07-31T11:30:45.448+0000] {dag.py:3947} INFO - Setting next_dagrun for example_dag_decorator to None, run_after=None
[2026-07-31T11:30:45.814+0000] {processor.py:183} INFO - Processing /home/airflow/.local/lib/python3.12/site-packages/airflow/example_dags/example_dag_decorator.py took 3.031 seconds
[2026-07-31T11:31:16.052+0000] {processor.py:161} INFO - Started process (PID=3510) to work on /home/airflow/.local/lib/python3.12/site-packages/airflow/example_dags/example_dag_decorator.py
[2026-07-31T11:31:16.055+0000] {processor.py:830} INFO - Processing file /home/airflow/.local/lib/python3.12/site-packages/airflow/example_dags/example_dag_decorator.py for tasks to queue
[2026-07-31T11:31:16.061+0000] {logging_mixin.py:188} INFO - [2026-07-31T11:31:16.060+0000] {dagbag.py:545} INFO - Filling up the DagBag from /home/airflow/.local/lib/python3.12/site-packages/airflow/example_dags/example_dag_decorator.py
[2026-07-31T11:31:16.339+0000] {processor.py:840} INFO - DAG(s) 'example_dag_decorator' retrieved from /home/airflow/.local/lib/python3.12/site-packages/airflow/example_dags/example_dag_decorator.py
[2026-07-31T11:31:17.007+0000] {logging_mixin.py:188} INFO - [2026-07-31T11:31:17.006+0000] {dag.py:3089} INFO - Sync 1 DAGs
[2026-07-31T11:31:17.063+0000] {logging_mixin.py:188} INFO - [2026-07-31T11:31:17.062+0000] {dag.py:3947} INFO - Setting next_dagrun for example_dag_decorator to None, run_after=None
[2026-07-31T11:31:17.135+0000] {processor.py:183} INFO - Processing /home/airflow/.local/lib/python3.12/site-packages/airflow/example_dags/example_dag_decorator.py took 1.102 seconds
[2026-07-31T11:31:47.561+0000] {processor.py:161} INFO - Started process (PID=3568) to work on /home/airflow/.local/lib/python3.12/site-packages/airflow/example_dags/example_dag_decorator.py
[2026-07-31T11:31:47.565+0000] {processor.py:830} INFO - Processing file /home/airflow/.local/lib/python3.12/site-packages/airflow/example_dags/example_dag_decorator.py for tasks to queue
[2026-07-31T11:31:47.571+0000] {logging_mixin.py:188} INFO - [2026-07-31T11:31:47.570+0000] {dagbag.py:545} INFO - Filling up the DagBag from /home/airflow/.local/lib/python3.12/site-packages/airflow/example_dags/example_dag_decorator.py
[2026-07-31T11:31:47.870+0000] {processor.py:840} INFO - DAG(s) 'example_dag_decorator' retrieved from /home/airflow/.local/lib/python3.12/site-packages/airflow/example_dags/example_dag_decorator.py
[2026-07-31T11:31:48.332+0000] {logging_mixin.py:188} INFO - [2026-07-31T11:31:48.331+0000] {dag.py:3089} INFO - Sync 1 DAGs
[2026-07-31T11:31:48.360+0000] {logging_mixin.py:188} INFO - [2026-07-31T11:31:48.359+0000] {dag.py:3947} INFO - Setting next_dagrun for example_dag_decorator to None, run_after=None
[2026-07-31T11:31:48.428+0000] {processor.py:183} INFO - Processing /home/airflow/.local/lib/python3.12/site-packages/airflow/example_dags/example_dag_decorator.py took 0.890 seconds
[2026-07-31T11:32:19.268+0000] {processor.py:161} INFO - Started process (PID=3628) to work on /home/airflow/.local/lib/python3.12/site-packages/airflow/example_dags/example_dag_decorator.py
[2026-07-31T11:32:19.272+0000] {processor.py:830} INFO - Processing file /home/airflow/.local/lib/python3.12/site-packages/airflow/example_dags/example_dag_decorator.py for tasks to queue
[2026-07-31T11:32:19.280+0000] {logging_mixin.py:188} INFO - [2026-07-31T11:32:19.279+0000] {dagbag.py:545} INFO - Filling up the DagBag from /home/airflow/.local/lib/python3.12/site-packages/airflow/example_dags/example_dag_decorator.py
[2026-07-31T11:32:19.680+0000] {processor.py:840} INFO - DAG(s) 'example_dag_decorator' retrieved from /home/airflow/.local/lib/python3.12/site-packages/airflow/example_dags/example_dag_decorator.py
[2026-07-31T11:32:20.124+0000] {logging_mixin.py:188} INFO - [2026-07-31T11:32:20.123+0000] {dag.py:3089} INFO - Sync 1 DAGs
[2026-07-31T11:32:20.172+0000] {logging_mixin.py:188} INFO - [2026-07-31T11:32:20.171+0000] {dag.py:3947} INFO - Setting next_dagrun for example_dag_decorator to None, run_after=None
[2026-07-31T11:32:20.244+0000] {processor.py:183} INFO - Processing /home/airflow/.local/lib/python3.12/site-packages/airflow/example_dags/example_dag_decorator.py took 1.008 seconds
[2026-07-31T11:33:00.241+0000] {processor.py:161} INFO - Started process (PID=3684) to work on /home/airflow/.local/lib/python3.12/site-packages/airflow/example_dags/example_dag_decorator.py
[2026-07-31T11:33:00.248+0000] {processor.py:830} INFO - Processing file /home/airflow/.local/lib/python3.12/site-packages/airflow/example_dags/example_dag_decorator.py for tasks to queue
[2026-07-31T11:33:00.276+0000] {logging_mixin.py:188} INFO - [2026-07-31T11:33:00.274+0000] {dagbag.py:545} INFO - Filling up the DagBag from /home/airflow/.local/lib/python3.12/site-packages/airflow/example_dags/example_dag_decorator.py
[2026-07-31T11:33:01.532+0000] {processor.py:840} INFO - DAG(s) 'example_dag_decorator' retrieved from /home/airflow/.local/lib/python3.12/site-packages/airflow/example_dags/example_dag_decorator.py
[2026-07-31T11:33:04.502+0000] {logging_mixin.py:188} INFO - [2026-07-31T11:33:04.501+0000] {dag.py:3089} INFO - Sync 1 DAGs
[2026-07-31T11:33:04.674+0000] {logging_mixin.py:188} INFO - [2026-07-31T11:33:04.661+0000] {dag.py:3947} INFO - Setting next_dagrun for example_dag_decorator to None, run_after=None
[2026-07-31T11:33:05.073+0000] {processor.py:183} INFO - Processing /home/airflow/.local/lib/python3.12/site-packages/airflow/example_dags/example_dag_decorator.py took 4.877 seconds
[2026-07-31T11:34:36.226+0000] {processor.py:161} INFO - Started process (PID=3765) to work on /home/airflow/.local/lib/python3.12/site-packages/airflow/example_dags/example_dag_decorator.py
[2026-07-31T11:34:36.229+0000] {processor.py:830} INFO - Processing file /home/airflow/.local/lib/python3.12/site-packages/airflow/example_dags/example_dag_decorator.py for tasks to queue
[2026-07-31T11:34:36.236+0000] {logging_mixin.py:188} INFO - [2026-07-31T11:34:36.235+0000] {dagbag.py:545} INFO - Filling up the DagBag from /home/airflow/.local/lib/python3.12/site-packages/airflow/example_dags/example_dag_decorator.py
[2026-07-31T11:34:36.938+0000] {processor.py:840} INFO - DAG(s) 'example_dag_decorator' retrieved from /home/airflow/.local/lib/python3.12/site-packages/airflow/example_dags/example_dag_decorator.py
[2026-07-31T11:34:37.596+0000] {logging_mixin.py:188} INFO - [2026-07-31T11:34:37.596+0000] {dag.py:3089} INFO - Sync 1 DAGs
[2026-07-31T11:34:37.629+0000] {logging_mixin.py:188} INFO - [2026-07-31T11:34:37.629+0000] {dag.py:3947} INFO - Setting next_dagrun for example_dag_decorator to None, run_after=None
[2026-07-31T11:34:37.695+0000] {processor.py:183} INFO - Processing /home/airflow/.local/lib/python3.12/site-packages/airflow/example_dags/example_dag_decorator.py took 1.489 seconds
[2026-07-31T11:35:07.910+0000] {processor.py:161} INFO - Started process (PID=3827) to work on /home/airflow/.local/lib/python3.12/site-packages/airflow/example_dags/example_dag_decorator.py
[2026-07-31T11:35:07.912+0000] {processor.py:830} INFO - Processing file /home/airflow/.local/lib/python3.12/site-packages/airflow/example_dags/example_dag_decorator.py for tasks to queue
[2026-07-31T11:35:07.915+0000] {logging_mixin.py:188} INFO - [2026-07-31T11:35:07.914+0000] {dagbag.py:545} INFO - Filling up the DagBag from /home/airflow/.local/lib/python3.12/site-packages/airflow/example_dags/example_dag_decorator.py
[2026-07-31T11:35:08.195+0000] {processor.py:840} INFO - DAG(s) 'example_dag_decorator' retrieved from /home/airflow/.local/lib/python3.12/site-packages/airflow/example_dags/example_dag_decorator.py
[2026-07-31T11:35:08.475+0000] {logging_mixin.py:188} INFO - [2026-07-31T11:35:08.473+0000] {dag.py:3089} INFO - Sync 1 DAGs
[2026-07-31T11:35:08.521+0000] {logging_mixin.py:188} INFO - [2026-07-31T11:35:08.521+0000] {dag.py:3947} INFO - Setting next_dagrun for example_dag_decorator to None, run_after=None
[2026-07-31T11:35:08.652+0000] {processor.py:183} INFO - Processing /home/airflow/.local/lib/python3.12/site-packages/airflow/example_dags/example_dag_decorator.py took 0.752 seconds
[2026-07-31T11:35:39.090+0000] {processor.py:161} INFO - Started process (PID=3882) to work on /home/airflow/.local/lib/python3.12/site-packages/airflow/example_dags/example_dag_decorator.py
[2026-07-31T11:35:39.099+0000] {processor.py:830} INFO - Processing file /home/airflow/.local/lib/python3.12/site-packages/airflow/example_dags/example_dag_decorator.py for tasks to queue
[2026-07-31T11:35:39.105+0000] {logging_mixin.py:188} INFO - [2026-07-31T11:35:39.104+0000] {dagbag.py:545} INFO - Filling up the DagBag from /home/airflow/.local/lib/python3.12/site-packages/airflow/example_dags/example_dag_decorator.py
[2026-07-31T11:35:39.600+0000] {processor.py:840} INFO - DAG(s) 'example_dag_decorator' retrieved from /home/airflow/.local/lib/python3.12/site-packages/airflow/example_dags/example_dag_decorator.py
[2026-07-31T11:35:40.052+0000] {logging_mixin.py:188} INFO - [2026-07-31T11:35:40.051+0000] {dag.py:3089} INFO - Sync 1 DAGs
[2026-07-31T11:35:40.088+0000] {logging_mixin.py:188} INFO - [2026-07-31T11:35:40.087+0000] {dag.py:3947} INFO - Setting next_dagrun for example_dag_decorator to None, run_after=None
[2026-07-31T11:35:40.161+0000] {processor.py:183} INFO - Processing /home/airflow/.local/lib/python3.12/site-packages/airflow/example_dags/example_dag_decorator.py took 1.087 seconds
[2026-07-31T11:36:10.248+0000] {processor.py:161} INFO - Started process (PID=3943) to work on /home/airflow/.local/lib/python3.12/site-packages/airflow/example_dags/example_dag_decorator.py
[2026-07-31T11:36:10.250+0000] {processor.py:830} INFO - Processing file /home/airflow/.local/lib/python3.12/site-packages/airflow/example_dags/example_dag_decorator.py for tasks to queue
[2026-07-31T11:36:10.255+0000] {logging_mixin.py:188} INFO - [2026-07-31T11:36:10.253+0000] {dagbag.py:545} INFO - Filling up the DagBag from /home/airflow/.local/lib/python3.12/site-packages/airflow/example_dags/example_dag_decorator.py
[2026-07-31T11:36:10.507+0000] {processor.py:840} INFO - DAG(s) 'example_dag_decorator' retrieved from /home/airflow/.local/lib/python3.12/site-packages/airflow/example_dags/example_dag_decorator.py
[2026-07-31T11:36:10.883+0000] {logging_mixin.py:188} INFO - [2026-07-31T11:36:10.882+0000] {dag.py:3089} INFO - Sync 1 DAGs
[2026-07-31T11:36:10.927+0000] {logging_mixin.py:188} INFO - [2026-07-31T11:36:10.926+0000] {dag.py:3947} INFO - Setting next_dagrun for example_dag_decorator to None, run_after=None
[2026-07-31T11:36:10.987+0000] {processor.py:183} INFO - Processing /home/airflow/.local/lib/python3.12/site-packages/airflow/example_dags/example_dag_decorator.py took 0.749 seconds
[2026-07-31T11:36:43.207+0000] {processor.py:161} INFO - Started process (PID=4008) to work on /home/airflow/.local/lib/python3.12/site-packages/airflow/example_dags/example_dag_decorator.py
[2026-07-31T11:36:43.209+0000] {processor.py:830} INFO - Processing file /home/airflow/.local/lib/python3.12/site-packages/airflow/example_dags/example_dag_decorator.py for tasks to queue
[2026-07-31T11:36:43.214+0000] {logging_mixin.py:188} INFO - [2026-07-31T11:36:43.213+0000] {dagbag.py:545} INFO - Filling up the DagBag from /home/airflow/.local/lib/python3.12/site-packages/airflow/example_dags/example_dag_decorator.py
[2026-07-31T11:36:43.682+0000] {processor.py:840} INFO - DAG(s) 'example_dag_decorator' retrieved from /home/airflow/.local/lib/python3.12/site-packages/airflow/example_dags/example_dag_decorator.py
[2026-07-31T11:36:44.214+0000] {logging_mixin.py:188} INFO - [2026-07-31T11:36:44.213+0000] {dag.py:3089} INFO - Sync 1 DAGs
[2026-07-31T11:36:44.300+0000] {logging_mixin.py:188} INFO - [2026-07-31T11:36:44.299+0000] {dag.py:3947} INFO - Setting next_dagrun for example_dag_decorator to None, run_after=None
[2026-07-31T11:36:44.396+0000] {processor.py:183} INFO - Processing /home/airflow/.local/lib/python3.12/site-packages/airflow/example_dags/example_dag_decorator.py took 1.214 seconds
[2026-07-31T11:37:15.181+0000] {processor.py:161} INFO - Started process (PID=4067) to work on /home/airflow/.local/lib/python3.12/site-packages/airflow/example_dags/example_dag_decorator.py
[2026-07-31T11:37:15.183+0000] {processor.py:830} INFO - Processing file /home/airflow/.local/lib/python3.12/site-packages/airflow/example_dags/example_dag_decorator.py for tasks to queue
[2026-07-31T11:37:15.189+0000] {logging_mixin.py:188} INFO - [2026-07-31T11:37:15.188+0000] {dagbag.py:545} INFO - Filling up the DagBag from /home/airflow/.local/lib/python3.12/site-packages/airflow/example_dags/example_dag_decorator.py
[2026-07-31T11:37:15.481+0000] {processor.py:840} INFO - DAG(s) 'example_dag_decorator' retrieved from /home/airflow/.local/lib/python3.12/site-packages/airflow/example_dags/example_dag_decorator.py
[2026-07-31T11:37:15.773+0000] {logging_mixin.py:188} INFO - [2026-07-31T11:37:15.772+0000] {dag.py:3089} INFO - Sync 1 DAGs
[2026-07-31T11:37:15.805+0000] {logging_mixin.py:188} INFO - [2026-07-31T11:37:15.804+0000] {dag.py:3947} INFO - Setting next_dagrun for example_dag_decorator to None, run_after=None
[2026-07-31T11:37:15.870+0000] {processor.py:183} INFO - Processing /home/airflow/.local/lib/python3.12/site-packages/airflow/example_dags/example_dag_decorator.py took 0.703 seconds
[2026-07-31T11:37:47.052+0000] {processor.py:161} INFO - Started process (PID=4128) to work on /home/airflow/.local/lib/python3.12/site-packages/airflow/example_dags/example_dag_decorator.py
[2026-07-31T11:37:47.055+0000] {processor.py:830} INFO - Processing file /home/airflow/.local/lib/python3.12/site-packages/airflow/example_dags/example_dag_decorator.py for tasks to queue
[2026-07-31T11:37:47.059+0000] {logging_mixin.py:188} INFO - [2026-07-31T11:37:47.059+0000] {dagbag.py:545} INFO - Filling up the DagBag from /home/airflow/.local/lib/python3.12/site-packages/airflow/example_dags/example_dag_decorator.py
[2026-07-31T11:37:47.396+0000] {processor.py:840} INFO - DAG(s) 'example_dag_decorator' retrieved from /home/airflow/.local/lib/python3.12/site-packages/airflow/example_dags/example_dag_decorator.py
[2026-07-31T11:37:47.726+0000] {logging_mixin.py:188} INFO - [2026-07-31T11:37:47.725+0000] {dag.py:3089} INFO - Sync 1 DAGs
[2026-07-31T11:37:47.749+0000] {logging_mixin.py:188} INFO - [2026-07-31T11:37:47.749+0000] {dag.py:3947} INFO - Setting next_dagrun for example_dag_decorator to None, run_after=None
[2026-07-31T11:37:47.791+0000] {processor.py:183} INFO - Processing /home/airflow/.local/lib/python3.12/site-packages/airflow/example_dags/example_dag_decorator.py took 0.753 seconds
[2026-07-31T11:38:18.563+0000] {processor.py:161} INFO - Started process (PID=4186) to work on /home/airflow/.local/lib/python3.12/site-packages/airflow/example_dags/example_dag_decorator.py
[2026-07-31T11:38:18.567+0000] {processor.py:830} INFO - Processing file /home/airflow/.local/lib/python3.12/site-packages/airflow/example_dags/example_dag_decorator.py for tasks to queue
[2026-07-31T11:38:18.582+0000] {logging_mixin.py:188} INFO - [2026-07-31T11:38:18.581+0000] {dagbag.py:545} INFO - Filling up the DagBag from /home/airflow/.local/lib/python3.12/site-packages/airflow/example_dags/example_dag_decorator.py
[2026-07-31T11:38:19.179+0000] {processor.py:840} INFO - DAG(s) 'example_dag_decorator' retrieved from /home/airflow/.local/lib/python3.12/site-packages/airflow/example_dags/example_dag_decorator.py
[2026-07-31T11:38:19.802+0000] {logging_mixin.py:188} INFO - [2026-07-31T11:38:19.801+0000] {dag.py:3089} INFO - Sync 1 DAGs
[2026-07-31T11:38:19.871+0000] {logging_mixin.py:188} INFO - [2026-07-31T11:38:19.870+0000] {dag.py:3947} INFO - Setting next_dagrun for example_dag_decorator to None, run_after=None
[2026-07-31T11:38:19.978+0000] {processor.py:183} INFO - Processing /home/airflow/.local/lib/python3.12/site-packages/airflow/example_dags/example_dag_decorator.py took 1.458 seconds
[2026-07-31T11:38:50.756+0000] {processor.py:161} INFO - Started process (PID=4242) to work on /home/airflow/.local/lib/python3.12/site-packages/airflow/example_dags/example_dag_decorator.py
[2026-07-31T11:38:50.766+0000] {processor.py:830} INFO - Processing file /home/airflow/.local/lib/python3.12/site-packages/airflow/example_dags/example_dag_decorator.py for tasks to queue
[2026-07-31T11:38:50.773+0000] {logging_mixin.py:188} INFO - [2026-07-31T11:38:50.772+0000] {dagbag.py:545} INFO - Filling up the DagBag from /home/airflow/.local/lib/python3.12/site-packages/airflow/example_dags/example_dag_decorator.py
[2026-07-31T11:38:51.229+0000] {processor.py:840} INFO - DAG(s) 'example_dag_decorator' retrieved from /home/airflow/.local/lib/python3.12/site-packages/airflow/example_dags/example_dag_decorator.py
[2026-07-31T11:38:51.539+0000] {logging_mixin.py:188} INFO - [2026-07-31T11:38:51.538+0000] {dag.py:3089} INFO - Sync 1 DAGs
[2026-07-31T11:38:51.576+0000] {logging_mixin.py:188} INFO - [2026-07-31T11:38:51.576+0000] {dag.py:3947} INFO - Setting next_dagrun for example_dag_decorator to None, run_after=None
[2026-07-31T11:38:51.642+0000] {processor.py:183} INFO - Processing /home/airflow/.local/lib/python3.12/site-packages/airflow/example_dags/example_dag_decorator.py took 0.904 seconds
[2026-07-31T11:39:22.444+0000] {processor.py:161} INFO - Started process (PID=4302) to work on /home/airflow/.local/lib/python3.12/site-packages/airflow/example_dags/example_dag_decorator.py
[2026-07-31T11:39:22.448+0000] {processor.py:830} INFO - Processing file /home/airflow/.local/lib/python3.12/site-packages/airflow/example_dags/example_dag_decorator.py for tasks to queue
[2026-07-31T11:39:22.452+0000] {logging_mixin.py:188} INFO - [2026-07-31T11:39:22.451+0000] {dagbag.py:545} INFO - Filling up the DagBag from /home/airflow/.local/lib/python3.12/site-packages/airflow/example_dags/example_dag_decorator.py
[2026-07-31T11:39:22.700+0000] {processor.py:840} INFO - DAG(s) 'example_dag_decorator' retrieved from /home/airflow/.local/lib/python3.12/site-packages/airflow/example_dags/example_dag_decorator.py
[2026-07-31T11:39:22.963+0000] {logging_mixin.py:188} INFO - [2026-07-31T11:39:22.962+0000] {dag.py:3089} INFO - Sync 1 DAGs
[2026-07-31T11:39:23.004+0000] {logging_mixin.py:188} INFO - [2026-07-31T11:39:23.003+0000] {dag.py:3947} INFO - Setting next_dagrun for example_dag_decorator to None, run_after=None
[2026-07-31T11:39:23.067+0000] {processor.py:183} INFO - Processing /home/airflow/.local/lib/python3.12/site-packages/airflow/example_dags/example_dag_decorator.py took 0.633 seconds
[2026-07-31T11:39:54.407+0000] {processor.py:161} INFO - Started process (PID=4365) to work on /home/airflow/.local/lib/python3.12/site-packages/airflow/example_dags/example_dag_decorator.py
[2026-07-31T11:39:54.411+0000] {processor.py:830} INFO - Processing file /home/airflow/.local/lib/python3.12/site-packages/airflow/example_dags/example_dag_decorator.py for tasks to queue
[2026-07-31T11:39:54.415+0000] {logging_mixin.py:188} INFO - [2026-07-31T11:39:54.414+0000] {dagbag.py:545} INFO - Filling up the DagBag from /home/airflow/.local/lib/python3.12/site-packages/airflow/example_dags/example_dag_decorator.py
[2026-07-31T11:39:54.641+0000] {processor.py:840} INFO - DAG(s) 'example_dag_decorator' retrieved from /home/airflow/.local/lib/python3.12/site-packages/airflow/example_dags/example_dag_decorator.py
[2026-07-31T11:39:54.873+0000] {logging_mixin.py:188} INFO - [2026-07-31T11:39:54.873+0000] {dag.py:3089} INFO - Sync 1 DAGs
[2026-07-31T11:39:54.887+0000] {logging_mixin.py:188} INFO - [2026-07-31T11:39:54.887+0000] {dag.py:3947} INFO - Setting next_dagrun for example_dag_decorator to None, run_after=None
[2026-07-31T11:39:54.919+0000] {processor.py:183} INFO - Processing /home/airflow/.local/lib/python3.12/site-packages/airflow/example_dags/example_dag_decorator.py took 0.525 seconds
[2026-07-31T11:40:26.768+0000] {processor.py:161} INFO - Started process (PID=4426) to work on /home/airflow/.local/lib/python3.12/site-packages/airflow/example_dags/example_dag_decorator.py
[2026-07-31T11:40:26.772+0000] {processor.py:830} INFO - Processing file /home/airflow/.local/lib/python3.12/site-packages/airflow/example_dags/example_dag_decorator.py for tasks to queue
[2026-07-31T11:40:26.779+0000] {logging_mixin.py:188} INFO - [2026-07-31T11:40:26.778+0000] {dagbag.py:545} INFO - Filling up the DagBag from /home/airflow/.local/lib/python3.12/site-packages/airflow/example_dags/example_dag_decorator.py
[2026-07-31T11:40:27.133+0000] {processor.py:840} INFO - DAG(s) 'example_dag_decorator' retrieved from /home/airflow/.local/lib/python3.12/site-packages/airflow/example_dags/example_dag_decorator.py
[2026-07-31T11:40:27.465+0000] {logging_mixin.py:188} INFO - [2026-07-31T11:40:27.464+0000] {dag.py:3089} INFO - Sync 1 DAGs
[2026-07-31T11:40:27.490+0000] {logging_mixin.py:188} INFO - [2026-07-31T11:40:27.490+0000] {dag.py:3947} INFO - Setting next_dagrun for example_dag_decorator to None, run_after=None
[2026-07-31T11:40:27.541+0000] {processor.py:183} INFO - Processing /home/airflow/.local/lib/python3.12/site-packages/airflow/example_dags/example_dag_decorator.py took 0.799 seconds
[2026-07-31T11:40:58.119+0000] {processor.py:161} INFO - Started process (PID=4487) to work on /home/airflow/.local/lib/python3.12/site-packages/airflow/example_dags/example_dag_decorator.py
[2026-07-31T11:40:58.121+0000] {processor.py:830} INFO - Processing file /home/airflow/.local/lib/python3.12/site-packages/airflow/example_dags/example_dag_decorator.py for tasks to queue
[2026-07-31T11:40:58.127+0000] {logging_mixin.py:188} INFO - [2026-07-31T11:40:58.126+0000] {dagbag.py:545} INFO - Filling up the DagBag from /home/airflow/.local/lib/python3.12/site-packages/airflow/example_dags/example_dag_decorator.py
[2026-07-31T11:40:58.401+0000] {processor.py:840} INFO - DAG(s) 'example_dag_decorator' retrieved from /home/airflow/.local/lib/python3.12/site-packages/airflow/example_dags/example_dag_decorator.py
[2026-07-31T11:40:58.633+0000] {logging_mixin.py:188} INFO - [2026-07-31T11:40:58.632+0000] {dag.py:3089} INFO - Sync 1 DAGs
[2026-07-31T11:40:58.648+0000] {logging_mixin.py:188} INFO - [2026-07-31T11:40:58.648+0000] {dag.py:3947} INFO - Setting next_dagrun for example_dag_decorator to None, run_after=None
[2026-07-31T11:40:58.681+0000] {processor.py:183} INFO - Processing /home/airflow/.local/lib/python3.12/site-packages/airflow/example_dags/example_dag_decorator.py took 0.576 seconds
[2026-07-31T11:41:29.226+0000] {processor.py:161} INFO - Started process (PID=4545) to work on /home/airflow/.local/lib/python3.12/site-packages/airflow/example_dags/example_dag_decorator.py
[2026-07-31T11:41:29.227+0000] {processor.py:830} INFO - Processing file /home/airflow/.local/lib/python3.12/site-packages/airflow/example_dags/example_dag_decorator.py for tasks to queue
[2026-07-31T11:41:29.231+0000] {logging_mixin.py:188} INFO - [2026-07-31T11:41:29.231+0000] {dagbag.py:545} INFO - Filling up the DagBag from /home/airflow/.local/lib/python3.12/site-packages/airflow/example_dags/example_dag_decorator.py
[2026-07-31T11:41:29.453+0000] {processor.py:840} INFO - DAG(s) 'example_dag_decorator' retrieved from /home/airflow/.local/lib/python3.12/site-packages/airflow/example_dags/example_dag_decorator.py
[2026-07-31T11:41:29.658+0000] {logging_mixin.py:188} INFO - [2026-07-31T11:41:29.658+0000] {dag.py:3089} INFO - Sync 1 DAGs
[2026-07-31T11:41:29.703+0000] {logging_mixin.py:188} INFO - [2026-07-31T11:41:29.702+0000] {dag.py:3947} INFO - Setting next_dagrun for example_dag_decorator to None, run_after=None
[2026-07-31T11:41:29.753+0000] {processor.py:183} INFO - Processing /home/airflow/.local/lib/python3.12/site-packages/airflow/example_dags/example_dag_decorator.py took 0.535 seconds
