[2026-07-31T10:53:20.896+0000] {processor.py:161} INFO - Started process (PID=133) to work on /home/airflow/.local/lib/python3.12/site-packages/airflow/example_dags/tutorial.py
[2026-07-31T10:53:20.907+0000] {processor.py:830} INFO - Processing file /home/airflow/.local/lib/python3.12/site-packages/airflow/example_dags/tutorial.py for tasks to queue
[2026-07-31T10:53:20.920+0000] {logging_mixin.py:188} INFO - [2026-07-31T10:53:20.919+0000] {dagbag.py:545} INFO - Filling up the DagBag from /home/airflow/.local/lib/python3.12/site-packages/airflow/example_dags/tutorial.py
[2026-07-31T10:53:20.960+0000] {processor.py:840} INFO - DAG(s) 'tutorial' retrieved from /home/airflow/.local/lib/python3.12/site-packages/airflow/example_dags/tutorial.py
[2026-07-31T10:53:22.087+0000] {logging_mixin.py:188} INFO - [2026-07-31T10:53:22.086+0000] {dag.py:3089} INFO - Sync 1 DAGs
[2026-07-31T10:53:22.363+0000] {logging_mixin.py:188} INFO - [2026-07-31T10:53:22.358+0000] {dag.py:3947} INFO - Setting next_dagrun for tutorial to 2026-07-30 00:00:00+00:00, run_after=2026-07-31 00:00:00+00:00
[2026-07-31T10:53:22.522+0000] {processor.py:183} INFO - Processing /home/airflow/.local/lib/python3.12/site-packages/airflow/example_dags/tutorial.py took 1.756 seconds
[2026-07-31T10:54:36.467+0000] {processor.py:161} INFO - Started process (PID=196) to work on /home/airflow/.local/lib/python3.12/site-packages/airflow/example_dags/tutorial.py
[2026-07-31T10:54:36.539+0000] {processor.py:830} INFO - Processing file /home/airflow/.local/lib/python3.12/site-packages/airflow/example_dags/tutorial.py for tasks to queue
[2026-07-31T10:54:36.561+0000] {logging_mixin.py:188} INFO - [2026-07-31T10:54:36.560+0000] {dagbag.py:545} INFO - Filling up the DagBag from /home/airflow/.local/lib/python3.12/site-packages/airflow/example_dags/tutorial.py
[2026-07-31T10:54:37.366+0000] {processor.py:840} INFO - DAG(s) 'tutorial' retrieved from /home/airflow/.local/lib/python3.12/site-packages/airflow/example_dags/tutorial.py
[2026-07-31T10:54:37.951+0000] {logging_mixin.py:188} INFO - [2026-07-31T10:54:37.949+0000] {dag.py:3089} INFO - Sync 1 DAGs
[2026-07-31T10:54:38.689+0000] {logging_mixin.py:188} INFO - [2026-07-31T10:54:38.684+0000] {dag.py:3947} INFO - Setting next_dagrun for tutorial to 2026-07-30 00:00:00+00:00, run_after=2026-07-31 00:00:00+00:00
[2026-07-31T10:54:39.098+0000] {processor.py:183} INFO - Processing /home/airflow/.local/lib/python3.12/site-packages/airflow/example_dags/tutorial.py took 2.873 seconds
[2026-07-31T10:55:21.965+0000] {processor.py:161} INFO - Started process (PID=253) to work on /home/airflow/.local/lib/python3.12/site-packages/airflow/example_dags/tutorial.py
[2026-07-31T10:55:21.967+0000] {processor.py:830} INFO - Processing file /home/airflow/.local/lib/python3.12/site-packages/airflow/example_dags/tutorial.py for tasks to queue
[2026-07-31T10:55:21.975+0000] {logging_mixin.py:188} INFO - [2026-07-31T10:55:21.974+0000] {dagbag.py:545} INFO - Filling up the DagBag from /home/airflow/.local/lib/python3.12/site-packages/airflow/example_dags/tutorial.py
[2026-07-31T10:55:21.999+0000] {processor.py:840} INFO - DAG(s) 'tutorial' retrieved from /home/airflow/.local/lib/python3.12/site-packages/airflow/example_dags/tutorial.py
[2026-07-31T10:55:22.107+0000] {logging_mixin.py:188} INFO - [2026-07-31T10:55:22.106+0000] {dag.py:3089} INFO - Sync 1 DAGs
[2026-07-31T10:55:22.247+0000] {logging_mixin.py:188} INFO - [2026-07-31T10:55:22.247+0000] {dag.py:3947} INFO - Setting next_dagrun for tutorial to 2026-07-30 00:00:00+00:00, run_after=2026-07-31 00:00:00+00:00
[2026-07-31T10:55:22.421+0000] {processor.py:183} INFO - Processing /home/airflow/.local/lib/python3.12/site-packages/airflow/example_dags/tutorial.py took 0.525 seconds
[2026-07-31T10:55:53.266+0000] {processor.py:161} INFO - Started process (PID=310) to work on /home/airflow/.local/lib/python3.12/site-packages/airflow/example_dags/tutorial.py
[2026-07-31T10:55:53.269+0000] {processor.py:830} INFO - Processing file /home/airflow/.local/lib/python3.12/site-packages/airflow/example_dags/tutorial.py for tasks to queue
[2026-07-31T10:55:53.275+0000] {logging_mixin.py:188} INFO - [2026-07-31T10:55:53.273+0000] {dagbag.py:545} INFO - Filling up the DagBag from /home/airflow/.local/lib/python3.12/site-packages/airflow/example_dags/tutorial.py
[2026-07-31T10:55:53.312+0000] {processor.py:840} INFO - DAG(s) 'tutorial' retrieved from /home/airflow/.local/lib/python3.12/site-packages/airflow/example_dags/tutorial.py
[2026-07-31T10:55:53.375+0000] {logging_mixin.py:188} INFO - [2026-07-31T10:55:53.374+0000] {dag.py:3089} INFO - Sync 1 DAGs
[2026-07-31T10:55:53.451+0000] {logging_mixin.py:188} INFO - [2026-07-31T10:55:53.450+0000] {dag.py:3947} INFO - Setting next_dagrun for tutorial to 2026-07-30 00:00:00+00:00, run_after=2026-07-31 00:00:00+00:00
[2026-07-31T10:55:53.508+0000] {processor.py:183} INFO - Processing /home/airflow/.local/lib/python3.12/site-packages/airflow/example_dags/tutorial.py took 0.270 seconds
[2026-07-31T10:56:24.116+0000] {processor.py:161} INFO - Started process (PID=368) to work on /home/airflow/.local/lib/python3.12/site-packages/airflow/example_dags/tutorial.py
[2026-07-31T10:56:24.120+0000] {processor.py:830} INFO - Processing file /home/airflow/.local/lib/python3.12/site-packages/airflow/example_dags/tutorial.py for tasks to queue
[2026-07-31T10:56:24.127+0000] {logging_mixin.py:188} INFO - [2026-07-31T10:56:24.126+0000] {dagbag.py:545} INFO - Filling up the DagBag from /home/airflow/.local/lib/python3.12/site-packages/airflow/example_dags/tutorial.py
[2026-07-31T10:56:24.156+0000] {processor.py:840} INFO - DAG(s) 'tutorial' retrieved from /home/airflow/.local/lib/python3.12/site-packages/airflow/example_dags/tutorial.py
[2026-07-31T10:56:24.253+0000] {logging_mixin.py:188} INFO - [2026-07-31T10:56:24.252+0000] {dag.py:3089} INFO - Sync 1 DAGs
[2026-07-31T10:56:24.341+0000] {logging_mixin.py:188} INFO - [2026-07-31T10:56:24.341+0000] {dag.py:3947} INFO - Setting next_dagrun for tutorial to 2026-07-30 00:00:00+00:00, run_after=2026-07-31 00:00:00+00:00
[2026-07-31T10:56:24.423+0000] {processor.py:183} INFO - Processing /home/airflow/.local/lib/python3.12/site-packages/airflow/example_dags/tutorial.py took 0.318 seconds
[2026-07-31T10:56:58.732+0000] {processor.py:161} INFO - Started process (PID=426) to work on /home/airflow/.local/lib/python3.12/site-packages/airflow/example_dags/tutorial.py
[2026-07-31T10:56:58.734+0000] {processor.py:830} INFO - Processing file /home/airflow/.local/lib/python3.12/site-packages/airflow/example_dags/tutorial.py for tasks to queue
[2026-07-31T10:56:58.740+0000] {logging_mixin.py:188} INFO - [2026-07-31T10:56:58.738+0000] {dagbag.py:545} INFO - Filling up the DagBag from /home/airflow/.local/lib/python3.12/site-packages/airflow/example_dags/tutorial.py
[2026-07-31T10:56:58.757+0000] {processor.py:840} INFO - DAG(s) 'tutorial' retrieved from /home/airflow/.local/lib/python3.12/site-packages/airflow/example_dags/tutorial.py
[2026-07-31T10:56:58.814+0000] {logging_mixin.py:188} INFO - [2026-07-31T10:56:58.814+0000] {dag.py:3089} INFO - Sync 1 DAGs
[2026-07-31T10:56:58.873+0000] {logging_mixin.py:188} INFO - [2026-07-31T10:56:58.872+0000] {dag.py:3947} INFO - Setting next_dagrun for tutorial to 2026-07-30 00:00:00+00:00, run_after=2026-07-31 00:00:00+00:00
[2026-07-31T10:56:58.919+0000] {processor.py:183} INFO - Processing /home/airflow/.local/lib/python3.12/site-packages/airflow/example_dags/tutorial.py took 0.206 seconds
[2026-07-31T10:57:32.943+0000] {processor.py:161} INFO - Started process (PID=482) to work on /home/airflow/.local/lib/python3.12/site-packages/airflow/example_dags/tutorial.py
[2026-07-31T10:57:32.946+0000] {processor.py:830} INFO - Processing file /home/airflow/.local/lib/python3.12/site-packages/airflow/example_dags/tutorial.py for tasks to queue
[2026-07-31T10:57:32.952+0000] {logging_mixin.py:188} INFO - [2026-07-31T10:57:32.951+0000] {dagbag.py:545} INFO - Filling up the DagBag from /home/airflow/.local/lib/python3.12/site-packages/airflow/example_dags/tutorial.py
[2026-07-31T10:57:32.972+0000] {processor.py:840} INFO - DAG(s) 'tutorial' retrieved from /home/airflow/.local/lib/python3.12/site-packages/airflow/example_dags/tutorial.py
[2026-07-31T10:57:33.069+0000] {logging_mixin.py:188} INFO - [2026-07-31T10:57:33.068+0000] {dag.py:3089} INFO - Sync 1 DAGs
[2026-07-31T10:57:33.213+0000] {logging_mixin.py:188} INFO - [2026-07-31T10:57:33.212+0000] {dag.py:3947} INFO - Setting next_dagrun for tutorial to 2026-07-30 00:00:00+00:00, run_after=2026-07-31 00:00:00+00:00
[2026-07-31T10:57:33.280+0000] {processor.py:183} INFO - Processing /home/airflow/.local/lib/python3.12/site-packages/airflow/example_dags/tutorial.py took 0.357 seconds
[2026-07-31T10:58:04.382+0000] {processor.py:161} INFO - Started process (PID=540) to work on /home/airflow/.local/lib/python3.12/site-packages/airflow/example_dags/tutorial.py
[2026-07-31T10:58:04.400+0000] {processor.py:830} INFO - Processing file /home/airflow/.local/lib/python3.12/site-packages/airflow/example_dags/tutorial.py for tasks to queue
[2026-07-31T10:58:04.411+0000] {logging_mixin.py:188} INFO - [2026-07-31T10:58:04.410+0000] {dagbag.py:545} INFO - Filling up the DagBag from /home/airflow/.local/lib/python3.12/site-packages/airflow/example_dags/tutorial.py
[2026-07-31T10:58:04.460+0000] {processor.py:840} INFO - DAG(s) 'tutorial' retrieved from /home/airflow/.local/lib/python3.12/site-packages/airflow/example_dags/tutorial.py
[2026-07-31T10:58:04.595+0000] {logging_mixin.py:188} INFO - [2026-07-31T10:58:04.594+0000] {dag.py:3089} INFO - Sync 1 DAGs
[2026-07-31T10:58:04.728+0000] {logging_mixin.py:188} INFO - [2026-07-31T10:58:04.727+0000] {dag.py:3947} INFO - Setting next_dagrun for tutorial to 2026-07-30 00:00:00+00:00, run_after=2026-07-31 00:00:00+00:00
[2026-07-31T10:58:04.809+0000] {processor.py:183} INFO - Processing /home/airflow/.local/lib/python3.12/site-packages/airflow/example_dags/tutorial.py took 0.452 seconds
[2026-07-31T10:58:35.549+0000] {processor.py:161} INFO - Started process (PID=604) to work on /home/airflow/.local/lib/python3.12/site-packages/airflow/example_dags/tutorial.py
[2026-07-31T10:58:35.551+0000] {processor.py:830} INFO - Processing file /home/airflow/.local/lib/python3.12/site-packages/airflow/example_dags/tutorial.py for tasks to queue
[2026-07-31T10:58:35.556+0000] {logging_mixin.py:188} INFO - [2026-07-31T10:58:35.555+0000] {dagbag.py:545} INFO - Filling up the DagBag from /home/airflow/.local/lib/python3.12/site-packages/airflow/example_dags/tutorial.py
[2026-07-31T10:58:35.573+0000] {processor.py:840} INFO - DAG(s) 'tutorial' retrieved from /home/airflow/.local/lib/python3.12/site-packages/airflow/example_dags/tutorial.py
[2026-07-31T10:58:35.690+0000] {logging_mixin.py:188} INFO - [2026-07-31T10:58:35.689+0000] {dag.py:3089} INFO - Sync 1 DAGs
[2026-07-31T10:58:35.770+0000] {logging_mixin.py:188} INFO - [2026-07-31T10:58:35.770+0000] {dag.py:3947} INFO - Setting next_dagrun for tutorial to 2026-07-30 00:00:00+00:00, run_after=2026-07-31 00:00:00+00:00
[2026-07-31T10:58:35.808+0000] {processor.py:183} INFO - Processing /home/airflow/.local/lib/python3.12/site-packages/airflow/example_dags/tutorial.py took 0.273 seconds
[2026-07-31T10:59:05.890+0000] {processor.py:161} INFO - Started process (PID=660) to work on /home/airflow/.local/lib/python3.12/site-packages/airflow/example_dags/tutorial.py
[2026-07-31T10:59:05.892+0000] {processor.py:830} INFO - Processing file /home/airflow/.local/lib/python3.12/site-packages/airflow/example_dags/tutorial.py for tasks to queue
[2026-07-31T10:59:05.898+0000] {logging_mixin.py:188} INFO - [2026-07-31T10:59:05.897+0000] {dagbag.py:545} INFO - Filling up the DagBag from /home/airflow/.local/lib/python3.12/site-packages/airflow/example_dags/tutorial.py
[2026-07-31T10:59:05.917+0000] {processor.py:840} INFO - DAG(s) 'tutorial' retrieved from /home/airflow/.local/lib/python3.12/site-packages/airflow/example_dags/tutorial.py
[2026-07-31T10:59:05.970+0000] {logging_mixin.py:188} INFO - [2026-07-31T10:59:05.970+0000] {dag.py:3089} INFO - Sync 1 DAGs
[2026-07-31T10:59:06.027+0000] {logging_mixin.py:188} INFO - [2026-07-31T10:59:06.026+0000] {dag.py:3947} INFO - Setting next_dagrun for tutorial to 2026-07-30 00:00:00+00:00, run_after=2026-07-31 00:00:00+00:00
[2026-07-31T10:59:06.066+0000] {processor.py:183} INFO - Processing /home/airflow/.local/lib/python3.12/site-packages/airflow/example_dags/tutorial.py took 0.188 seconds
[2026-07-31T10:59:36.923+0000] {processor.py:161} INFO - Started process (PID=718) to work on /home/airflow/.local/lib/python3.12/site-packages/airflow/example_dags/tutorial.py
[2026-07-31T10:59:36.925+0000] {processor.py:830} INFO - Processing file /home/airflow/.local/lib/python3.12/site-packages/airflow/example_dags/tutorial.py for tasks to queue
[2026-07-31T10:59:36.927+0000] {logging_mixin.py:188} INFO - [2026-07-31T10:59:36.927+0000] {dagbag.py:545} INFO - Filling up the DagBag from /home/airflow/.local/lib/python3.12/site-packages/airflow/example_dags/tutorial.py
[2026-07-31T10:59:36.936+0000] {processor.py:840} INFO - DAG(s) 'tutorial' retrieved from /home/airflow/.local/lib/python3.12/site-packages/airflow/example_dags/tutorial.py
[2026-07-31T10:59:36.962+0000] {logging_mixin.py:188} INFO - [2026-07-31T10:59:36.962+0000] {dag.py:3089} INFO - Sync 1 DAGs
[2026-07-31T10:59:36.991+0000] {logging_mixin.py:188} INFO - [2026-07-31T10:59:36.990+0000] {dag.py:3947} INFO - Setting next_dagrun for tutorial to 2026-07-30 00:00:00+00:00, run_after=2026-07-31 00:00:00+00:00
[2026-07-31T10:59:37.018+0000] {processor.py:183} INFO - Processing /home/airflow/.local/lib/python3.12/site-packages/airflow/example_dags/tutorial.py took 0.102 seconds
[2026-07-31T11:00:07.498+0000] {processor.py:161} INFO - Started process (PID=776) to work on /home/airflow/.local/lib/python3.12/site-packages/airflow/example_dags/tutorial.py
[2026-07-31T11:00:07.500+0000] {processor.py:830} INFO - Processing file /home/airflow/.local/lib/python3.12/site-packages/airflow/example_dags/tutorial.py for tasks to queue
[2026-07-31T11:00:07.502+0000] {logging_mixin.py:188} INFO - [2026-07-31T11:00:07.502+0000] {dagbag.py:545} INFO - Filling up the DagBag from /home/airflow/.local/lib/python3.12/site-packages/airflow/example_dags/tutorial.py
[2026-07-31T11:00:07.511+0000] {processor.py:840} INFO - DAG(s) 'tutorial' retrieved from /home/airflow/.local/lib/python3.12/site-packages/airflow/example_dags/tutorial.py
[2026-07-31T11:00:07.537+0000] {logging_mixin.py:188} INFO - [2026-07-31T11:00:07.537+0000] {dag.py:3089} INFO - Sync 1 DAGs
[2026-07-31T11:00:07.568+0000] {logging_mixin.py:188} INFO - [2026-07-31T11:00:07.568+0000] {dag.py:3947} INFO - Setting next_dagrun for tutorial to 2026-07-30 00:00:00+00:00, run_after=2026-07-31 00:00:00+00:00
[2026-07-31T11:00:07.597+0000] {processor.py:183} INFO - Processing /home/airflow/.local/lib/python3.12/site-packages/airflow/example_dags/tutorial.py took 0.106 seconds
[2026-07-31T11:00:37.738+0000] {processor.py:161} INFO - Started process (PID=834) to work on /home/airflow/.local/lib/python3.12/site-packages/airflow/example_dags/tutorial.py
[2026-07-31T11:00:37.740+0000] {processor.py:830} INFO - Processing file /home/airflow/.local/lib/python3.12/site-packages/airflow/example_dags/tutorial.py for tasks to queue
[2026-07-31T11:00:37.746+0000] {logging_mixin.py:188} INFO - [2026-07-31T11:00:37.745+0000] {dagbag.py:545} INFO - Filling up the DagBag from /home/airflow/.local/lib/python3.12/site-packages/airflow/example_dags/tutorial.py
[2026-07-31T11:00:37.760+0000] {processor.py:840} INFO - DAG(s) 'tutorial' retrieved from /home/airflow/.local/lib/python3.12/site-packages/airflow/example_dags/tutorial.py
[2026-07-31T11:00:37.808+0000] {logging_mixin.py:188} INFO - [2026-07-31T11:00:37.808+0000] {dag.py:3089} INFO - Sync 1 DAGs
[2026-07-31T11:00:37.875+0000] {logging_mixin.py:188} INFO - [2026-07-31T11:00:37.874+0000] {dag.py:3947} INFO - Setting next_dagrun for tutorial to 2026-07-30 00:00:00+00:00, run_after=2026-07-31 00:00:00+00:00
[2026-07-31T11:00:37.946+0000] {processor.py:183} INFO - Processing /home/airflow/.local/lib/python3.12/site-packages/airflow/example_dags/tutorial.py took 0.221 seconds
[2026-07-31T11:01:08.566+0000] {processor.py:161} INFO - Started process (PID=892) to work on /home/airflow/.local/lib/python3.12/site-packages/airflow/example_dags/tutorial.py
[2026-07-31T11:01:08.569+0000] {processor.py:830} INFO - Processing file /home/airflow/.local/lib/python3.12/site-packages/airflow/example_dags/tutorial.py for tasks to queue
[2026-07-31T11:01:08.572+0000] {logging_mixin.py:188} INFO - [2026-07-31T11:01:08.572+0000] {dagbag.py:545} INFO - Filling up the DagBag from /home/airflow/.local/lib/python3.12/site-packages/airflow/example_dags/tutorial.py
[2026-07-31T11:01:08.581+0000] {processor.py:840} INFO - DAG(s) 'tutorial' retrieved from /home/airflow/.local/lib/python3.12/site-packages/airflow/example_dags/tutorial.py
[2026-07-31T11:01:08.621+0000] {logging_mixin.py:188} INFO - [2026-07-31T11:01:08.620+0000] {dag.py:3089} INFO - Sync 1 DAGs
[2026-07-31T11:01:08.670+0000] {logging_mixin.py:188} INFO - [2026-07-31T11:01:08.669+0000] {dag.py:3947} INFO - Setting next_dagrun for tutorial to 2026-07-30 00:00:00+00:00, run_after=2026-07-31 00:00:00+00:00
[2026-07-31T11:01:08.702+0000] {processor.py:183} INFO - Processing /home/airflow/.local/lib/python3.12/site-packages/airflow/example_dags/tutorial.py took 0.146 seconds
[2026-07-31T11:01:39.273+0000] {processor.py:161} INFO - Started process (PID=950) to work on /home/airflow/.local/lib/python3.12/site-packages/airflow/example_dags/tutorial.py
[2026-07-31T11:01:39.275+0000] {processor.py:830} INFO - Processing file /home/airflow/.local/lib/python3.12/site-packages/airflow/example_dags/tutorial.py for tasks to queue
[2026-07-31T11:01:39.278+0000] {logging_mixin.py:188} INFO - [2026-07-31T11:01:39.278+0000] {dagbag.py:545} INFO - Filling up the DagBag from /home/airflow/.local/lib/python3.12/site-packages/airflow/example_dags/tutorial.py
[2026-07-31T11:01:39.291+0000] {processor.py:840} INFO - DAG(s) 'tutorial' retrieved from /home/airflow/.local/lib/python3.12/site-packages/airflow/example_dags/tutorial.py
[2026-07-31T11:01:39.348+0000] {logging_mixin.py:188} INFO - [2026-07-31T11:01:39.347+0000] {dag.py:3089} INFO - Sync 1 DAGs
[2026-07-31T11:01:39.439+0000] {logging_mixin.py:188} INFO - [2026-07-31T11:01:39.439+0000] {dag.py:3947} INFO - Setting next_dagrun for tutorial to 2026-07-30 00:00:00+00:00, run_after=2026-07-31 00:00:00+00:00
[2026-07-31T11:01:39.500+0000] {processor.py:183} INFO - Processing /home/airflow/.local/lib/python3.12/site-packages/airflow/example_dags/tutorial.py took 0.239 seconds
[2026-07-31T11:02:10.071+0000] {processor.py:161} INFO - Started process (PID=1008) to work on /home/airflow/.local/lib/python3.12/site-packages/airflow/example_dags/tutorial.py
[2026-07-31T11:02:10.073+0000] {processor.py:830} INFO - Processing file /home/airflow/.local/lib/python3.12/site-packages/airflow/example_dags/tutorial.py for tasks to queue
[2026-07-31T11:02:10.077+0000] {logging_mixin.py:188} INFO - [2026-07-31T11:02:10.077+0000] {dagbag.py:545} INFO - Filling up the DagBag from /home/airflow/.local/lib/python3.12/site-packages/airflow/example_dags/tutorial.py
[2026-07-31T11:02:10.086+0000] {processor.py:840} INFO - DAG(s) 'tutorial' retrieved from /home/airflow/.local/lib/python3.12/site-packages/airflow/example_dags/tutorial.py
[2026-07-31T11:02:10.119+0000] {logging_mixin.py:188} INFO - [2026-07-31T11:02:10.119+0000] {dag.py:3089} INFO - Sync 1 DAGs
[2026-07-31T11:02:10.163+0000] {logging_mixin.py:188} INFO - [2026-07-31T11:02:10.163+0000] {dag.py:3947} INFO - Setting next_dagrun for tutorial to 2026-07-30 00:00:00+00:00, run_after=2026-07-31 00:00:00+00:00
[2026-07-31T11:02:10.206+0000] {processor.py:183} INFO - Processing /home/airflow/.local/lib/python3.12/site-packages/airflow/example_dags/tutorial.py took 0.143 seconds
[2026-07-31T11:02:50.357+0000] {processor.py:161} INFO - Started process (PID=1066) to work on /home/airflow/.local/lib/python3.12/site-packages/airflow/example_dags/tutorial.py
[2026-07-31T11:02:50.361+0000] {processor.py:830} INFO - Processing file /home/airflow/.local/lib/python3.12/site-packages/airflow/example_dags/tutorial.py for tasks to queue
[2026-07-31T11:02:50.371+0000] {logging_mixin.py:188} INFO - [2026-07-31T11:02:50.369+0000] {dagbag.py:545} INFO - Filling up the DagBag from /home/airflow/.local/lib/python3.12/site-packages/airflow/example_dags/tutorial.py
[2026-07-31T11:02:50.405+0000] {processor.py:840} INFO - DAG(s) 'tutorial' retrieved from /home/airflow/.local/lib/python3.12/site-packages/airflow/example_dags/tutorial.py
[2026-07-31T11:02:50.541+0000] {logging_mixin.py:188} INFO - [2026-07-31T11:02:50.540+0000] {dag.py:3089} INFO - Sync 1 DAGs
[2026-07-31T11:02:50.700+0000] {logging_mixin.py:188} INFO - [2026-07-31T11:02:50.699+0000] {dag.py:3947} INFO - Setting next_dagrun for tutorial to 2026-07-30 00:00:00+00:00, run_after=2026-07-31 00:00:00+00:00
[2026-07-31T11:02:50.837+0000] {processor.py:183} INFO - Processing /home/airflow/.local/lib/python3.12/site-packages/airflow/example_dags/tutorial.py took 0.509 seconds
[2026-07-31T11:03:21.240+0000] {processor.py:161} INFO - Started process (PID=1123) to work on /home/airflow/.local/lib/python3.12/site-packages/airflow/example_dags/tutorial.py
[2026-07-31T11:03:21.243+0000] {processor.py:830} INFO - Processing file /home/airflow/.local/lib/python3.12/site-packages/airflow/example_dags/tutorial.py for tasks to queue
[2026-07-31T11:03:21.250+0000] {logging_mixin.py:188} INFO - [2026-07-31T11:03:21.249+0000] {dagbag.py:545} INFO - Filling up the DagBag from /home/airflow/.local/lib/python3.12/site-packages/airflow/example_dags/tutorial.py
[2026-07-31T11:03:21.279+0000] {processor.py:840} INFO - DAG(s) 'tutorial' retrieved from /home/airflow/.local/lib/python3.12/site-packages/airflow/example_dags/tutorial.py
[2026-07-31T11:03:21.365+0000] {logging_mixin.py:188} INFO - [2026-07-31T11:03:21.364+0000] {dag.py:3089} INFO - Sync 1 DAGs
[2026-07-31T11:03:21.449+0000] {logging_mixin.py:188} INFO - [2026-07-31T11:03:21.448+0000] {dag.py:3947} INFO - Setting next_dagrun for tutorial to 2026-07-30 00:00:00+00:00, run_after=2026-07-31 00:00:00+00:00
[2026-07-31T11:03:21.546+0000] {processor.py:183} INFO - Processing /home/airflow/.local/lib/python3.12/site-packages/airflow/example_dags/tutorial.py took 0.327 seconds
[2026-07-31T11:03:51.864+0000] {processor.py:161} INFO - Started process (PID=1181) to work on /home/airflow/.local/lib/python3.12/site-packages/airflow/example_dags/tutorial.py
[2026-07-31T11:03:51.867+0000] {processor.py:830} INFO - Processing file /home/airflow/.local/lib/python3.12/site-packages/airflow/example_dags/tutorial.py for tasks to queue
[2026-07-31T11:03:51.873+0000] {logging_mixin.py:188} INFO - [2026-07-31T11:03:51.872+0000] {dagbag.py:545} INFO - Filling up the DagBag from /home/airflow/.local/lib/python3.12/site-packages/airflow/example_dags/tutorial.py
[2026-07-31T11:03:51.907+0000] {processor.py:840} INFO - DAG(s) 'tutorial' retrieved from /home/airflow/.local/lib/python3.12/site-packages/airflow/example_dags/tutorial.py
[2026-07-31T11:03:51.999+0000] {logging_mixin.py:188} INFO - [2026-07-31T11:03:51.998+0000] {dag.py:3089} INFO - Sync 1 DAGs
[2026-07-31T11:03:52.219+0000] {logging_mixin.py:188} INFO - [2026-07-31T11:03:52.218+0000] {dag.py:3947} INFO - Setting next_dagrun for tutorial to 2026-07-30 00:00:00+00:00, run_after=2026-07-31 00:00:00+00:00
[2026-07-31T11:03:52.307+0000] {processor.py:183} INFO - Processing /home/airflow/.local/lib/python3.12/site-packages/airflow/example_dags/tutorial.py took 0.457 seconds
[2026-07-31T11:04:27.285+0000] {processor.py:161} INFO - Started process (PID=1239) to work on /home/airflow/.local/lib/python3.12/site-packages/airflow/example_dags/tutorial.py
[2026-07-31T11:04:27.290+0000] {processor.py:830} INFO - Processing file /home/airflow/.local/lib/python3.12/site-packages/airflow/example_dags/tutorial.py for tasks to queue
[2026-07-31T11:04:27.307+0000] {logging_mixin.py:188} INFO - [2026-07-31T11:04:27.306+0000] {dagbag.py:545} INFO - Filling up the DagBag from /home/airflow/.local/lib/python3.12/site-packages/airflow/example_dags/tutorial.py
[2026-07-31T11:04:27.375+0000] {processor.py:840} INFO - DAG(s) 'tutorial' retrieved from /home/airflow/.local/lib/python3.12/site-packages/airflow/example_dags/tutorial.py
[2026-07-31T11:04:27.532+0000] {logging_mixin.py:188} INFO - [2026-07-31T11:04:27.529+0000] {dag.py:3089} INFO - Sync 1 DAGs
[2026-07-31T11:04:27.815+0000] {logging_mixin.py:188} INFO - [2026-07-31T11:04:27.814+0000] {dag.py:3947} INFO - Setting next_dagrun for tutorial to 2026-07-30 00:00:00+00:00, run_after=2026-07-31 00:00:00+00:00
[2026-07-31T11:04:27.988+0000] {processor.py:183} INFO - Processing /home/airflow/.local/lib/python3.12/site-packages/airflow/example_dags/tutorial.py took 0.758 seconds
[2026-07-31T11:05:40.163+0000] {processor.py:161} INFO - Started process (PID=1317) to work on /home/airflow/.local/lib/python3.12/site-packages/airflow/example_dags/tutorial.py
[2026-07-31T11:05:40.167+0000] {processor.py:830} INFO - Processing file /home/airflow/.local/lib/python3.12/site-packages/airflow/example_dags/tutorial.py for tasks to queue
[2026-07-31T11:05:40.173+0000] {logging_mixin.py:188} INFO - [2026-07-31T11:05:40.172+0000] {dagbag.py:545} INFO - Filling up the DagBag from /home/airflow/.local/lib/python3.12/site-packages/airflow/example_dags/tutorial.py
[2026-07-31T11:05:40.203+0000] {processor.py:840} INFO - DAG(s) 'tutorial' retrieved from /home/airflow/.local/lib/python3.12/site-packages/airflow/example_dags/tutorial.py
[2026-07-31T11:05:40.279+0000] {logging_mixin.py:188} INFO - [2026-07-31T11:05:40.278+0000] {dag.py:3089} INFO - Sync 1 DAGs
[2026-07-31T11:05:40.349+0000] {logging_mixin.py:188} INFO - [2026-07-31T11:05:40.348+0000] {dag.py:3947} INFO - Setting next_dagrun for tutorial to 2026-07-30 00:00:00+00:00, run_after=2026-07-31 00:00:00+00:00
[2026-07-31T11:05:40.417+0000] {processor.py:183} INFO - Processing /home/airflow/.local/lib/python3.12/site-packages/airflow/example_dags/tutorial.py took 0.282 seconds
[2026-07-31T11:06:21.213+0000] {processor.py:161} INFO - Started process (PID=1379) to work on /home/airflow/.local/lib/python3.12/site-packages/airflow/example_dags/tutorial.py
[2026-07-31T11:06:21.218+0000] {processor.py:830} INFO - Processing file /home/airflow/.local/lib/python3.12/site-packages/airflow/example_dags/tutorial.py for tasks to queue
[2026-07-31T11:06:21.236+0000] {logging_mixin.py:188} INFO - [2026-07-31T11:06:21.235+0000] {dagbag.py:545} INFO - Filling up the DagBag from /home/airflow/.local/lib/python3.12/site-packages/airflow/example_dags/tutorial.py
[2026-07-31T11:06:21.283+0000] {processor.py:840} INFO - DAG(s) 'tutorial' retrieved from /home/airflow/.local/lib/python3.12/site-packages/airflow/example_dags/tutorial.py
[2026-07-31T11:06:21.410+0000] {logging_mixin.py:188} INFO - [2026-07-31T11:06:21.408+0000] {dag.py:3089} INFO - Sync 1 DAGs
[2026-07-31T11:06:21.600+0000] {logging_mixin.py:188} INFO - [2026-07-31T11:06:21.598+0000] {dag.py:3947} INFO - Setting next_dagrun for tutorial to 2026-07-30 00:00:00+00:00, run_after=2026-07-31 00:00:00+00:00
[2026-07-31T11:06:21.735+0000] {processor.py:183} INFO - Processing /home/airflow/.local/lib/python3.12/site-packages/airflow/example_dags/tutorial.py took 0.568 seconds
[2026-07-31T11:06:53.841+0000] {processor.py:161} INFO - Started process (PID=1438) to work on /home/airflow/.local/lib/python3.12/site-packages/airflow/example_dags/tutorial.py
[2026-07-31T11:06:53.844+0000] {processor.py:830} INFO - Processing file /home/airflow/.local/lib/python3.12/site-packages/airflow/example_dags/tutorial.py for tasks to queue
[2026-07-31T11:06:53.850+0000] {logging_mixin.py:188} INFO - [2026-07-31T11:06:53.849+0000] {dagbag.py:545} INFO - Filling up the DagBag from /home/airflow/.local/lib/python3.12/site-packages/airflow/example_dags/tutorial.py
[2026-07-31T11:06:53.870+0000] {processor.py:840} INFO - DAG(s) 'tutorial' retrieved from /home/airflow/.local/lib/python3.12/site-packages/airflow/example_dags/tutorial.py
[2026-07-31T11:06:53.926+0000] {logging_mixin.py:188} INFO - [2026-07-31T11:06:53.925+0000] {dag.py:3089} INFO - Sync 1 DAGs
[2026-07-31T11:06:54.021+0000] {logging_mixin.py:188} INFO - [2026-07-31T11:06:54.021+0000] {dag.py:3947} INFO - Setting next_dagrun for tutorial to 2026-07-30 00:00:00+00:00, run_after=2026-07-31 00:00:00+00:00
[2026-07-31T11:06:54.103+0000] {processor.py:183} INFO - Processing /home/airflow/.local/lib/python3.12/site-packages/airflow/example_dags/tutorial.py took 0.285 seconds
[2026-07-31T11:08:17.804+0000] {processor.py:161} INFO - Started process (PID=1510) to work on /home/airflow/.local/lib/python3.12/site-packages/airflow/example_dags/tutorial.py
[2026-07-31T11:08:17.819+0000] {processor.py:830} INFO - Processing file /home/airflow/.local/lib/python3.12/site-packages/airflow/example_dags/tutorial.py for tasks to queue
[2026-07-31T11:08:17.856+0000] {logging_mixin.py:188} INFO - [2026-07-31T11:08:17.844+0000] {dagbag.py:545} INFO - Filling up the DagBag from /home/airflow/.local/lib/python3.12/site-packages/airflow/example_dags/tutorial.py
[2026-07-31T11:08:17.944+0000] {processor.py:840} INFO - DAG(s) 'tutorial' retrieved from /home/airflow/.local/lib/python3.12/site-packages/airflow/example_dags/tutorial.py
[2026-07-31T11:08:18.083+0000] {logging_mixin.py:188} INFO - [2026-07-31T11:08:18.083+0000] {dag.py:3089} INFO - Sync 1 DAGs
[2026-07-31T11:08:18.217+0000] {logging_mixin.py:188} INFO - [2026-07-31T11:08:18.212+0000] {dag.py:3947} INFO - Setting next_dagrun for tutorial to 2026-07-30 00:00:00+00:00, run_after=2026-07-31 00:00:00+00:00
[2026-07-31T11:08:18.411+0000] {processor.py:183} INFO - Processing /home/airflow/.local/lib/python3.12/site-packages/airflow/example_dags/tutorial.py took 0.672 seconds
[2026-07-31T11:09:15.426+0000] {processor.py:161} INFO - Started process (PID=1579) to work on /home/airflow/.local/lib/python3.12/site-packages/airflow/example_dags/tutorial.py
[2026-07-31T11:09:15.437+0000] {processor.py:830} INFO - Processing file /home/airflow/.local/lib/python3.12/site-packages/airflow/example_dags/tutorial.py for tasks to queue
[2026-07-31T11:09:15.494+0000] {logging_mixin.py:188} INFO - [2026-07-31T11:09:15.476+0000] {dagbag.py:545} INFO - Filling up the DagBag from /home/airflow/.local/lib/python3.12/site-packages/airflow/example_dags/tutorial.py
[2026-07-31T11:09:15.669+0000] {processor.py:840} INFO - DAG(s) 'tutorial' retrieved from /home/airflow/.local/lib/python3.12/site-packages/airflow/example_dags/tutorial.py
[2026-07-31T11:09:15.931+0000] {logging_mixin.py:188} INFO - [2026-07-31T11:09:15.930+0000] {dag.py:3089} INFO - Sync 1 DAGs
[2026-07-31T11:09:16.348+0000] {logging_mixin.py:188} INFO - [2026-07-31T11:09:16.347+0000] {dag.py:3947} INFO - Setting next_dagrun for tutorial to 2026-07-30 00:00:00+00:00, run_after=2026-07-31 00:00:00+00:00
[2026-07-31T11:09:16.790+0000] {processor.py:183} INFO - Processing /home/airflow/.local/lib/python3.12/site-packages/airflow/example_dags/tutorial.py took 1.579 seconds
[2026-07-31T11:10:10.413+0000] {processor.py:161} INFO - Started process (PID=1637) to work on /home/airflow/.local/lib/python3.12/site-packages/airflow/example_dags/tutorial.py
[2026-07-31T11:10:10.426+0000] {processor.py:830} INFO - Processing file /home/airflow/.local/lib/python3.12/site-packages/airflow/example_dags/tutorial.py for tasks to queue
[2026-07-31T11:10:10.433+0000] {logging_mixin.py:188} INFO - [2026-07-31T11:10:10.432+0000] {dagbag.py:545} INFO - Filling up the DagBag from /home/airflow/.local/lib/python3.12/site-packages/airflow/example_dags/tutorial.py
[2026-07-31T11:10:10.479+0000] {processor.py:840} INFO - DAG(s) 'tutorial' retrieved from /home/airflow/.local/lib/python3.12/site-packages/airflow/example_dags/tutorial.py
[2026-07-31T11:10:10.784+0000] {logging_mixin.py:188} INFO - [2026-07-31T11:10:10.783+0000] {dag.py:3089} INFO - Sync 1 DAGs
[2026-07-31T11:10:11.066+0000] {logging_mixin.py:188} INFO - [2026-07-31T11:10:11.065+0000] {dag.py:3947} INFO - Setting next_dagrun for tutorial to 2026-07-30 00:00:00+00:00, run_after=2026-07-31 00:00:00+00:00
[2026-07-31T11:10:11.193+0000] {processor.py:183} INFO - Processing /home/airflow/.local/lib/python3.12/site-packages/airflow/example_dags/tutorial.py took 0.806 seconds
[2026-07-31T11:10:57.849+0000] {processor.py:161} INFO - Started process (PID=1694) to work on /home/airflow/.local/lib/python3.12/site-packages/airflow/example_dags/tutorial.py
[2026-07-31T11:10:57.856+0000] {processor.py:830} INFO - Processing file /home/airflow/.local/lib/python3.12/site-packages/airflow/example_dags/tutorial.py for tasks to queue
[2026-07-31T11:10:57.873+0000] {logging_mixin.py:188} INFO - [2026-07-31T11:10:57.867+0000] {dagbag.py:545} INFO - Filling up the DagBag from /home/airflow/.local/lib/python3.12/site-packages/airflow/example_dags/tutorial.py
[2026-07-31T11:10:57.922+0000] {processor.py:840} INFO - DAG(s) 'tutorial' retrieved from /home/airflow/.local/lib/python3.12/site-packages/airflow/example_dags/tutorial.py
[2026-07-31T11:10:58.057+0000] {logging_mixin.py:188} INFO - [2026-07-31T11:10:58.056+0000] {dag.py:3089} INFO - Sync 1 DAGs
[2026-07-31T11:10:58.244+0000] {logging_mixin.py:188} INFO - [2026-07-31T11:10:58.242+0000] {dag.py:3947} INFO - Setting next_dagrun for tutorial to 2026-07-30 00:00:00+00:00, run_after=2026-07-31 00:00:00+00:00
[2026-07-31T11:10:58.383+0000] {processor.py:183} INFO - Processing /home/airflow/.local/lib/python3.12/site-packages/airflow/example_dags/tutorial.py took 0.582 seconds
[2026-07-31T11:12:09.211+0000] {processor.py:161} INFO - Started process (PID=1760) to work on /home/airflow/.local/lib/python3.12/site-packages/airflow/example_dags/tutorial.py
[2026-07-31T11:12:09.288+0000] {processor.py:830} INFO - Processing file /home/airflow/.local/lib/python3.12/site-packages/airflow/example_dags/tutorial.py for tasks to queue
[2026-07-31T11:12:09.307+0000] {logging_mixin.py:188} INFO - [2026-07-31T11:12:09.306+0000] {dagbag.py:545} INFO - Filling up the DagBag from /home/airflow/.local/lib/python3.12/site-packages/airflow/example_dags/tutorial.py
[2026-07-31T11:12:09.394+0000] {processor.py:840} INFO - DAG(s) 'tutorial' retrieved from /home/airflow/.local/lib/python3.12/site-packages/airflow/example_dags/tutorial.py
[2026-07-31T11:12:09.909+0000] {logging_mixin.py:188} INFO - [2026-07-31T11:12:09.908+0000] {dag.py:3089} INFO - Sync 1 DAGs
[2026-07-31T11:12:09.993+0000] {logging_mixin.py:188} INFO - [2026-07-31T11:12:09.992+0000] {dag.py:3947} INFO - Setting next_dagrun for tutorial to 2026-07-30 00:00:00+00:00, run_after=2026-07-31 00:00:00+00:00
[2026-07-31T11:12:10.078+0000] {processor.py:183} INFO - Processing /home/airflow/.local/lib/python3.12/site-packages/airflow/example_dags/tutorial.py took 0.909 seconds
[2026-07-31T11:12:41.084+0000] {processor.py:161} INFO - Started process (PID=1817) to work on /home/airflow/.local/lib/python3.12/site-packages/airflow/example_dags/tutorial.py
[2026-07-31T11:12:41.093+0000] {processor.py:830} INFO - Processing file /home/airflow/.local/lib/python3.12/site-packages/airflow/example_dags/tutorial.py for tasks to queue
[2026-07-31T11:12:41.109+0000] {logging_mixin.py:188} INFO - [2026-07-31T11:12:41.104+0000] {dagbag.py:545} INFO - Filling up the DagBag from /home/airflow/.local/lib/python3.12/site-packages/airflow/example_dags/tutorial.py
[2026-07-31T11:12:41.153+0000] {processor.py:840} INFO - DAG(s) 'tutorial' retrieved from /home/airflow/.local/lib/python3.12/site-packages/airflow/example_dags/tutorial.py
[2026-07-31T11:12:41.250+0000] {logging_mixin.py:188} INFO - [2026-07-31T11:12:41.249+0000] {dag.py:3089} INFO - Sync 1 DAGs
[2026-07-31T11:12:41.407+0000] {logging_mixin.py:188} INFO - [2026-07-31T11:12:41.401+0000] {dag.py:3947} INFO - Setting next_dagrun for tutorial to 2026-07-30 00:00:00+00:00, run_after=2026-07-31 00:00:00+00:00
[2026-07-31T11:12:41.659+0000] {processor.py:183} INFO - Processing /home/airflow/.local/lib/python3.12/site-packages/airflow/example_dags/tutorial.py took 0.608 seconds
[2026-07-31T11:13:14.471+0000] {processor.py:161} INFO - Started process (PID=1876) to work on /home/airflow/.local/lib/python3.12/site-packages/airflow/example_dags/tutorial.py
[2026-07-31T11:13:14.475+0000] {processor.py:830} INFO - Processing file /home/airflow/.local/lib/python3.12/site-packages/airflow/example_dags/tutorial.py for tasks to queue
[2026-07-31T11:13:14.487+0000] {logging_mixin.py:188} INFO - [2026-07-31T11:13:14.484+0000] {dagbag.py:545} INFO - Filling up the DagBag from /home/airflow/.local/lib/python3.12/site-packages/airflow/example_dags/tutorial.py
[2026-07-31T11:13:14.512+0000] {processor.py:840} INFO - DAG(s) 'tutorial' retrieved from /home/airflow/.local/lib/python3.12/site-packages/airflow/example_dags/tutorial.py
[2026-07-31T11:13:14.574+0000] {logging_mixin.py:188} INFO - [2026-07-31T11:13:14.573+0000] {dag.py:3089} INFO - Sync 1 DAGs
[2026-07-31T11:13:14.678+0000] {logging_mixin.py:188} INFO - [2026-07-31T11:13:14.677+0000] {dag.py:3947} INFO - Setting next_dagrun for tutorial to 2026-07-30 00:00:00+00:00, run_after=2026-07-31 00:00:00+00:00
[2026-07-31T11:13:14.762+0000] {processor.py:183} INFO - Processing /home/airflow/.local/lib/python3.12/site-packages/airflow/example_dags/tutorial.py took 0.326 seconds
[2026-07-31T11:14:00.218+0000] {processor.py:161} INFO - Started process (PID=1935) to work on /home/airflow/.local/lib/python3.12/site-packages/airflow/example_dags/tutorial.py
[2026-07-31T11:14:00.227+0000] {processor.py:830} INFO - Processing file /home/airflow/.local/lib/python3.12/site-packages/airflow/example_dags/tutorial.py for tasks to queue
[2026-07-31T11:14:00.261+0000] {logging_mixin.py:188} INFO - [2026-07-31T11:14:00.256+0000] {dagbag.py:545} INFO - Filling up the DagBag from /home/airflow/.local/lib/python3.12/site-packages/airflow/example_dags/tutorial.py
[2026-07-31T11:14:00.297+0000] {processor.py:840} INFO - DAG(s) 'tutorial' retrieved from /home/airflow/.local/lib/python3.12/site-packages/airflow/example_dags/tutorial.py
[2026-07-31T11:14:00.471+0000] {logging_mixin.py:188} INFO - [2026-07-31T11:14:00.470+0000] {dag.py:3089} INFO - Sync 1 DAGs
[2026-07-31T11:14:00.685+0000] {logging_mixin.py:188} INFO - [2026-07-31T11:14:00.682+0000] {dag.py:3947} INFO - Setting next_dagrun for tutorial to 2026-07-30 00:00:00+00:00, run_after=2026-07-31 00:00:00+00:00
[2026-07-31T11:14:00.867+0000] {processor.py:183} INFO - Processing /home/airflow/.local/lib/python3.12/site-packages/airflow/example_dags/tutorial.py took 0.739 seconds
[2026-07-31T11:14:34.292+0000] {processor.py:161} INFO - Started process (PID=1991) to work on /home/airflow/.local/lib/python3.12/site-packages/airflow/example_dags/tutorial.py
[2026-07-31T11:14:34.295+0000] {processor.py:830} INFO - Processing file /home/airflow/.local/lib/python3.12/site-packages/airflow/example_dags/tutorial.py for tasks to queue
[2026-07-31T11:14:34.305+0000] {logging_mixin.py:188} INFO - [2026-07-31T11:14:34.304+0000] {dagbag.py:545} INFO - Filling up the DagBag from /home/airflow/.local/lib/python3.12/site-packages/airflow/example_dags/tutorial.py
[2026-07-31T11:14:34.325+0000] {processor.py:840} INFO - DAG(s) 'tutorial' retrieved from /home/airflow/.local/lib/python3.12/site-packages/airflow/example_dags/tutorial.py
[2026-07-31T11:14:34.401+0000] {logging_mixin.py:188} INFO - [2026-07-31T11:14:34.400+0000] {dag.py:3089} INFO - Sync 1 DAGs
[2026-07-31T11:14:34.495+0000] {logging_mixin.py:188} INFO - [2026-07-31T11:14:34.494+0000] {dag.py:3947} INFO - Setting next_dagrun for tutorial to 2026-07-30 00:00:00+00:00, run_after=2026-07-31 00:00:00+00:00
[2026-07-31T11:14:34.575+0000] {processor.py:183} INFO - Processing /home/airflow/.local/lib/python3.12/site-packages/airflow/example_dags/tutorial.py took 0.302 seconds
[2026-07-31T11:15:05.960+0000] {processor.py:161} INFO - Started process (PID=2050) to work on /home/airflow/.local/lib/python3.12/site-packages/airflow/example_dags/tutorial.py
[2026-07-31T11:15:05.963+0000] {processor.py:830} INFO - Processing file /home/airflow/.local/lib/python3.12/site-packages/airflow/example_dags/tutorial.py for tasks to queue
[2026-07-31T11:15:05.969+0000] {logging_mixin.py:188} INFO - [2026-07-31T11:15:05.968+0000] {dagbag.py:545} INFO - Filling up the DagBag from /home/airflow/.local/lib/python3.12/site-packages/airflow/example_dags/tutorial.py
[2026-07-31T11:15:05.989+0000] {processor.py:840} INFO - DAG(s) 'tutorial' retrieved from /home/airflow/.local/lib/python3.12/site-packages/airflow/example_dags/tutorial.py
[2026-07-31T11:15:06.048+0000] {logging_mixin.py:188} INFO - [2026-07-31T11:15:06.048+0000] {dag.py:3089} INFO - Sync 1 DAGs
[2026-07-31T11:15:06.119+0000] {logging_mixin.py:188} INFO - [2026-07-31T11:15:06.118+0000] {dag.py:3947} INFO - Setting next_dagrun for tutorial to 2026-07-30 00:00:00+00:00, run_after=2026-07-31 00:00:00+00:00
[2026-07-31T11:15:06.180+0000] {processor.py:183} INFO - Processing /home/airflow/.local/lib/python3.12/site-packages/airflow/example_dags/tutorial.py took 0.237 seconds
[2026-07-31T11:15:38.434+0000] {processor.py:161} INFO - Started process (PID=2107) to work on /home/airflow/.local/lib/python3.12/site-packages/airflow/example_dags/tutorial.py
[2026-07-31T11:15:38.442+0000] {processor.py:830} INFO - Processing file /home/airflow/.local/lib/python3.12/site-packages/airflow/example_dags/tutorial.py for tasks to queue
[2026-07-31T11:15:38.459+0000] {logging_mixin.py:188} INFO - [2026-07-31T11:15:38.448+0000] {dagbag.py:545} INFO - Filling up the DagBag from /home/airflow/.local/lib/python3.12/site-packages/airflow/example_dags/tutorial.py
[2026-07-31T11:15:38.508+0000] {processor.py:840} INFO - DAG(s) 'tutorial' retrieved from /home/airflow/.local/lib/python3.12/site-packages/airflow/example_dags/tutorial.py
[2026-07-31T11:15:38.673+0000] {logging_mixin.py:188} INFO - [2026-07-31T11:15:38.671+0000] {dag.py:3089} INFO - Sync 1 DAGs
[2026-07-31T11:15:38.832+0000] {logging_mixin.py:188} INFO - [2026-07-31T11:15:38.832+0000] {dag.py:3947} INFO - Setting next_dagrun for tutorial to 2026-07-30 00:00:00+00:00, run_after=2026-07-31 00:00:00+00:00
[2026-07-31T11:15:38.973+0000] {processor.py:183} INFO - Processing /home/airflow/.local/lib/python3.12/site-packages/airflow/example_dags/tutorial.py took 0.598 seconds
[2026-07-31T11:16:09.282+0000] {processor.py:161} INFO - Started process (PID=2166) to work on /home/airflow/.local/lib/python3.12/site-packages/airflow/example_dags/tutorial.py
[2026-07-31T11:16:09.286+0000] {processor.py:830} INFO - Processing file /home/airflow/.local/lib/python3.12/site-packages/airflow/example_dags/tutorial.py for tasks to queue
[2026-07-31T11:16:09.293+0000] {logging_mixin.py:188} INFO - [2026-07-31T11:16:09.292+0000] {dagbag.py:545} INFO - Filling up the DagBag from /home/airflow/.local/lib/python3.12/site-packages/airflow/example_dags/tutorial.py
[2026-07-31T11:16:09.308+0000] {processor.py:840} INFO - DAG(s) 'tutorial' retrieved from /home/airflow/.local/lib/python3.12/site-packages/airflow/example_dags/tutorial.py
[2026-07-31T11:16:09.352+0000] {logging_mixin.py:188} INFO - [2026-07-31T11:16:09.352+0000] {dag.py:3089} INFO - Sync 1 DAGs
[2026-07-31T11:16:09.401+0000] {logging_mixin.py:188} INFO - [2026-07-31T11:16:09.401+0000] {dag.py:3947} INFO - Setting next_dagrun for tutorial to 2026-07-30 00:00:00+00:00, run_after=2026-07-31 00:00:00+00:00
[2026-07-31T11:16:09.443+0000] {processor.py:183} INFO - Processing /home/airflow/.local/lib/python3.12/site-packages/airflow/example_dags/tutorial.py took 0.175 seconds
[2026-07-31T11:16:40.509+0000] {processor.py:161} INFO - Started process (PID=2224) to work on /home/airflow/.local/lib/python3.12/site-packages/airflow/example_dags/tutorial.py
[2026-07-31T11:16:40.511+0000] {processor.py:830} INFO - Processing file /home/airflow/.local/lib/python3.12/site-packages/airflow/example_dags/tutorial.py for tasks to queue
[2026-07-31T11:16:40.517+0000] {logging_mixin.py:188} INFO - [2026-07-31T11:16:40.516+0000] {dagbag.py:545} INFO - Filling up the DagBag from /home/airflow/.local/lib/python3.12/site-packages/airflow/example_dags/tutorial.py
[2026-07-31T11:16:40.544+0000] {processor.py:840} INFO - DAG(s) 'tutorial' retrieved from /home/airflow/.local/lib/python3.12/site-packages/airflow/example_dags/tutorial.py
[2026-07-31T11:16:40.673+0000] {logging_mixin.py:188} INFO - [2026-07-31T11:16:40.673+0000] {dag.py:3089} INFO - Sync 1 DAGs
[2026-07-31T11:16:40.822+0000] {logging_mixin.py:188} INFO - [2026-07-31T11:16:40.821+0000] {dag.py:3947} INFO - Setting next_dagrun for tutorial to 2026-07-30 00:00:00+00:00, run_after=2026-07-31 00:00:00+00:00
[2026-07-31T11:16:40.920+0000] {processor.py:183} INFO - Processing /home/airflow/.local/lib/python3.12/site-packages/airflow/example_dags/tutorial.py took 0.431 seconds
[2026-07-31T11:17:11.321+0000] {processor.py:161} INFO - Started process (PID=2284) to work on /home/airflow/.local/lib/python3.12/site-packages/airflow/example_dags/tutorial.py
[2026-07-31T11:17:11.327+0000] {processor.py:830} INFO - Processing file /home/airflow/.local/lib/python3.12/site-packages/airflow/example_dags/tutorial.py for tasks to queue
[2026-07-31T11:17:11.335+0000] {logging_mixin.py:188} INFO - [2026-07-31T11:17:11.334+0000] {dagbag.py:545} INFO - Filling up the DagBag from /home/airflow/.local/lib/python3.12/site-packages/airflow/example_dags/tutorial.py
[2026-07-31T11:17:11.360+0000] {processor.py:840} INFO - DAG(s) 'tutorial' retrieved from /home/airflow/.local/lib/python3.12/site-packages/airflow/example_dags/tutorial.py
[2026-07-31T11:17:11.434+0000] {logging_mixin.py:188} INFO - [2026-07-31T11:17:11.432+0000] {dag.py:3089} INFO - Sync 1 DAGs
[2026-07-31T11:17:11.496+0000] {logging_mixin.py:188} INFO - [2026-07-31T11:17:11.496+0000] {dag.py:3947} INFO - Setting next_dagrun for tutorial to 2026-07-30 00:00:00+00:00, run_after=2026-07-31 00:00:00+00:00
[2026-07-31T11:17:11.542+0000] {processor.py:183} INFO - Processing /home/airflow/.local/lib/python3.12/site-packages/airflow/example_dags/tutorial.py took 0.240 seconds
[2026-07-31T11:17:58.524+0000] {processor.py:161} INFO - Started process (PID=2351) to work on /home/airflow/.local/lib/python3.12/site-packages/airflow/example_dags/tutorial.py
[2026-07-31T11:17:58.531+0000] {processor.py:830} INFO - Processing file /home/airflow/.local/lib/python3.12/site-packages/airflow/example_dags/tutorial.py for tasks to queue
[2026-07-31T11:17:58.539+0000] {logging_mixin.py:188} INFO - [2026-07-31T11:17:58.538+0000] {dagbag.py:545} INFO - Filling up the DagBag from /home/airflow/.local/lib/python3.12/site-packages/airflow/example_dags/tutorial.py
[2026-07-31T11:17:58.582+0000] {processor.py:840} INFO - DAG(s) 'tutorial' retrieved from /home/airflow/.local/lib/python3.12/site-packages/airflow/example_dags/tutorial.py
[2026-07-31T11:17:58.689+0000] {logging_mixin.py:188} INFO - [2026-07-31T11:17:58.688+0000] {dag.py:3089} INFO - Sync 1 DAGs
[2026-07-31T11:17:58.824+0000] {logging_mixin.py:188} INFO - [2026-07-31T11:17:58.823+0000] {dag.py:3947} INFO - Setting next_dagrun for tutorial to 2026-07-30 00:00:00+00:00, run_after=2026-07-31 00:00:00+00:00
[2026-07-31T11:17:58.969+0000] {processor.py:183} INFO - Processing /home/airflow/.local/lib/python3.12/site-packages/airflow/example_dags/tutorial.py took 0.477 seconds
[2026-07-31T11:18:29.670+0000] {processor.py:161} INFO - Started process (PID=2409) to work on /home/airflow/.local/lib/python3.12/site-packages/airflow/example_dags/tutorial.py
[2026-07-31T11:18:29.673+0000] {processor.py:830} INFO - Processing file /home/airflow/.local/lib/python3.12/site-packages/airflow/example_dags/tutorial.py for tasks to queue
[2026-07-31T11:18:29.679+0000] {logging_mixin.py:188} INFO - [2026-07-31T11:18:29.678+0000] {dagbag.py:545} INFO - Filling up the DagBag from /home/airflow/.local/lib/python3.12/site-packages/airflow/example_dags/tutorial.py
[2026-07-31T11:18:29.703+0000] {processor.py:840} INFO - DAG(s) 'tutorial' retrieved from /home/airflow/.local/lib/python3.12/site-packages/airflow/example_dags/tutorial.py
[2026-07-31T11:18:29.761+0000] {logging_mixin.py:188} INFO - [2026-07-31T11:18:29.760+0000] {dag.py:3089} INFO - Sync 1 DAGs
[2026-07-31T11:18:29.828+0000] {logging_mixin.py:188} INFO - [2026-07-31T11:18:29.827+0000] {dag.py:3947} INFO - Setting next_dagrun for tutorial to 2026-07-30 00:00:00+00:00, run_after=2026-07-31 00:00:00+00:00
[2026-07-31T11:18:29.893+0000] {processor.py:183} INFO - Processing /home/airflow/.local/lib/python3.12/site-packages/airflow/example_dags/tutorial.py took 0.241 seconds
[2026-07-31T11:19:00.780+0000] {processor.py:161} INFO - Started process (PID=2467) to work on /home/airflow/.local/lib/python3.12/site-packages/airflow/example_dags/tutorial.py
[2026-07-31T11:19:00.788+0000] {processor.py:830} INFO - Processing file /home/airflow/.local/lib/python3.12/site-packages/airflow/example_dags/tutorial.py for tasks to queue
[2026-07-31T11:19:00.804+0000] {logging_mixin.py:188} INFO - [2026-07-31T11:19:00.802+0000] {dagbag.py:545} INFO - Filling up the DagBag from /home/airflow/.local/lib/python3.12/site-packages/airflow/example_dags/tutorial.py
[2026-07-31T11:19:00.837+0000] {processor.py:840} INFO - DAG(s) 'tutorial' retrieved from /home/airflow/.local/lib/python3.12/site-packages/airflow/example_dags/tutorial.py
[2026-07-31T11:19:00.947+0000] {logging_mixin.py:188} INFO - [2026-07-31T11:19:00.946+0000] {dag.py:3089} INFO - Sync 1 DAGs
[2026-07-31T11:19:01.095+0000] {logging_mixin.py:188} INFO - [2026-07-31T11:19:01.094+0000] {dag.py:3947} INFO - Setting next_dagrun for tutorial to 2026-07-30 00:00:00+00:00, run_after=2026-07-31 00:00:00+00:00
[2026-07-31T11:19:01.268+0000] {processor.py:183} INFO - Processing /home/airflow/.local/lib/python3.12/site-packages/airflow/example_dags/tutorial.py took 0.515 seconds
[2026-07-31T11:19:31.952+0000] {processor.py:161} INFO - Started process (PID=2525) to work on /home/airflow/.local/lib/python3.12/site-packages/airflow/example_dags/tutorial.py
[2026-07-31T11:19:31.968+0000] {processor.py:830} INFO - Processing file /home/airflow/.local/lib/python3.12/site-packages/airflow/example_dags/tutorial.py for tasks to queue
[2026-07-31T11:19:31.977+0000] {logging_mixin.py:188} INFO - [2026-07-31T11:19:31.976+0000] {dagbag.py:545} INFO - Filling up the DagBag from /home/airflow/.local/lib/python3.12/site-packages/airflow/example_dags/tutorial.py
[2026-07-31T11:19:32.003+0000] {processor.py:840} INFO - DAG(s) 'tutorial' retrieved from /home/airflow/.local/lib/python3.12/site-packages/airflow/example_dags/tutorial.py
[2026-07-31T11:19:32.080+0000] {logging_mixin.py:188} INFO - [2026-07-31T11:19:32.079+0000] {dag.py:3089} INFO - Sync 1 DAGs
[2026-07-31T11:19:32.159+0000] {logging_mixin.py:188} INFO - [2026-07-31T11:19:32.158+0000] {dag.py:3947} INFO - Setting next_dagrun for tutorial to 2026-07-30 00:00:00+00:00, run_after=2026-07-31 00:00:00+00:00
[2026-07-31T11:19:32.231+0000] {processor.py:183} INFO - Processing /home/airflow/.local/lib/python3.12/site-packages/airflow/example_dags/tutorial.py took 0.324 seconds
[2026-07-31T11:20:09.639+0000] {processor.py:161} INFO - Started process (PID=2587) to work on /home/airflow/.local/lib/python3.12/site-packages/airflow/example_dags/tutorial.py
[2026-07-31T11:20:09.648+0000] {processor.py:830} INFO - Processing file /home/airflow/.local/lib/python3.12/site-packages/airflow/example_dags/tutorial.py for tasks to queue
[2026-07-31T11:20:09.683+0000] {logging_mixin.py:188} INFO - [2026-07-31T11:20:09.682+0000] {dagbag.py:545} INFO - Filling up the DagBag from /home/airflow/.local/lib/python3.12/site-packages/airflow/example_dags/tutorial.py
[2026-07-31T11:20:09.729+0000] {processor.py:840} INFO - DAG(s) 'tutorial' retrieved from /home/airflow/.local/lib/python3.12/site-packages/airflow/example_dags/tutorial.py
[2026-07-31T11:20:09.849+0000] {logging_mixin.py:188} INFO - [2026-07-31T11:20:09.848+0000] {dag.py:3089} INFO - Sync 1 DAGs
[2026-07-31T11:20:09.985+0000] {logging_mixin.py:188} INFO - [2026-07-31T11:20:09.984+0000] {dag.py:3947} INFO - Setting next_dagrun for tutorial to 2026-07-30 00:00:00+00:00, run_after=2026-07-31 00:00:00+00:00
[2026-07-31T11:20:10.089+0000] {processor.py:183} INFO - Processing /home/airflow/.local/lib/python3.12/site-packages/airflow/example_dags/tutorial.py took 0.489 seconds
[2026-07-31T11:20:47.466+0000] {processor.py:161} INFO - Started process (PID=2646) to work on /home/airflow/.local/lib/python3.12/site-packages/airflow/example_dags/tutorial.py
[2026-07-31T11:20:47.472+0000] {processor.py:830} INFO - Processing file /home/airflow/.local/lib/python3.12/site-packages/airflow/example_dags/tutorial.py for tasks to queue
[2026-07-31T11:20:47.479+0000] {logging_mixin.py:188} INFO - [2026-07-31T11:20:47.477+0000] {dagbag.py:545} INFO - Filling up the DagBag from /home/airflow/.local/lib/python3.12/site-packages/airflow/example_dags/tutorial.py
[2026-07-31T11:20:47.512+0000] {processor.py:840} INFO - DAG(s) 'tutorial' retrieved from /home/airflow/.local/lib/python3.12/site-packages/airflow/example_dags/tutorial.py
[2026-07-31T11:20:47.611+0000] {logging_mixin.py:188} INFO - [2026-07-31T11:20:47.610+0000] {dag.py:3089} INFO - Sync 1 DAGs
[2026-07-31T11:20:47.729+0000] {logging_mixin.py:188} INFO - [2026-07-31T11:20:47.728+0000] {dag.py:3947} INFO - Setting next_dagrun for tutorial to 2026-07-30 00:00:00+00:00, run_after=2026-07-31 00:00:00+00:00
[2026-07-31T11:20:47.933+0000] {processor.py:183} INFO - Processing /home/airflow/.local/lib/python3.12/site-packages/airflow/example_dags/tutorial.py took 0.489 seconds
[2026-07-31T11:21:18.520+0000] {processor.py:161} INFO - Started process (PID=2702) to work on /home/airflow/.local/lib/python3.12/site-packages/airflow/example_dags/tutorial.py
[2026-07-31T11:21:18.524+0000] {processor.py:830} INFO - Processing file /home/airflow/.local/lib/python3.12/site-packages/airflow/example_dags/tutorial.py for tasks to queue
[2026-07-31T11:21:18.529+0000] {logging_mixin.py:188} INFO - [2026-07-31T11:21:18.528+0000] {dagbag.py:545} INFO - Filling up the DagBag from /home/airflow/.local/lib/python3.12/site-packages/airflow/example_dags/tutorial.py
[2026-07-31T11:21:18.548+0000] {processor.py:840} INFO - DAG(s) 'tutorial' retrieved from /home/airflow/.local/lib/python3.12/site-packages/airflow/example_dags/tutorial.py
[2026-07-31T11:21:18.592+0000] {logging_mixin.py:188} INFO - [2026-07-31T11:21:18.592+0000] {dag.py:3089} INFO - Sync 1 DAGs
[2026-07-31T11:21:18.648+0000] {logging_mixin.py:188} INFO - [2026-07-31T11:21:18.648+0000] {dag.py:3947} INFO - Setting next_dagrun for tutorial to 2026-07-30 00:00:00+00:00, run_after=2026-07-31 00:00:00+00:00
[2026-07-31T11:21:18.715+0000] {processor.py:183} INFO - Processing /home/airflow/.local/lib/python3.12/site-packages/airflow/example_dags/tutorial.py took 0.210 seconds
[2026-07-31T11:21:48.858+0000] {processor.py:161} INFO - Started process (PID=2761) to work on /home/airflow/.local/lib/python3.12/site-packages/airflow/example_dags/tutorial.py
[2026-07-31T11:21:48.861+0000] {processor.py:830} INFO - Processing file /home/airflow/.local/lib/python3.12/site-packages/airflow/example_dags/tutorial.py for tasks to queue
[2026-07-31T11:21:48.867+0000] {logging_mixin.py:188} INFO - [2026-07-31T11:21:48.866+0000] {dagbag.py:545} INFO - Filling up the DagBag from /home/airflow/.local/lib/python3.12/site-packages/airflow/example_dags/tutorial.py
[2026-07-31T11:21:48.880+0000] {processor.py:840} INFO - DAG(s) 'tutorial' retrieved from /home/airflow/.local/lib/python3.12/site-packages/airflow/example_dags/tutorial.py
[2026-07-31T11:21:48.937+0000] {logging_mixin.py:188} INFO - [2026-07-31T11:21:48.937+0000] {dag.py:3089} INFO - Sync 1 DAGs
[2026-07-31T11:21:49.008+0000] {logging_mixin.py:188} INFO - [2026-07-31T11:21:49.008+0000] {dag.py:3947} INFO - Setting next_dagrun for tutorial to 2026-07-30 00:00:00+00:00, run_after=2026-07-31 00:00:00+00:00
[2026-07-31T11:21:49.070+0000] {processor.py:183} INFO - Processing /home/airflow/.local/lib/python3.12/site-packages/airflow/example_dags/tutorial.py took 0.225 seconds
[2026-07-31T11:22:19.526+0000] {processor.py:161} INFO - Started process (PID=2819) to work on /home/airflow/.local/lib/python3.12/site-packages/airflow/example_dags/tutorial.py
[2026-07-31T11:22:19.528+0000] {processor.py:830} INFO - Processing file /home/airflow/.local/lib/python3.12/site-packages/airflow/example_dags/tutorial.py for tasks to queue
[2026-07-31T11:22:19.533+0000] {logging_mixin.py:188} INFO - [2026-07-31T11:22:19.533+0000] {dagbag.py:545} INFO - Filling up the DagBag from /home/airflow/.local/lib/python3.12/site-packages/airflow/example_dags/tutorial.py
[2026-07-31T11:22:19.547+0000] {processor.py:840} INFO - DAG(s) 'tutorial' retrieved from /home/airflow/.local/lib/python3.12/site-packages/airflow/example_dags/tutorial.py
[2026-07-31T11:22:19.601+0000] {logging_mixin.py:188} INFO - [2026-07-31T11:22:19.600+0000] {dag.py:3089} INFO - Sync 1 DAGs
[2026-07-31T11:22:19.673+0000] {logging_mixin.py:188} INFO - [2026-07-31T11:22:19.673+0000] {dag.py:3947} INFO - Setting next_dagrun for tutorial to 2026-07-30 00:00:00+00:00, run_after=2026-07-31 00:00:00+00:00
[2026-07-31T11:22:19.720+0000] {processor.py:183} INFO - Processing /home/airflow/.local/lib/python3.12/site-packages/airflow/example_dags/tutorial.py took 0.206 seconds
[2026-07-31T11:23:15.464+0000] {processor.py:161} INFO - Started process (PID=2892) to work on /home/airflow/.local/lib/python3.12/site-packages/airflow/example_dags/tutorial.py
[2026-07-31T11:23:15.477+0000] {processor.py:830} INFO - Processing file /home/airflow/.local/lib/python3.12/site-packages/airflow/example_dags/tutorial.py for tasks to queue
[2026-07-31T11:23:15.525+0000] {logging_mixin.py:188} INFO - [2026-07-31T11:23:15.497+0000] {dagbag.py:545} INFO - Filling up the DagBag from /home/airflow/.local/lib/python3.12/site-packages/airflow/example_dags/tutorial.py
[2026-07-31T11:23:15.616+0000] {processor.py:840} INFO - DAG(s) 'tutorial' retrieved from /home/airflow/.local/lib/python3.12/site-packages/airflow/example_dags/tutorial.py
[2026-07-31T11:23:15.842+0000] {logging_mixin.py:188} INFO - [2026-07-31T11:23:15.838+0000] {dag.py:3089} INFO - Sync 1 DAGs
[2026-07-31T11:23:16.208+0000] {logging_mixin.py:188} INFO - [2026-07-31T11:23:16.207+0000] {dag.py:3947} INFO - Setting next_dagrun for tutorial to 2026-07-30 00:00:00+00:00, run_after=2026-07-31 00:00:00+00:00
[2026-07-31T11:23:17.233+0000] {processor.py:183} INFO - Processing /home/airflow/.local/lib/python3.12/site-packages/airflow/example_dags/tutorial.py took 1.871 seconds
[2026-07-31T11:25:15.294+0000] {processor.py:161} INFO - Started process (PID=2974) to work on /home/airflow/.local/lib/python3.12/site-packages/airflow/example_dags/tutorial.py
[2026-07-31T11:25:15.302+0000] {processor.py:830} INFO - Processing file /home/airflow/.local/lib/python3.12/site-packages/airflow/example_dags/tutorial.py for tasks to queue
[2026-07-31T11:25:15.318+0000] {logging_mixin.py:188} INFO - [2026-07-31T11:25:15.316+0000] {dagbag.py:545} INFO - Filling up the DagBag from /home/airflow/.local/lib/python3.12/site-packages/airflow/example_dags/tutorial.py
[2026-07-31T11:25:15.399+0000] {processor.py:840} INFO - DAG(s) 'tutorial' retrieved from /home/airflow/.local/lib/python3.12/site-packages/airflow/example_dags/tutorial.py
[2026-07-31T11:25:15.598+0000] {logging_mixin.py:188} INFO - [2026-07-31T11:25:15.597+0000] {dag.py:3089} INFO - Sync 1 DAGs
[2026-07-31T11:25:15.818+0000] {logging_mixin.py:188} INFO - [2026-07-31T11:25:15.817+0000] {dag.py:3947} INFO - Setting next_dagrun for tutorial to 2026-07-30 00:00:00+00:00, run_after=2026-07-31 00:00:00+00:00
[2026-07-31T11:25:15.951+0000] {processor.py:183} INFO - Processing /home/airflow/.local/lib/python3.12/site-packages/airflow/example_dags/tutorial.py took 0.720 seconds
[2026-07-31T11:26:40.646+0000] {processor.py:161} INFO - Started process (PID=3043) to work on /home/airflow/.local/lib/python3.12/site-packages/airflow/example_dags/tutorial.py
[2026-07-31T11:26:40.652+0000] {processor.py:830} INFO - Processing file /home/airflow/.local/lib/python3.12/site-packages/airflow/example_dags/tutorial.py for tasks to queue
[2026-07-31T11:26:40.684+0000] {logging_mixin.py:188} INFO - [2026-07-31T11:26:40.683+0000] {dagbag.py:545} INFO - Filling up the DagBag from /home/airflow/.local/lib/python3.12/site-packages/airflow/example_dags/tutorial.py
[2026-07-31T11:26:40.743+0000] {processor.py:840} INFO - DAG(s) 'tutorial' retrieved from /home/airflow/.local/lib/python3.12/site-packages/airflow/example_dags/tutorial.py
[2026-07-31T11:26:40.975+0000] {logging_mixin.py:188} INFO - [2026-07-31T11:26:40.973+0000] {dag.py:3089} INFO - Sync 1 DAGs
[2026-07-31T11:26:41.231+0000] {logging_mixin.py:188} INFO - [2026-07-31T11:26:41.230+0000] {dag.py:3947} INFO - Setting next_dagrun for tutorial to 2026-07-30 00:00:00+00:00, run_after=2026-07-31 00:00:00+00:00
[2026-07-31T11:26:41.379+0000] {processor.py:183} INFO - Processing /home/airflow/.local/lib/python3.12/site-packages/airflow/example_dags/tutorial.py took 0.856 seconds
[2026-07-31T11:27:11.578+0000] {processor.py:161} INFO - Started process (PID=3100) to work on /home/airflow/.local/lib/python3.12/site-packages/airflow/example_dags/tutorial.py
[2026-07-31T11:27:11.583+0000] {processor.py:830} INFO - Processing file /home/airflow/.local/lib/python3.12/site-packages/airflow/example_dags/tutorial.py for tasks to queue
[2026-07-31T11:27:11.589+0000] {logging_mixin.py:188} INFO - [2026-07-31T11:27:11.588+0000] {dagbag.py:545} INFO - Filling up the DagBag from /home/airflow/.local/lib/python3.12/site-packages/airflow/example_dags/tutorial.py
[2026-07-31T11:27:11.607+0000] {processor.py:840} INFO - DAG(s) 'tutorial' retrieved from /home/airflow/.local/lib/python3.12/site-packages/airflow/example_dags/tutorial.py
[2026-07-31T11:27:11.682+0000] {logging_mixin.py:188} INFO - [2026-07-31T11:27:11.681+0000] {dag.py:3089} INFO - Sync 1 DAGs
[2026-07-31T11:27:11.754+0000] {logging_mixin.py:188} INFO - [2026-07-31T11:27:11.753+0000] {dag.py:3947} INFO - Setting next_dagrun for tutorial to 2026-07-30 00:00:00+00:00, run_after=2026-07-31 00:00:00+00:00
[2026-07-31T11:27:11.842+0000] {processor.py:183} INFO - Processing /home/airflow/.local/lib/python3.12/site-packages/airflow/example_dags/tutorial.py took 0.292 seconds
[2026-07-31T11:27:42.630+0000] {processor.py:161} INFO - Started process (PID=3159) to work on /home/airflow/.local/lib/python3.12/site-packages/airflow/example_dags/tutorial.py
[2026-07-31T11:27:42.633+0000] {processor.py:830} INFO - Processing file /home/airflow/.local/lib/python3.12/site-packages/airflow/example_dags/tutorial.py for tasks to queue
[2026-07-31T11:27:42.639+0000] {logging_mixin.py:188} INFO - [2026-07-31T11:27:42.638+0000] {dagbag.py:545} INFO - Filling up the DagBag from /home/airflow/.local/lib/python3.12/site-packages/airflow/example_dags/tutorial.py
[2026-07-31T11:27:42.655+0000] {processor.py:840} INFO - DAG(s) 'tutorial' retrieved from /home/airflow/.local/lib/python3.12/site-packages/airflow/example_dags/tutorial.py
[2026-07-31T11:27:42.718+0000] {logging_mixin.py:188} INFO - [2026-07-31T11:27:42.717+0000] {dag.py:3089} INFO - Sync 1 DAGs
[2026-07-31T11:27:42.789+0000] {logging_mixin.py:188} INFO - [2026-07-31T11:27:42.788+0000] {dag.py:3947} INFO - Setting next_dagrun for tutorial to 2026-07-30 00:00:00+00:00, run_after=2026-07-31 00:00:00+00:00
[2026-07-31T11:27:42.841+0000] {processor.py:183} INFO - Processing /home/airflow/.local/lib/python3.12/site-packages/airflow/example_dags/tutorial.py took 0.228 seconds
[2026-07-31T11:28:13.355+0000] {processor.py:161} INFO - Started process (PID=3217) to work on /home/airflow/.local/lib/python3.12/site-packages/airflow/example_dags/tutorial.py
[2026-07-31T11:28:13.358+0000] {processor.py:830} INFO - Processing file /home/airflow/.local/lib/python3.12/site-packages/airflow/example_dags/tutorial.py for tasks to queue
[2026-07-31T11:28:13.365+0000] {logging_mixin.py:188} INFO - [2026-07-31T11:28:13.364+0000] {dagbag.py:545} INFO - Filling up the DagBag from /home/airflow/.local/lib/python3.12/site-packages/airflow/example_dags/tutorial.py
[2026-07-31T11:28:13.383+0000] {processor.py:840} INFO - DAG(s) 'tutorial' retrieved from /home/airflow/.local/lib/python3.12/site-packages/airflow/example_dags/tutorial.py
[2026-07-31T11:28:13.459+0000] {logging_mixin.py:188} INFO - [2026-07-31T11:28:13.458+0000] {dag.py:3089} INFO - Sync 1 DAGs
[2026-07-31T11:28:13.544+0000] {logging_mixin.py:188} INFO - [2026-07-31T11:28:13.544+0000] {dag.py:3947} INFO - Setting next_dagrun for tutorial to 2026-07-30 00:00:00+00:00, run_after=2026-07-31 00:00:00+00:00
[2026-07-31T11:28:13.614+0000] {processor.py:183} INFO - Processing /home/airflow/.local/lib/python3.12/site-packages/airflow/example_dags/tutorial.py took 0.277 seconds
[2026-07-31T11:28:44.920+0000] {processor.py:161} INFO - Started process (PID=3275) to work on /home/airflow/.local/lib/python3.12/site-packages/airflow/example_dags/tutorial.py
[2026-07-31T11:28:44.926+0000] {processor.py:830} INFO - Processing file /home/airflow/.local/lib/python3.12/site-packages/airflow/example_dags/tutorial.py for tasks to queue
[2026-07-31T11:28:44.942+0000] {logging_mixin.py:188} INFO - [2026-07-31T11:28:44.931+0000] {dagbag.py:545} INFO - Filling up the DagBag from /home/airflow/.local/lib/python3.12/site-packages/airflow/example_dags/tutorial.py
[2026-07-31T11:28:44.978+0000] {processor.py:840} INFO - DAG(s) 'tutorial' retrieved from /home/airflow/.local/lib/python3.12/site-packages/airflow/example_dags/tutorial.py
[2026-07-31T11:28:45.078+0000] {logging_mixin.py:188} INFO - [2026-07-31T11:28:45.076+0000] {dag.py:3089} INFO - Sync 1 DAGs
[2026-07-31T11:28:45.205+0000] {logging_mixin.py:188} INFO - [2026-07-31T11:28:45.204+0000] {dag.py:3947} INFO - Setting next_dagrun for tutorial to 2026-07-30 00:00:00+00:00, run_after=2026-07-31 00:00:00+00:00
[2026-07-31T11:28:45.288+0000] {processor.py:183} INFO - Processing /home/airflow/.local/lib/python3.12/site-packages/airflow/example_dags/tutorial.py took 0.387 seconds
[2026-07-31T11:29:16.744+0000] {processor.py:161} INFO - Started process (PID=3330) to work on /home/airflow/.local/lib/python3.12/site-packages/airflow/example_dags/tutorial.py
[2026-07-31T11:29:16.760+0000] {processor.py:830} INFO - Processing file /home/airflow/.local/lib/python3.12/site-packages/airflow/example_dags/tutorial.py for tasks to queue
[2026-07-31T11:29:16.780+0000] {logging_mixin.py:188} INFO - [2026-07-31T11:29:16.778+0000] {dagbag.py:545} INFO - Filling up the DagBag from /home/airflow/.local/lib/python3.12/site-packages/airflow/example_dags/tutorial.py
[2026-07-31T11:29:16.841+0000] {processor.py:840} INFO - DAG(s) 'tutorial' retrieved from /home/airflow/.local/lib/python3.12/site-packages/airflow/example_dags/tutorial.py
[2026-07-31T11:29:17.048+0000] {logging_mixin.py:188} INFO - [2026-07-31T11:29:17.047+0000] {dag.py:3089} INFO - Sync 1 DAGs
[2026-07-31T11:29:17.379+0000] {logging_mixin.py:188} INFO - [2026-07-31T11:29:17.378+0000] {dag.py:3947} INFO - Setting next_dagrun for tutorial to 2026-07-30 00:00:00+00:00, run_after=2026-07-31 00:00:00+00:00
[2026-07-31T11:29:17.588+0000] {processor.py:183} INFO - Processing /home/airflow/.local/lib/python3.12/site-packages/airflow/example_dags/tutorial.py took 1.031 seconds
[2026-07-31T11:30:00.434+0000] {processor.py:161} INFO - Started process (PID=3377) to work on /home/airflow/.local/lib/python3.12/site-packages/airflow/example_dags/tutorial.py
[2026-07-31T11:30:00.456+0000] {processor.py:830} INFO - Processing file /home/airflow/.local/lib/python3.12/site-packages/airflow/example_dags/tutorial.py for tasks to queue
[2026-07-31T11:30:00.488+0000] {logging_mixin.py:188} INFO - [2026-07-31T11:30:00.478+0000] {dagbag.py:545} INFO - Filling up the DagBag from /home/airflow/.local/lib/python3.12/site-packages/airflow/example_dags/tutorial.py
[2026-07-31T11:30:00.586+0000] {processor.py:840} INFO - DAG(s) 'tutorial' retrieved from /home/airflow/.local/lib/python3.12/site-packages/airflow/example_dags/tutorial.py
[2026-07-31T11:30:00.842+0000] {logging_mixin.py:188} INFO - [2026-07-31T11:30:00.841+0000] {dag.py:3089} INFO - Sync 1 DAGs
[2026-07-31T11:30:01.177+0000] {logging_mixin.py:188} INFO - [2026-07-31T11:30:01.176+0000] {dag.py:3947} INFO - Setting next_dagrun for tutorial to 2026-07-30 00:00:00+00:00, run_after=2026-07-31 00:00:00+00:00
[2026-07-31T11:30:01.397+0000] {processor.py:183} INFO - Processing /home/airflow/.local/lib/python3.12/site-packages/airflow/example_dags/tutorial.py took 1.025 seconds
[2026-07-31T11:30:37.658+0000] {processor.py:161} INFO - Started process (PID=3433) to work on /home/airflow/.local/lib/python3.12/site-packages/airflow/example_dags/tutorial.py
[2026-07-31T11:30:37.662+0000] {processor.py:830} INFO - Processing file /home/airflow/.local/lib/python3.12/site-packages/airflow/example_dags/tutorial.py for tasks to queue
[2026-07-31T11:30:37.671+0000] {logging_mixin.py:188} INFO - [2026-07-31T11:30:37.670+0000] {dagbag.py:545} INFO - Filling up the DagBag from /home/airflow/.local/lib/python3.12/site-packages/airflow/example_dags/tutorial.py
[2026-07-31T11:30:37.699+0000] {processor.py:840} INFO - DAG(s) 'tutorial' retrieved from /home/airflow/.local/lib/python3.12/site-packages/airflow/example_dags/tutorial.py
[2026-07-31T11:30:37.805+0000] {logging_mixin.py:188} INFO - [2026-07-31T11:30:37.804+0000] {dag.py:3089} INFO - Sync 1 DAGs
[2026-07-31T11:30:37.928+0000] {logging_mixin.py:188} INFO - [2026-07-31T11:30:37.927+0000] {dag.py:3947} INFO - Setting next_dagrun for tutorial to 2026-07-30 00:00:00+00:00, run_after=2026-07-31 00:00:00+00:00
[2026-07-31T11:30:38.047+0000] {processor.py:183} INFO - Processing /home/airflow/.local/lib/python3.12/site-packages/airflow/example_dags/tutorial.py took 0.413 seconds
[2026-07-31T11:31:08.183+0000] {processor.py:161} INFO - Started process (PID=3491) to work on /home/airflow/.local/lib/python3.12/site-packages/airflow/example_dags/tutorial.py
[2026-07-31T11:31:08.186+0000] {processor.py:830} INFO - Processing file /home/airflow/.local/lib/python3.12/site-packages/airflow/example_dags/tutorial.py for tasks to queue
[2026-07-31T11:31:08.191+0000] {logging_mixin.py:188} INFO - [2026-07-31T11:31:08.191+0000] {dagbag.py:545} INFO - Filling up the DagBag from /home/airflow/.local/lib/python3.12/site-packages/airflow/example_dags/tutorial.py
[2026-07-31T11:31:08.210+0000] {processor.py:840} INFO - DAG(s) 'tutorial' retrieved from /home/airflow/.local/lib/python3.12/site-packages/airflow/example_dags/tutorial.py
[2026-07-31T11:31:08.264+0000] {logging_mixin.py:188} INFO - [2026-07-31T11:31:08.263+0000] {dag.py:3089} INFO - Sync 1 DAGs
[2026-07-31T11:31:08.340+0000] {logging_mixin.py:188} INFO - [2026-07-31T11:31:08.338+0000] {dag.py:3947} INFO - Setting next_dagrun for tutorial to 2026-07-30 00:00:00+00:00, run_after=2026-07-31 00:00:00+00:00
[2026-07-31T11:31:08.412+0000] {processor.py:183} INFO - Processing /home/airflow/.local/lib/python3.12/site-packages/airflow/example_dags/tutorial.py took 0.249 seconds
[2026-07-31T11:31:38.550+0000] {processor.py:161} INFO - Started process (PID=3549) to work on /home/airflow/.local/lib/python3.12/site-packages/airflow/example_dags/tutorial.py
[2026-07-31T11:31:38.553+0000] {processor.py:830} INFO - Processing file /home/airflow/.local/lib/python3.12/site-packages/airflow/example_dags/tutorial.py for tasks to queue
[2026-07-31T11:31:38.565+0000] {logging_mixin.py:188} INFO - [2026-07-31T11:31:38.562+0000] {dagbag.py:545} INFO - Filling up the DagBag from /home/airflow/.local/lib/python3.12/site-packages/airflow/example_dags/tutorial.py
[2026-07-31T11:31:38.586+0000] {processor.py:840} INFO - DAG(s) 'tutorial' retrieved from /home/airflow/.local/lib/python3.12/site-packages/airflow/example_dags/tutorial.py
[2026-07-31T11:31:38.655+0000] {logging_mixin.py:188} INFO - [2026-07-31T11:31:38.654+0000] {dag.py:3089} INFO - Sync 1 DAGs
[2026-07-31T11:31:38.753+0000] {logging_mixin.py:188} INFO - [2026-07-31T11:31:38.752+0000] {dag.py:3947} INFO - Setting next_dagrun for tutorial to 2026-07-30 00:00:00+00:00, run_after=2026-07-31 00:00:00+00:00
[2026-07-31T11:31:38.822+0000] {processor.py:183} INFO - Processing /home/airflow/.local/lib/python3.12/site-packages/airflow/example_dags/tutorial.py took 0.292 seconds
[2026-07-31T11:32:09.791+0000] {processor.py:161} INFO - Started process (PID=3606) to work on /home/airflow/.local/lib/python3.12/site-packages/airflow/example_dags/tutorial.py
[2026-07-31T11:32:09.794+0000] {processor.py:830} INFO - Processing file /home/airflow/.local/lib/python3.12/site-packages/airflow/example_dags/tutorial.py for tasks to queue
[2026-07-31T11:32:09.799+0000] {logging_mixin.py:188} INFO - [2026-07-31T11:32:09.798+0000] {dagbag.py:545} INFO - Filling up the DagBag from /home/airflow/.local/lib/python3.12/site-packages/airflow/example_dags/tutorial.py
[2026-07-31T11:32:09.821+0000] {processor.py:840} INFO - DAG(s) 'tutorial' retrieved from /home/airflow/.local/lib/python3.12/site-packages/airflow/example_dags/tutorial.py
[2026-07-31T11:32:09.897+0000] {logging_mixin.py:188} INFO - [2026-07-31T11:32:09.897+0000] {dag.py:3089} INFO - Sync 1 DAGs
[2026-07-31T11:32:09.974+0000] {logging_mixin.py:188} INFO - [2026-07-31T11:32:09.973+0000] {dag.py:3947} INFO - Setting next_dagrun for tutorial to 2026-07-30 00:00:00+00:00, run_after=2026-07-31 00:00:00+00:00
[2026-07-31T11:32:10.036+0000] {processor.py:183} INFO - Processing /home/airflow/.local/lib/python3.12/site-packages/airflow/example_dags/tutorial.py took 0.266 seconds
[2026-07-31T11:32:48.839+0000] {processor.py:161} INFO - Started process (PID=3672) to work on /home/airflow/.local/lib/python3.12/site-packages/airflow/example_dags/tutorial.py
[2026-07-31T11:32:48.893+0000] {processor.py:830} INFO - Processing file /home/airflow/.local/lib/python3.12/site-packages/airflow/example_dags/tutorial.py for tasks to queue
[2026-07-31T11:32:48.937+0000] {logging_mixin.py:188} INFO - [2026-07-31T11:32:48.935+0000] {dagbag.py:545} INFO - Filling up the DagBag from /home/airflow/.local/lib/python3.12/site-packages/airflow/example_dags/tutorial.py
[2026-07-31T11:32:49.084+0000] {processor.py:840} INFO - DAG(s) 'tutorial' retrieved from /home/airflow/.local/lib/python3.12/site-packages/airflow/example_dags/tutorial.py
[2026-07-31T11:32:49.525+0000] {logging_mixin.py:188} INFO - [2026-07-31T11:32:49.524+0000] {dag.py:3089} INFO - Sync 1 DAGs
[2026-07-31T11:32:50.009+0000] {logging_mixin.py:188} INFO - [2026-07-31T11:32:50.008+0000] {dag.py:3947} INFO - Setting next_dagrun for tutorial to 2026-07-30 00:00:00+00:00, run_after=2026-07-31 00:00:00+00:00
[2026-07-31T11:32:50.490+0000] {processor.py:183} INFO - Processing /home/airflow/.local/lib/python3.12/site-packages/airflow/example_dags/tutorial.py took 1.792 seconds
[2026-07-31T11:34:12.813+0000] {processor.py:161} INFO - Started process (PID=3731) to work on /home/airflow/.local/lib/python3.12/site-packages/airflow/example_dags/tutorial.py
[2026-07-31T11:34:12.824+0000] {processor.py:830} INFO - Processing file /home/airflow/.local/lib/python3.12/site-packages/airflow/example_dags/tutorial.py for tasks to queue
[2026-07-31T11:34:12.842+0000] {logging_mixin.py:188} INFO - [2026-07-31T11:34:12.832+0000] {dagbag.py:545} INFO - Filling up the DagBag from /home/airflow/.local/lib/python3.12/site-packages/airflow/example_dags/tutorial.py
[2026-07-31T11:34:12.923+0000] {processor.py:840} INFO - DAG(s) 'tutorial' retrieved from /home/airflow/.local/lib/python3.12/site-packages/airflow/example_dags/tutorial.py
[2026-07-31T11:34:13.092+0000] {logging_mixin.py:188} INFO - [2026-07-31T11:34:13.091+0000] {dag.py:3089} INFO - Sync 1 DAGs
[2026-07-31T11:34:13.485+0000] {logging_mixin.py:188} INFO - [2026-07-31T11:34:13.484+0000] {dag.py:3947} INFO - Setting next_dagrun for tutorial to 2026-07-30 00:00:00+00:00, run_after=2026-07-31 00:00:00+00:00
[2026-07-31T11:34:13.705+0000] {processor.py:183} INFO - Processing /home/airflow/.local/lib/python3.12/site-packages/airflow/example_dags/tutorial.py took 0.938 seconds
[2026-07-31T11:34:44.421+0000] {processor.py:161} INFO - Started process (PID=3790) to work on /home/airflow/.local/lib/python3.12/site-packages/airflow/example_dags/tutorial.py
[2026-07-31T11:34:44.424+0000] {processor.py:830} INFO - Processing file /home/airflow/.local/lib/python3.12/site-packages/airflow/example_dags/tutorial.py for tasks to queue
[2026-07-31T11:34:44.429+0000] {logging_mixin.py:188} INFO - [2026-07-31T11:34:44.428+0000] {dagbag.py:545} INFO - Filling up the DagBag from /home/airflow/.local/lib/python3.12/site-packages/airflow/example_dags/tutorial.py
[2026-07-31T11:34:44.447+0000] {processor.py:840} INFO - DAG(s) 'tutorial' retrieved from /home/airflow/.local/lib/python3.12/site-packages/airflow/example_dags/tutorial.py
[2026-07-31T11:34:44.533+0000] {logging_mixin.py:188} INFO - [2026-07-31T11:34:44.533+0000] {dag.py:3089} INFO - Sync 1 DAGs
[2026-07-31T11:34:44.640+0000] {logging_mixin.py:188} INFO - [2026-07-31T11:34:44.635+0000] {dag.py:3947} INFO - Setting next_dagrun for tutorial to 2026-07-30 00:00:00+00:00, run_after=2026-07-31 00:00:00+00:00
[2026-07-31T11:34:44.811+0000] {processor.py:183} INFO - Processing /home/airflow/.local/lib/python3.12/site-packages/airflow/example_dags/tutorial.py took 0.408 seconds
[2026-07-31T11:35:15.222+0000] {processor.py:161} INFO - Started process (PID=3848) to work on /home/airflow/.local/lib/python3.12/site-packages/airflow/example_dags/tutorial.py
[2026-07-31T11:35:15.226+0000] {processor.py:830} INFO - Processing file /home/airflow/.local/lib/python3.12/site-packages/airflow/example_dags/tutorial.py for tasks to queue
[2026-07-31T11:35:15.231+0000] {logging_mixin.py:188} INFO - [2026-07-31T11:35:15.230+0000] {dagbag.py:545} INFO - Filling up the DagBag from /home/airflow/.local/lib/python3.12/site-packages/airflow/example_dags/tutorial.py
[2026-07-31T11:35:15.250+0000] {processor.py:840} INFO - DAG(s) 'tutorial' retrieved from /home/airflow/.local/lib/python3.12/site-packages/airflow/example_dags/tutorial.py
[2026-07-31T11:35:15.298+0000] {logging_mixin.py:188} INFO - [2026-07-31T11:35:15.298+0000] {dag.py:3089} INFO - Sync 1 DAGs
[2026-07-31T11:35:15.335+0000] {logging_mixin.py:188} INFO - [2026-07-31T11:35:15.335+0000] {dag.py:3947} INFO - Setting next_dagrun for tutorial to 2026-07-30 00:00:00+00:00, run_after=2026-07-31 00:00:00+00:00
[2026-07-31T11:35:15.383+0000] {processor.py:183} INFO - Processing /home/airflow/.local/lib/python3.12/site-packages/airflow/example_dags/tutorial.py took 0.177 seconds
[2026-07-31T11:35:45.730+0000] {processor.py:161} INFO - Started process (PID=3907) to work on /home/airflow/.local/lib/python3.12/site-packages/airflow/example_dags/tutorial.py
[2026-07-31T11:35:45.734+0000] {processor.py:830} INFO - Processing file /home/airflow/.local/lib/python3.12/site-packages/airflow/example_dags/tutorial.py for tasks to queue
[2026-07-31T11:35:45.739+0000] {logging_mixin.py:188} INFO - [2026-07-31T11:35:45.738+0000] {dagbag.py:545} INFO - Filling up the DagBag from /home/airflow/.local/lib/python3.12/site-packages/airflow/example_dags/tutorial.py
[2026-07-31T11:35:45.757+0000] {processor.py:840} INFO - DAG(s) 'tutorial' retrieved from /home/airflow/.local/lib/python3.12/site-packages/airflow/example_dags/tutorial.py
[2026-07-31T11:35:45.799+0000] {logging_mixin.py:188} INFO - [2026-07-31T11:35:45.799+0000] {dag.py:3089} INFO - Sync 1 DAGs
[2026-07-31T11:35:45.843+0000] {logging_mixin.py:188} INFO - [2026-07-31T11:35:45.842+0000] {dag.py:3947} INFO - Setting next_dagrun for tutorial to 2026-07-30 00:00:00+00:00, run_after=2026-07-31 00:00:00+00:00
[2026-07-31T11:35:45.888+0000] {processor.py:183} INFO - Processing /home/airflow/.local/lib/python3.12/site-packages/airflow/example_dags/tutorial.py took 0.176 seconds
[2026-07-31T11:36:16.233+0000] {processor.py:161} INFO - Started process (PID=3965) to work on /home/airflow/.local/lib/python3.12/site-packages/airflow/example_dags/tutorial.py
[2026-07-31T11:36:16.235+0000] {processor.py:830} INFO - Processing file /home/airflow/.local/lib/python3.12/site-packages/airflow/example_dags/tutorial.py for tasks to queue
[2026-07-31T11:36:16.239+0000] {logging_mixin.py:188} INFO - [2026-07-31T11:36:16.238+0000] {dagbag.py:545} INFO - Filling up the DagBag from /home/airflow/.local/lib/python3.12/site-packages/airflow/example_dags/tutorial.py
[2026-07-31T11:36:16.250+0000] {processor.py:840} INFO - DAG(s) 'tutorial' retrieved from /home/airflow/.local/lib/python3.12/site-packages/airflow/example_dags/tutorial.py
[2026-07-31T11:36:16.293+0000] {logging_mixin.py:188} INFO - [2026-07-31T11:36:16.293+0000] {dag.py:3089} INFO - Sync 1 DAGs
[2026-07-31T11:36:16.329+0000] {logging_mixin.py:188} INFO - [2026-07-31T11:36:16.329+0000] {dag.py:3947} INFO - Setting next_dagrun for tutorial to 2026-07-30 00:00:00+00:00, run_after=2026-07-31 00:00:00+00:00
[2026-07-31T11:36:16.361+0000] {processor.py:183} INFO - Processing /home/airflow/.local/lib/python3.12/site-packages/airflow/example_dags/tutorial.py took 0.140 seconds
[2026-07-31T11:36:46.615+0000] {processor.py:161} INFO - Started process (PID=4024) to work on /home/airflow/.local/lib/python3.12/site-packages/airflow/example_dags/tutorial.py
[2026-07-31T11:36:46.618+0000] {processor.py:830} INFO - Processing file /home/airflow/.local/lib/python3.12/site-packages/airflow/example_dags/tutorial.py for tasks to queue
[2026-07-31T11:36:46.632+0000] {logging_mixin.py:188} INFO - [2026-07-31T11:36:46.624+0000] {dagbag.py:545} INFO - Filling up the DagBag from /home/airflow/.local/lib/python3.12/site-packages/airflow/example_dags/tutorial.py
[2026-07-31T11:36:46.656+0000] {processor.py:840} INFO - DAG(s) 'tutorial' retrieved from /home/airflow/.local/lib/python3.12/site-packages/airflow/example_dags/tutorial.py
[2026-07-31T11:36:46.728+0000] {logging_mixin.py:188} INFO - [2026-07-31T11:36:46.727+0000] {dag.py:3089} INFO - Sync 1 DAGs
[2026-07-31T11:36:46.805+0000] {logging_mixin.py:188} INFO - [2026-07-31T11:36:46.804+0000] {dag.py:3947} INFO - Setting next_dagrun for tutorial to 2026-07-30 00:00:00+00:00, run_after=2026-07-31 00:00:00+00:00
[2026-07-31T11:36:46.896+0000] {processor.py:183} INFO - Processing /home/airflow/.local/lib/python3.12/site-packages/airflow/example_dags/tutorial.py took 0.309 seconds
[2026-07-31T11:37:17.317+0000] {processor.py:161} INFO - Started process (PID=4082) to work on /home/airflow/.local/lib/python3.12/site-packages/airflow/example_dags/tutorial.py
[2026-07-31T11:37:17.319+0000] {processor.py:830} INFO - Processing file /home/airflow/.local/lib/python3.12/site-packages/airflow/example_dags/tutorial.py for tasks to queue
[2026-07-31T11:37:17.323+0000] {logging_mixin.py:188} INFO - [2026-07-31T11:37:17.322+0000] {dagbag.py:545} INFO - Filling up the DagBag from /home/airflow/.local/lib/python3.12/site-packages/airflow/example_dags/tutorial.py
[2026-07-31T11:37:17.337+0000] {processor.py:840} INFO - DAG(s) 'tutorial' retrieved from /home/airflow/.local/lib/python3.12/site-packages/airflow/example_dags/tutorial.py
[2026-07-31T11:37:17.382+0000] {logging_mixin.py:188} INFO - [2026-07-31T11:37:17.382+0000] {dag.py:3089} INFO - Sync 1 DAGs
[2026-07-31T11:37:17.449+0000] {logging_mixin.py:188} INFO - [2026-07-31T11:37:17.449+0000] {dag.py:3947} INFO - Setting next_dagrun for tutorial to 2026-07-30 00:00:00+00:00, run_after=2026-07-31 00:00:00+00:00
[2026-07-31T11:37:17.493+0000] {processor.py:183} INFO - Processing /home/airflow/.local/lib/python3.12/site-packages/airflow/example_dags/tutorial.py took 0.187 seconds
[2026-07-31T11:37:48.740+0000] {processor.py:161} INFO - Started process (PID=4140) to work on /home/airflow/.local/lib/python3.12/site-packages/airflow/example_dags/tutorial.py
[2026-07-31T11:37:48.742+0000] {processor.py:830} INFO - Processing file /home/airflow/.local/lib/python3.12/site-packages/airflow/example_dags/tutorial.py for tasks to queue
[2026-07-31T11:37:48.747+0000] {logging_mixin.py:188} INFO - [2026-07-31T11:37:48.746+0000] {dagbag.py:545} INFO - Filling up the DagBag from /home/airflow/.local/lib/python3.12/site-packages/airflow/example_dags/tutorial.py
[2026-07-31T11:37:48.764+0000] {processor.py:840} INFO - DAG(s) 'tutorial' retrieved from /home/airflow/.local/lib/python3.12/site-packages/airflow/example_dags/tutorial.py
[2026-07-31T11:37:48.815+0000] {logging_mixin.py:188} INFO - [2026-07-31T11:37:48.814+0000] {dag.py:3089} INFO - Sync 1 DAGs
[2026-07-31T11:37:48.877+0000] {logging_mixin.py:188} INFO - [2026-07-31T11:37:48.876+0000] {dag.py:3947} INFO - Setting next_dagrun for tutorial to 2026-07-30 00:00:00+00:00, run_after=2026-07-31 00:00:00+00:00
[2026-07-31T11:37:48.924+0000] {processor.py:183} INFO - Processing /home/airflow/.local/lib/python3.12/site-packages/airflow/example_dags/tutorial.py took 0.198 seconds
[2026-07-31T11:38:22.662+0000] {processor.py:161} INFO - Started process (PID=4198) to work on /home/airflow/.local/lib/python3.12/site-packages/airflow/example_dags/tutorial.py
[2026-07-31T11:38:22.666+0000] {processor.py:830} INFO - Processing file /home/airflow/.local/lib/python3.12/site-packages/airflow/example_dags/tutorial.py for tasks to queue
[2026-07-31T11:38:22.673+0000] {logging_mixin.py:188} INFO - [2026-07-31T11:38:22.672+0000] {dagbag.py:545} INFO - Filling up the DagBag from /home/airflow/.local/lib/python3.12/site-packages/airflow/example_dags/tutorial.py
[2026-07-31T11:38:22.705+0000] {processor.py:840} INFO - DAG(s) 'tutorial' retrieved from /home/airflow/.local/lib/python3.12/site-packages/airflow/example_dags/tutorial.py
[2026-07-31T11:38:22.782+0000] {logging_mixin.py:188} INFO - [2026-07-31T11:38:22.781+0000] {dag.py:3089} INFO - Sync 1 DAGs
[2026-07-31T11:38:22.918+0000] {logging_mixin.py:188} INFO - [2026-07-31T11:38:22.917+0000] {dag.py:3947} INFO - Setting next_dagrun for tutorial to 2026-07-30 00:00:00+00:00, run_after=2026-07-31 00:00:00+00:00
[2026-07-31T11:38:23.043+0000] {processor.py:183} INFO - Processing /home/airflow/.local/lib/python3.12/site-packages/airflow/example_dags/tutorial.py took 0.415 seconds
[2026-07-31T11:38:53.376+0000] {processor.py:161} INFO - Started process (PID=4256) to work on /home/airflow/.local/lib/python3.12/site-packages/airflow/example_dags/tutorial.py
[2026-07-31T11:38:53.378+0000] {processor.py:830} INFO - Processing file /home/airflow/.local/lib/python3.12/site-packages/airflow/example_dags/tutorial.py for tasks to queue
[2026-07-31T11:38:53.381+0000] {logging_mixin.py:188} INFO - [2026-07-31T11:38:53.381+0000] {dagbag.py:545} INFO - Filling up the DagBag from /home/airflow/.local/lib/python3.12/site-packages/airflow/example_dags/tutorial.py
[2026-07-31T11:38:53.391+0000] {processor.py:840} INFO - DAG(s) 'tutorial' retrieved from /home/airflow/.local/lib/python3.12/site-packages/airflow/example_dags/tutorial.py
[2026-07-31T11:38:53.422+0000] {logging_mixin.py:188} INFO - [2026-07-31T11:38:53.421+0000] {dag.py:3089} INFO - Sync 1 DAGs
[2026-07-31T11:38:53.463+0000] {logging_mixin.py:188} INFO - [2026-07-31T11:38:53.463+0000] {dag.py:3947} INFO - Setting next_dagrun for tutorial to 2026-07-30 00:00:00+00:00, run_after=2026-07-31 00:00:00+00:00
[2026-07-31T11:38:53.506+0000] {processor.py:183} INFO - Processing /home/airflow/.local/lib/python3.12/site-packages/airflow/example_dags/tutorial.py took 0.139 seconds
[2026-07-31T11:39:23.979+0000] {processor.py:161} INFO - Started process (PID=4314) to work on /home/airflow/.local/lib/python3.12/site-packages/airflow/example_dags/tutorial.py
[2026-07-31T11:39:23.981+0000] {processor.py:830} INFO - Processing file /home/airflow/.local/lib/python3.12/site-packages/airflow/example_dags/tutorial.py for tasks to queue
[2026-07-31T11:39:23.989+0000] {logging_mixin.py:188} INFO - [2026-07-31T11:39:23.988+0000] {dagbag.py:545} INFO - Filling up the DagBag from /home/airflow/.local/lib/python3.12/site-packages/airflow/example_dags/tutorial.py
[2026-07-31T11:39:24.001+0000] {processor.py:840} INFO - DAG(s) 'tutorial' retrieved from /home/airflow/.local/lib/python3.12/site-packages/airflow/example_dags/tutorial.py
[2026-07-31T11:39:24.036+0000] {logging_mixin.py:188} INFO - [2026-07-31T11:39:24.036+0000] {dag.py:3089} INFO - Sync 1 DAGs
[2026-07-31T11:39:24.076+0000] {logging_mixin.py:188} INFO - [2026-07-31T11:39:24.075+0000] {dag.py:3947} INFO - Setting next_dagrun for tutorial to 2026-07-30 00:00:00+00:00, run_after=2026-07-31 00:00:00+00:00
[2026-07-31T11:39:24.109+0000] {processor.py:183} INFO - Processing /home/airflow/.local/lib/python3.12/site-packages/airflow/example_dags/tutorial.py took 0.141 seconds
[2026-07-31T11:39:55.558+0000] {processor.py:161} INFO - Started process (PID=4372) to work on /home/airflow/.local/lib/python3.12/site-packages/airflow/example_dags/tutorial.py
[2026-07-31T11:39:55.560+0000] {processor.py:830} INFO - Processing file /home/airflow/.local/lib/python3.12/site-packages/airflow/example_dags/tutorial.py for tasks to queue
[2026-07-31T11:39:55.565+0000] {logging_mixin.py:188} INFO - [2026-07-31T11:39:55.565+0000] {dagbag.py:545} INFO - Filling up the DagBag from /home/airflow/.local/lib/python3.12/site-packages/airflow/example_dags/tutorial.py
[2026-07-31T11:39:55.573+0000] {processor.py:840} INFO - DAG(s) 'tutorial' retrieved from /home/airflow/.local/lib/python3.12/site-packages/airflow/example_dags/tutorial.py
[2026-07-31T11:39:55.622+0000] {logging_mixin.py:188} INFO - [2026-07-31T11:39:55.621+0000] {dag.py:3089} INFO - Sync 1 DAGs
[2026-07-31T11:39:55.696+0000] {logging_mixin.py:188} INFO - [2026-07-31T11:39:55.695+0000] {dag.py:3947} INFO - Setting next_dagrun for tutorial to 2026-07-30 00:00:00+00:00, run_after=2026-07-31 00:00:00+00:00
[2026-07-31T11:39:55.762+0000] {processor.py:183} INFO - Processing /home/airflow/.local/lib/python3.12/site-packages/airflow/example_dags/tutorial.py took 0.211 seconds
[2026-07-31T11:40:26.735+0000] {processor.py:161} INFO - Started process (PID=4425) to work on /home/airflow/.local/lib/python3.12/site-packages/airflow/example_dags/tutorial.py
[2026-07-31T11:40:26.741+0000] {processor.py:830} INFO - Processing file /home/airflow/.local/lib/python3.12/site-packages/airflow/example_dags/tutorial.py for tasks to queue
[2026-07-31T11:40:26.749+0000] {logging_mixin.py:188} INFO - [2026-07-31T11:40:26.748+0000] {dagbag.py:545} INFO - Filling up the DagBag from /home/airflow/.local/lib/python3.12/site-packages/airflow/example_dags/tutorial.py
[2026-07-31T11:40:26.778+0000] {processor.py:840} INFO - DAG(s) 'tutorial' retrieved from /home/airflow/.local/lib/python3.12/site-packages/airflow/example_dags/tutorial.py
[2026-07-31T11:40:26.844+0000] {logging_mixin.py:188} INFO - [2026-07-31T11:40:26.843+0000] {dag.py:3089} INFO - Sync 1 DAGs
[2026-07-31T11:40:26.900+0000] {logging_mixin.py:188} INFO - [2026-07-31T11:40:26.899+0000] {dag.py:3947} INFO - Setting next_dagrun for tutorial to 2026-07-30 00:00:00+00:00, run_after=2026-07-31 00:00:00+00:00
[2026-07-31T11:40:26.949+0000] {processor.py:183} INFO - Processing /home/airflow/.local/lib/python3.12/site-packages/airflow/example_dags/tutorial.py took 0.232 seconds
[2026-07-31T11:40:57.609+0000] {processor.py:161} INFO - Started process (PID=4483) to work on /home/airflow/.local/lib/python3.12/site-packages/airflow/example_dags/tutorial.py
[2026-07-31T11:40:57.612+0000] {processor.py:830} INFO - Processing file /home/airflow/.local/lib/python3.12/site-packages/airflow/example_dags/tutorial.py for tasks to queue
[2026-07-31T11:40:57.616+0000] {logging_mixin.py:188} INFO - [2026-07-31T11:40:57.616+0000] {dagbag.py:545} INFO - Filling up the DagBag from /home/airflow/.local/lib/python3.12/site-packages/airflow/example_dags/tutorial.py
[2026-07-31T11:40:57.638+0000] {processor.py:840} INFO - DAG(s) 'tutorial' retrieved from /home/airflow/.local/lib/python3.12/site-packages/airflow/example_dags/tutorial.py
[2026-07-31T11:40:57.684+0000] {logging_mixin.py:188} INFO - [2026-07-31T11:40:57.683+0000] {dag.py:3089} INFO - Sync 1 DAGs
[2026-07-31T11:40:57.735+0000] {logging_mixin.py:188} INFO - [2026-07-31T11:40:57.735+0000] {dag.py:3947} INFO - Setting next_dagrun for tutorial to 2026-07-30 00:00:00+00:00, run_after=2026-07-31 00:00:00+00:00
[2026-07-31T11:40:57.803+0000] {processor.py:183} INFO - Processing /home/airflow/.local/lib/python3.12/site-packages/airflow/example_dags/tutorial.py took 0.207 seconds
[2026-07-31T11:41:28.024+0000] {processor.py:161} INFO - Started process (PID=4542) to work on /home/airflow/.local/lib/python3.12/site-packages/airflow/example_dags/tutorial.py
[2026-07-31T11:41:28.027+0000] {processor.py:830} INFO - Processing file /home/airflow/.local/lib/python3.12/site-packages/airflow/example_dags/tutorial.py for tasks to queue
[2026-07-31T11:41:28.031+0000] {logging_mixin.py:188} INFO - [2026-07-31T11:41:28.030+0000] {dagbag.py:545} INFO - Filling up the DagBag from /home/airflow/.local/lib/python3.12/site-packages/airflow/example_dags/tutorial.py
[2026-07-31T11:41:28.046+0000] {processor.py:840} INFO - DAG(s) 'tutorial' retrieved from /home/airflow/.local/lib/python3.12/site-packages/airflow/example_dags/tutorial.py
[2026-07-31T11:41:28.075+0000] {logging_mixin.py:188} INFO - [2026-07-31T11:41:28.075+0000] {dag.py:3089} INFO - Sync 1 DAGs
[2026-07-31T11:41:28.107+0000] {logging_mixin.py:188} INFO - [2026-07-31T11:41:28.107+0000] {dag.py:3947} INFO - Setting next_dagrun for tutorial to 2026-07-30 00:00:00+00:00, run_after=2026-07-31 00:00:00+00:00
[2026-07-31T11:41:28.141+0000] {processor.py:183} INFO - Processing /home/airflow/.local/lib/python3.12/site-packages/airflow/example_dags/tutorial.py took 0.131 seconds
